Archive member included to satisfy reference by file (symbol)

c:/st/stm32cubeide_1.10.1/stm32cubeide/plugins/com.st.stm32cube.ide.mcu.externaltools.gnu-tools-for-stm32.10.3-2021.10.win32_1.0.0.202111181127/tools/bin/../lib/gcc/arm-none-eabi/10.3.1/../../../../arm-none-eabi/lib/thumb/v7e-m+dp/hard\libc_nano.a(lib_a-errno.o)
                              ./Core/Src/syscalls.o (__errno)
c:/st/stm32cubeide_1.10.1/stm32cubeide/plugins/com.st.stm32cube.ide.mcu.externaltools.gnu-tools-for-stm32.10.3-2021.10.win32_1.0.0.202111181127/tools/bin/../lib/gcc/arm-none-eabi/10.3.1/../../../../arm-none-eabi/lib/thumb/v7e-m+dp/hard\libc_nano.a(lib_a-exit.o)
                              c:/st/stm32cubeide_1.10.1/stm32cubeide/plugins/com.st.stm32cube.ide.mcu.externaltools.gnu-tools-for-stm32.10.3-2021.10.win32_1.0.0.202111181127/tools/bin/../lib/gcc/arm-none-eabi/10.3.1/../../../../arm-none-eabi/lib/thumb/v7e-m+dp/hard/crt0.o (exit)
c:/st/stm32cubeide_1.10.1/stm32cubeide/plugins/com.st.stm32cube.ide.mcu.externaltools.gnu-tools-for-stm32.10.3-2021.10.win32_1.0.0.202111181127/tools/bin/../lib/gcc/arm-none-eabi/10.3.1/../../../../arm-none-eabi/lib/thumb/v7e-m+dp/hard\libc_nano.a(lib_a-impure.o)
                              c:/st/stm32cubeide_1.10.1/stm32cubeide/plugins/com.st.stm32cube.ide.mcu.externaltools.gnu-tools-for-stm32.10.3-2021.10.win32_1.0.0.202111181127/tools/bin/../lib/gcc/arm-none-eabi/10.3.1/../../../../arm-none-eabi/lib/thumb/v7e-m+dp/hard\libc_nano.a(lib_a-exit.o) (_global_impure_ptr)
c:/st/stm32cubeide_1.10.1/stm32cubeide/plugins/com.st.stm32cube.ide.mcu.externaltools.gnu-tools-for-stm32.10.3-2021.10.win32_1.0.0.202111181127/tools/bin/../lib/gcc/arm-none-eabi/10.3.1/../../../../arm-none-eabi/lib/thumb/v7e-m+dp/hard\libc_nano.a(lib_a-init.o)
                              c:/st/stm32cubeide_1.10.1/stm32cubeide/plugins/com.st.stm32cube.ide.mcu.externaltools.gnu-tools-for-stm32.10.3-2021.10.win32_1.0.0.202111181127/tools/bin/../lib/gcc/arm-none-eabi/10.3.1/../../../../arm-none-eabi/lib/thumb/v7e-m+dp/hard/crt0.o (__libc_init_array)
c:/st/stm32cubeide_1.10.1/stm32cubeide/plugins/com.st.stm32cube.ide.mcu.externaltools.gnu-tools-for-stm32.10.3-2021.10.win32_1.0.0.202111181127/tools/bin/../lib/gcc/arm-none-eabi/10.3.1/../../../../arm-none-eabi/lib/thumb/v7e-m+dp/hard\libc_nano.a(lib_a-memset.o)
                              c:/st/stm32cubeide_1.10.1/stm32cubeide/plugins/com.st.stm32cube.ide.mcu.externaltools.gnu-tools-for-stm32.10.3-2021.10.win32_1.0.0.202111181127/tools/bin/../lib/gcc/arm-none-eabi/10.3.1/../../../../arm-none-eabi/lib/thumb/v7e-m+dp/hard/crt0.o (memset)
c:/st/stm32cubeide_1.10.1/stm32cubeide/plugins/com.st.stm32cube.ide.mcu.externaltools.gnu-tools-for-stm32.10.3-2021.10.win32_1.0.0.202111181127/tools/bin/../lib/gcc/arm-none-eabi/10.3.1/../../../../arm-none-eabi/lib/thumb/v7e-m+dp/hard\libc_nano.a(lib_a-printf.o)
                              ./Middlewares/ST/STM32_USB_Device_Library/Core/Src/usbd_core.o (printf)
c:/st/stm32cubeide_1.10.1/stm32cubeide/plugins/com.st.stm32cube.ide.mcu.externaltools.gnu-tools-for-stm32.10.3-2021.10.win32_1.0.0.202111181127/tools/bin/../lib/gcc/arm-none-eabi/10.3.1/../../../../arm-none-eabi/lib/thumb/v7e-m+dp/hard\libc_nano.a(lib_a-putchar.o)
                              ./Middlewares/ST/STM32_USB_Device_Library/Core/Src/usbd_core.o (putchar)
c:/st/stm32cubeide_1.10.1/stm32cubeide/plugins/com.st.stm32cube.ide.mcu.externaltools.gnu-tools-for-stm32.10.3-2021.10.win32_1.0.0.202111181127/tools/bin/../lib/gcc/arm-none-eabi/10.3.1/../../../../arm-none-eabi/lib/thumb/v7e-m+dp/hard\libc_nano.a(lib_a-findfp.o)
                              c:/st/stm32cubeide_1.10.1/stm32cubeide/plugins/com.st.stm32cube.ide.mcu.externaltools.gnu-tools-for-stm32.10.3-2021.10.win32_1.0.0.202111181127/tools/bin/../lib/gcc/arm-none-eabi/10.3.1/../../../../arm-none-eabi/lib/thumb/v7e-m+dp/hard\libc_nano.a(lib_a-printf.o) (__sinit)
c:/st/stm32cubeide_1.10.1/stm32cubeide/plugins/com.st.stm32cube.ide.mcu.externaltools.gnu-tools-for-stm32.10.3-2021.10.win32_1.0.0.202111181127/tools/bin/../lib/gcc/arm-none-eabi/10.3.1/../../../../arm-none-eabi/lib/thumb/v7e-m+dp/hard\libc_nano.a(lib_a-fwalk.o)
                              c:/st/stm32cubeide_1.10.1/stm32cubeide/plugins/com.st.stm32cube.ide.mcu.externaltools.gnu-tools-for-stm32.10.3-2021.10.win32_1.0.0.202111181127/tools/bin/../lib/gcc/arm-none-eabi/10.3.1/../../../../arm-none-eabi/lib/thumb/v7e-m+dp/hard\libc_nano.a(lib_a-findfp.o) (_fwalk)
c:/st/stm32cubeide_1.10.1/stm32cubeide/plugins/com.st.stm32cube.ide.mcu.externaltools.gnu-tools-for-stm32.10.3-2021.10.win32_1.0.0.202111181127/tools/bin/../lib/gcc/arm-none-eabi/10.3.1/../../../../arm-none-eabi/lib/thumb/v7e-m+dp/hard\libc_nano.a(lib_a-lock.o)
[...]
Memory Configuration

Name             Origin             Length             Attributes
ITCMRAM          0x0000000000000000 0x0000000000010000 xrw
DTCMRAM          0x0000000020000000 0x0000000000020000 xrw
FLASH            0x0000000008000000 0x0000000000100000 xr
RAM_D1           0x0000000024000000 0x0000000000050000 xrw
RAM_D2           0x0000000030000000 0x0000000000008000 xrw
RAM_D3           0x0000000038000000 0x0000000000004000 xrw
*default*        0x0000000000000000 0xffffffffffffffff

Linker script and memory map

LOAD c:/st/stm32cubeide_1.10.1/stm32cubeide/plugins/com.st.stm32cube.ide.mcu.externaltools.gnu-tools-for-stm32.10.3-2021.10.win32_1.0.0.202111181127/tools/bin/../lib/gcc/arm-none-eabi/10.3.1/thumb/v7e-m+dp/hard/crti.o
LOAD c:/st/stm32cubeide_1.10.1/stm32cubeide/plugins/com.st.stm32cube.ide.mcu.externaltools.gnu-tools-for-stm32.10.3-2021.10.win32_1.0.0.202111181127/tools/bin/../lib/gcc/arm-none-eabi/10.3.1/thumb/v7e-m+dp/hard/crtbegin.o
LOAD c:/st/stm32cubeide_1.10.1/stm32cubeide/plugins/com.st.stm32cube.ide.mcu.externaltools.gnu-tools-for-stm32.10.3-2021.10.win32_1.0.0.202111181127/tools/bin/../lib/gcc/arm-none-eabi/10.3.1/../../../../arm-none-eabi/lib/thumb/v7e-m+dp/hard/crt0.o
LOAD ./Core/Src/main.o
LOAD ./Core/Src/stm32h7xx_hal_msp.o
LOAD ./Core/Src/stm32h7xx_it.o
LOAD ./Core/Src/syscalls.o
LOAD ./Core/Src/sysmem.o
LOAD ./Core/Src/system_stm32h7xx.o
LOAD ./Core/Startup/startup_stm32h723zgtx.o
LOAD ./Drivers/STM32H7xx_HAL_Driver/Src/stm32h7xx_hal.o
LOAD ./Drivers/STM32H7xx_HAL_Driver/Src/stm32h7xx_hal_cortex.o
LOAD ./Drivers/STM32H7xx_HAL_Driver/Src/stm32h7xx_hal_dma.o
LOAD ./Drivers/STM32H7xx_HAL_Driver/Src/stm32h7xx_hal_dma_ex.o
LOAD ./Drivers/STM32H7xx_HAL_Driver/Src/stm32h7xx_hal_exti.o
LOAD ./Drivers/STM32H7xx_HAL_Driver/Src/stm32h7xx_hal_flash.o
LOAD ./Drivers/STM32H7xx_HAL_Driver/Src/stm32h7xx_hal_flash_ex.o
LOAD ./Drivers/STM32H7xx_HAL_Driver/Src/stm32h7xx_hal_gpio.o
LOAD ./Drivers/STM32H7xx_HAL_Driver/Src/stm32h7xx_hal_hsem.o
LOAD ./Drivers/STM32H7xx_HAL_Driver/Src/stm32h7xx_hal_i2c.o
LOAD ./Drivers/STM32H7xx_HAL_Driver/Src/stm32h7xx_hal_i2c_ex.o
LOAD ./Drivers/STM32H7xx_HAL_Driver/Src/stm32h7xx_hal_mdma.o
LOAD ./Drivers/STM32H7xx_HAL_Driver/Src/stm32h7xx_hal_pcd.o
LOAD ./Drivers/STM32H7xx_HAL_Driver/Src/stm32h7xx_hal_pcd_ex.o
LOAD ./Drivers/STM32H7xx_HAL_Driver/Src/stm32h7xx_hal_pwr.o
LOAD ./Drivers/STM32H7xx_HAL_Driver/Src/stm32h7xx_hal_pwr_ex.o
LOAD ./Drivers/STM32H7xx_HAL_Driver/Src/stm32h7xx_hal_rcc.o
LOAD ./Drivers/STM32H7xx_HAL_Driver/Src/stm32h7xx_hal_rcc_ex.o
LOAD ./Drivers/STM32H7xx_HAL_Driver/Src/stm32h7xx_hal_tim.o
LOAD ./Drivers/STM32H7xx_HAL_Driver/Src/stm32h7xx_hal_tim_ex.o
LOAD ./Drivers/STM32H7xx_HAL_Driver/Src/stm32h7xx_ll_usb.o
LOAD ./Middlewares/ST/STM32_USB_Device_Library/Class/AUDIO/Src/usbd_audio.o
LOAD ./Middlewares/ST/STM32_USB_Device_Library/Core/Src/usbd_core.o
LOAD ./Middlewares/ST/STM32_USB_Device_Library/Core/Src/usbd_ctlreq.o
LOAD ./Middlewares/ST/STM32_USB_Device_Library/Core/Src/usbd_ioreq.o
LOAD ./USB_DEVICE/App/usb_device.o
LOAD ./USB_DEVICE/App/usbd_audio_if.o
LOAD ./USB_DEVICE/App/usbd_desc.o
LOAD ./USB_DEVICE/Target/usbd_conf.o
START GROUP
LOAD c:/st/stm32cubeide_1.10.1/stm32cubeide/plugins/com.st.stm32cube.ide.mcu.externaltools.gnu-tools-for-stm32.10.3-2021.10.win32_1.0.0.202111181127/tools/bin/../lib/gcc/arm-none-eabi/10.3.1/../../../../arm-none-eabi/lib/thumb/v7e-m+dp/hard\libc_nano.a
LOAD c:/st/stm32cubeide_1.10.1/stm32cubeide/plugins/com.st.stm32cube.ide.mcu.externaltools.gnu-tools-for-stm32.10.3-2021.10.win32_1.0.0.202111181127/tools/bin/../lib/gcc/arm-none-eabi/10.3.1/../../../../arm-none-eabi/lib/thumb/v7e-m+dp/hard\libm.a
END GROUP
START GROUP
LOAD c:/st/stm32cubeide_1.10.1/stm32cubeide/plugins/com.st.stm32cube.ide.mcu.externaltools.gnu-tools-for-stm32.10.3-2021.10.win32_1.0.0.202111181127/tools/bin/../lib/gcc/arm-none-eabi/10.3.1/thumb/v7e-m+dp/hard\libgcc.a
LOAD c:/st/stm32cubeide_1.10.1/stm32cubeide/plugins/com.st.stm32cube.ide.mcu.externaltools.gnu-tools-for-stm32.10.3-2021.10.win32_1.0.0.202111181127/tools/bin/../lib/gcc/arm-none-eabi/10.3.1/../../../../arm-none-eabi/lib/thumb/v7e-m+dp/hard\libc_nano.a
END GROUP
START GROUP
LOAD c:/st/stm32cubeide_1.10.1/stm32cubeide/plugins/com.st.stm32cube.ide.mcu.externaltools.gnu-tools-for-stm32.10.3-2021.10.win32_1.0.0.202111181127/tools/bin/../lib/gcc/arm-none-eabi/10.3.1/thumb/v7e-m+dp/hard\libgcc.a
LOAD c:/st/stm32cubeide_1.10.1/stm32cubeide/plugins/com.st.stm32cube.ide.mcu.externaltools.gnu-tools-for-stm32.10.3-2021.10.win32_1.0.0.202111181127/tools/bin/../lib/gcc/arm-none-eabi/10.3.1/../../../../arm-none-eabi/lib/thumb/v7e-m+dp/hard\libc_nano.a
LOAD c:/st/stm32cubeide_1.10.1/stm32cubeide/plugins/com.st.stm32cube.ide.mcu.externaltools.gnu-tools-for-stm32.10.3-2021.10.win32_1.0.0.202111181127/tools/bin/../lib/gcc/arm-none-eabi/10.3.1/../../../../arm-none-eabi/lib/thumb/v7e-m+dp/hard\libnosys.a
END GROUP
START GROUP
LOAD c:/st/stm32cubeide_1.10.1/stm32cubeide/plugins/com.st.stm32cube.ide.mcu.externaltools.gnu-tools-for-stm32.10.3-2021.10.win32_1.0.0.202111181127/tools/bin/../lib/gcc/arm-none-eabi/10.3.1/thumb/v7e-m+dp/hard\libgcc.a
LOAD c:/st/stm32cubeide_1.10.1/stm32cubeide/plugins/com.st.stm32cube.ide.mcu.externaltools.gnu-tools-for-stm32.10.3-2021.10.win32_1.0.0.202111181127/tools/bin/../lib/gcc/arm-none-eabi/10.3.1/../../../../arm-none-eabi/lib/thumb/v7e-m+dp/hard\libc_nano.a
LOAD c:/st/stm32cubeide_1.10.1/stm32cubeide/plugins/com.st.stm32cube.ide.mcu.externaltools.gnu-tools-for-stm32.10.3-2021.10.win32_1.0.0.202111181127/tools/bin/../lib/gcc/arm-none-eabi/10.3.1/../../../../arm-none-eabi/lib/thumb/v7e-m+dp/hard\libnosys.a
END GROUP
LOAD c:/st/stm32cubeide_1.10.1/stm32cubeide/plugins/com.st.stm32cube.ide.mcu.externaltools.gnu-tools-for-stm32.10.3-2021.10.win32_1.0.0.202111181127/tools/bin/../lib/gcc/arm-none-eabi/10.3.1/thumb/v7e-m+dp/hard/crtend.o
LOAD c:/st/stm32cubeide_1.10.1/stm32cubeide/plugins/com.st.stm32cube.ide.mcu.externaltools.gnu-tools-for-stm32.10.3-2021.10.win32_1.0.0.202111181127/tools/bin/../lib/gcc/arm-none-eabi/10.3.1/thumb/v7e-m+dp/hard/crtn.o
                0x0000000024050000                _estack = (ORIGIN (RAM_D1) + LENGTH (RAM_D1))
                0x0000000000000200                _Min_Heap_Size = 0x200
                0x0000000000000400                _Min_Stack_Size = 0x400

.isr_vector     0x0000000008000000      0x2cc
                0x0000000008000000                . = ALIGN (0x4)
 *(.isr_vector)
 .isr_vector    0x0000000008000000      0x2cc ./Core/Startup/startup_stm32h723zgtx.o
                0x0000000008000000                g_pfnVectors
                0x00000000080002cc                . = ALIGN (0x4)

.text           0x00000000080002d0     0x9460
                0x00000000080002d0                . = ALIGN (0x4)
 *(.text)
 .text          0x00000000080002d0       0x40 c:/st/stm32cubeide_1.10.1/stm32cubeide/plugins/com.st.stm32cube.ide.mcu.externaltools.gnu-tools-for-stm32.10.3-2021.10.win32_1.0.0.202111181127/tools/bin/../lib/gcc/arm-none-eabi/10.3.1/thumb/v7e-m+dp/hard/crtbegin.o
 .text          0x0000000008000310       0xa0 c:/st/stm32cubeide_1.10.1/stm32cubeide/plugins/com.st.stm32cube.ide.mcu.externaltools.gnu-tools-for-stm32.10.3-2021.10.win32_1.0.0.202111181127/tools/bin/../lib/gcc/arm-none-eabi/10.3.1/../../../../arm-none-eabi/lib/thumb/v7e-m+dp/hard\libc_nano.a(lib_a-memchr.o)
                0x0000000008000310                memchr
 *(.text*)
 .text.main     0x00000000080003b0       0x9c ./Core/Src/main.o
                0x00000000080003b0                main
 .text.SystemClock_Config
                0x000000000800044c       0xe4 ./Core/Src/main.o
                0x000000000800044c                SystemClock_Config
 .text.MX_GPIO_Init
                0x0000000008000530      0x248 ./Core/Src/main.o
 .text.Error_Handler
                0x0000000008000778        0xa ./Core/Src/main.o
                0x0000000008000778                Error_Handler
 *fill*         0x0000000008000782        0x2 
 .text.HAL_MspInit
                0x0000000008000784       0x34 ./Core/Src/stm32h7xx_hal_msp.o
                0x0000000008000784                HAL_MspInit
 .text.NMI_Handler
                0x00000000080007b8        0x6 ./Core/Src/stm32h7xx_it.o
                0x00000000080007b8                NMI_Handler
 .text.HardFault_Handler
                0x00000000080007be        0x6 ./Core/Src/stm32h7xx_it.o
                0x00000000080007be                HardFault_Handler
 .text.MemManage_Handler
                0x00000000080007c4        0x6 ./Core/Src/stm32h7xx_it.o
                0x00000000080007c4                MemManage_Handler
 .text.BusFault_Handler
                0x00000000080007ca        0x6 ./Core/Src/stm32h7xx_it.o
                0x00000000080007ca                BusFault_Handler
 .text.UsageFault_Handler
                0x00000000080007d0        0x6 ./Core/Src/stm32h7xx_it.o
                0x00000000080007d0                UsageFault_Handler
 .text.SVC_Handler
                0x00000000080007d6        0xe ./Core/Src/stm32h7xx_it.o
                0x00000000080007d6                SVC_Handler
 .text.DebugMon_Handler
                0x00000000080007e4        0xe ./Core/Src/stm32h7xx_it.o
                0x00000000080007e4                DebugMon_Handler
 .text.PendSV_Handler
                0x00000000080007f2        0xe ./Core/Src/stm32h7xx_it.o
                0x00000000080007f2                PendSV_Handler
 .text.SysTick_Handler
                0x0000000008000800        0xc ./Core/Src/stm32h7xx_it.o
                0x0000000008000800                SysTick_Handler
 .text.OTG_HS_IRQHandler
                0x000000000800080c       0x14 ./Core/Src/stm32h7xx_it.o
                0x000000000800080c                OTG_HS_IRQHandler
 .text._read    0x0000000008000820       0x3a ./Core/Src/syscalls.o
                0x0000000008000820                _read
 .text._write   0x000000000800085a       0x38 ./Core/Src/syscalls.o
                0x000000000800085a                _write
 .text._close   0x0000000008000892       0x18 ./Core/Src/syscalls.o
                0x0000000008000892                _close
 .text._fstat   0x00000000080008aa       0x20 ./Core/Src/syscalls.o
                0x00000000080008aa                _fstat
 .text._isatty  0x00000000080008ca       0x16 ./Core/Src/syscalls.o
                0x00000000080008ca                _isatty
 .text._lseek   0x00000000080008e0       0x1a ./Core/Src/syscalls.o
                0x00000000080008e0                _lseek
 *fill*         0x00000000080008fa        0x2 
 .text._sbrk    0x00000000080008fc       0x6c ./Core/Src/sysmem.o
                0x00000000080008fc                _sbrk
 .text.SystemInit
                0x0000000008000968       0xf0 ./Core/Src/system_stm32h7xx.o
                0x0000000008000968                SystemInit
 .text.Reset_Handler
                0x0000000008000a58       0x50 ./Core/Startup/startup_stm32h723zgtx.o
                0x0000000008000a58                Reset_Handler
 .text.Default_Handler
                0x0000000008000aa8        0x2 ./Core/Startup/startup_stm32h723zgtx.o
                0x0000000008000aa8                RTC_Alarm_IRQHandler
                0x0000000008000aa8                EXTI2_IRQHandler
                0x0000000008000aa8                TIM8_CC_IRQHandler
                0x0000000008000aa8                UART8_IRQHandler
                0x0000000008000aa8                SPI4_IRQHandler
                0x0000000008000aa8                FDCAN3_IT0_IRQHandler
                0x0000000008000aa8                TIM1_CC_IRQHandler
                0x0000000008000aa8                BDMA_Channel6_IRQHandler
                0x0000000008000aa8                DMA2_Stream5_IRQHandler
                0x0000000008000aa8                DMA1_Stream5_IRQHandler
                0x0000000008000aa8                CORDIC_IRQHandler
                0x0000000008000aa8                BDMA_Channel1_IRQHandler
                0x0000000008000aa8                TAMP_STAMP_IRQHandler
                0x0000000008000aa8                EXTI3_IRQHandler
                0x0000000008000aa8                LPTIM4_IRQHandler
                0x0000000008000aa8                TIM8_TRG_COM_TIM14_IRQHandler
                0x0000000008000aa8                LPTIM2_IRQHandler
                0x0000000008000aa8                DFSDM1_FLT1_IRQHandler
                0x0000000008000aa8                DMAMUX2_OVR_IRQHandler
                0x0000000008000aa8                TIM8_UP_TIM13_IRQHandler
                0x0000000008000aa8                I2C3_ER_IRQHandler
                0x0000000008000aa8                DFSDM1_FLT2_IRQHandler
                0x0000000008000aa8                I2C5_EV_IRQHandler
                0x0000000008000aa8                USART10_IRQHandler
                0x0000000008000aa8                MDMA_IRQHandler
                0x0000000008000aa8                LPTIM3_IRQHandler
                0x0000000008000aa8                HSEM1_IRQHandler
                0x0000000008000aa8                EXTI0_IRQHandler
                0x0000000008000aa8                I2C2_EV_IRQHandler
                0x0000000008000aa8                DMA1_Stream2_IRQHandler
                0x0000000008000aa8                FPU_IRQHandler
                0x0000000008000aa8                OTG_HS_WKUP_IRQHandler
                0x0000000008000aa8                FDCAN1_IT1_IRQHandler
                0x0000000008000aa8                LTDC_ER_IRQHandler
                0x0000000008000aa8                DMA2_Stream2_IRQHandler
                0x0000000008000aa8                SPI1_IRQHandler
                0x0000000008000aa8                OCTOSPI1_IRQHandler
                0x0000000008000aa8                TIM6_DAC_IRQHandler
                0x0000000008000aa8                DMA2_Stream3_IRQHandler
                0x0000000008000aa8                OCTOSPI2_IRQHandler
                0x0000000008000aa8                DFSDM1_FLT3_IRQHandler
                0x0000000008000aa8                TIM23_IRQHandler
                0x0000000008000aa8                USART6_IRQHandler
                0x0000000008000aa8                TIM17_IRQHandler
                0x0000000008000aa8                USART3_IRQHandler
                0x0000000008000aa8                BDMA_Channel7_IRQHandler
                0x0000000008000aa8                LPTIM5_IRQHandler
                0x0000000008000aa8                UART5_IRQHandler
                0x0000000008000aa8                ADC3_IRQHandler
                0x0000000008000aa8                DMA2_Stream0_IRQHandler
                0x0000000008000aa8                TIM4_IRQHandler
                0x0000000008000aa8                BDMA_Channel2_IRQHandler
                0x0000000008000aa8                I2C1_EV_IRQHandler
                0x0000000008000aa8                DMA1_Stream6_IRQHandler
                0x0000000008000aa8                DMAMUX1_OVR_IRQHandler
                0x0000000008000aa8                DMA1_Stream1_IRQHandler
                0x0000000008000aa8                TIM16_IRQHandler
                0x0000000008000aa8                UART4_IRQHandler
                0x0000000008000aa8                BDMA_Channel5_IRQHandler
                0x0000000008000aa8                TIM3_IRQHandler
                0x0000000008000aa8                RCC_IRQHandler
                0x0000000008000aa8                UART9_IRQHandler
                0x0000000008000aa8                TIM8_BRK_TIM12_IRQHandler
                0x0000000008000aa8                TIM1_TRG_COM_IRQHandler
                0x0000000008000aa8                Default_Handler
                0x0000000008000aa8                ECC_IRQHandler
                0x0000000008000aa8                FMAC_IRQHandler
                0x0000000008000aa8                CEC_IRQHandler
                0x0000000008000aa8                EXTI15_10_IRQHandler
                0x0000000008000aa8                BDMA_Channel0_IRQHandler
                0x0000000008000aa8                ADC_IRQHandler
                0x0000000008000aa8                I2C5_ER_IRQHandler
                0x0000000008000aa8                DMA1_Stream7_IRQHandler
                0x0000000008000aa8                SPI5_IRQHandler
                0x0000000008000aa8                TIM7_IRQHandler
                0x0000000008000aa8                FDCAN3_IT1_IRQHandler
                0x0000000008000aa8                SDMMC1_IRQHandler
                0x0000000008000aa8                TIM5_IRQHandler
                0x0000000008000aa8                DMA2_Stream7_IRQHandler
                0x0000000008000aa8                TIM15_IRQHandler
                0x0000000008000aa8                PVD_AVD_IRQHandler
                0x0000000008000aa8                I2C3_EV_IRQHandler
                0x0000000008000aa8                EXTI9_5_IRQHandler
                0x0000000008000aa8                RTC_WKUP_IRQHandler
                0x0000000008000aa8                LTDC_IRQHandler
                0x0000000008000aa8                ETH_WKUP_IRQHandler
                0x0000000008000aa8                SPDIF_RX_IRQHandler
                0x0000000008000aa8                SPI2_IRQHandler
                0x0000000008000aa8                OTG_HS_EP1_IN_IRQHandler
                0x0000000008000aa8                DMA1_Stream0_IRQHandler
                0x0000000008000aa8                TIM24_IRQHandler
                0x0000000008000aa8                CRS_IRQHandler
                0x0000000008000aa8                EXTI4_IRQHandler
                0x0000000008000aa8                RNG_IRQHandler
                0x0000000008000aa8                FDCAN2_IT1_IRQHandler
                0x0000000008000aa8                ETH_IRQHandler
                0x0000000008000aa8                TIM1_UP_IRQHandler
                0x0000000008000aa8                BDMA_Channel4_IRQHandler
                0x0000000008000aa8                OTG_HS_EP1_OUT_IRQHandler
                0x0000000008000aa8                WWDG_IRQHandler
                0x0000000008000aa8                SPI6_IRQHandler
                0x0000000008000aa8                MDIOS_IRQHandler
                0x0000000008000aa8                I2C4_EV_IRQHandler
                0x0000000008000aa8                FDCAN2_IT0_IRQHandler
                0x0000000008000aa8                LPUART1_IRQHandler
                0x0000000008000aa8                FDCAN1_IT0_IRQHandler
                0x0000000008000aa8                TIM2_IRQHandler
                0x0000000008000aa8                DMA2D_IRQHandler
                0x0000000008000aa8                TIM1_BRK_IRQHandler
                0x0000000008000aa8                EXTI1_IRQHandler
                0x0000000008000aa8                SDMMC2_IRQHandler
                0x0000000008000aa8                BDMA_Channel3_IRQHandler
                0x0000000008000aa8                DTS_IRQHandler
                0x0000000008000aa8                UART7_IRQHandler
                0x0000000008000aa8                MDIOS_WKUP_IRQHandler
                0x0000000008000aa8                USART2_IRQHandler
                0x0000000008000aa8                DFSDM1_FLT0_IRQHandler
                0x0000000008000aa8                SAI4_IRQHandler
                0x0000000008000aa8                I2C2_ER_IRQHandler
                0x0000000008000aa8                DMA2_Stream1_IRQHandler
                0x0000000008000aa8                FLASH_IRQHandler
                0x0000000008000aa8                DMA2_Stream4_IRQHandler
                0x0000000008000aa8                USART1_IRQHandler
                0x0000000008000aa8                SPI3_IRQHandler
                0x0000000008000aa8                WAKEUP_PIN_IRQHandler
                0x0000000008000aa8                DMA1_Stream4_IRQHandler
                0x0000000008000aa8                I2C1_ER_IRQHandler
                0x0000000008000aa8                FMC_IRQHandler
                0x0000000008000aa8                FDCAN_CAL_IRQHandler
                0x0000000008000aa8                SWPMI1_IRQHandler
                0x0000000008000aa8                COMP1_IRQHandler
                0x0000000008000aa8                LPTIM1_IRQHandler
                0x0000000008000aa8                DCMI_PSSI_IRQHandler
                0x0000000008000aa8                I2C4_ER_IRQHandler
                0x0000000008000aa8                DMA2_Stream6_IRQHandler
                0x0000000008000aa8                SAI1_IRQHandler
                0x0000000008000aa8                DMA1_Stream3_IRQHandler
 *fill*         0x0000000008000aaa        0x2 
 .text.HAL_Init
                0x0000000008000aac       0x78 ./Drivers/STM32H7xx_HAL_Driver/Src/stm32h7xx_hal.o
                0x0000000008000aac                HAL_Init
 .text.HAL_InitTick
                0x0000000008000b24       0x6c ./Drivers/STM32H7xx_HAL_Driver/Src/stm32h7xx_hal.o
                0x0000000008000b24                HAL_InitTick
 .text.HAL_IncTick
                0x0000000008000b90       0x28 ./Drivers/STM32H7xx_HAL_Driver/Src/stm32h7xx_hal.o
                0x0000000008000b90                HAL_IncTick
 .text.HAL_GetTick
                0x0000000008000bb8       0x18 ./Drivers/STM32H7xx_HAL_Driver/Src/stm32h7xx_hal.o
                0x0000000008000bb8                HAL_GetTick
 .text.HAL_Delay
                0x0000000008000bd0       0x48 ./Drivers/STM32H7xx_HAL_Driver/Src/stm32h7xx_hal.o
                0x0000000008000bd0                HAL_Delay
 .text.__NVIC_SetPriorityGrouping
                0x0000000008000c18       0x48 ./Drivers/STM32H7xx_HAL_Driver/Src/stm32h7xx_hal_cortex.o
 .text.__NVIC_GetPriorityGrouping
                0x0000000008000c60       0x1c ./Drivers/STM32H7xx_HAL_Driver/Src/stm32h7xx_hal_cortex.o
 .text.__NVIC_EnableIRQ
                0x0000000008000c7c       0x3c ./Drivers/STM32H7xx_HAL_Driver/Src/stm32h7xx_hal_cortex.o
 .text.__NVIC_SetPriority
                0x0000000008000cb8       0x54 ./Drivers/STM32H7xx_HAL_Driver/Src/stm32h7xx_hal_cortex.o
 .text.NVIC_EncodePriority
                0x0000000008000d0c       0x66 ./Drivers/STM32H7xx_HAL_Driver/Src/stm32h7xx_hal_cortex.o
 *fill*         0x0000000008000d72        0x2 
 .text.SysTick_Config
                0x0000000008000d74       0x44 ./Drivers/STM32H7xx_HAL_Driver/Src/stm32h7xx_hal_cortex.o
 .text.HAL_NVIC_SetPriorityGrouping
                0x0000000008000db8       0x16 ./Drivers/STM32H7xx_HAL_Driver/Src/stm32h7xx_hal_cortex.o
                0x0000000008000db8                HAL_NVIC_SetPriorityGrouping
 .text.HAL_NVIC_SetPriority
                0x0000000008000dce       0x34 ./Drivers/STM32H7xx_HAL_Driver/Src/stm32h7xx_hal_cortex.o
                0x0000000008000dce                HAL_NVIC_SetPriority
 .text.HAL_NVIC_EnableIRQ
                0x0000000008000e02       0x1c ./Drivers/STM32H7xx_HAL_Driver/Src/stm32h7xx_hal_cortex.o
                0x0000000008000e02                HAL_NVIC_EnableIRQ
 .text.HAL_SYSTICK_Config
                0x0000000008000e1e       0x18 ./Drivers/STM32H7xx_HAL_Driver/Src/stm32h7xx_hal_cortex.o
                0x0000000008000e1e                HAL_SYSTICK_Config
 *fill*         0x0000000008000e36        0x2 
 .text.HAL_GPIO_Init
                0x0000000008000e38      0x350 ./Drivers/STM32H7xx_HAL_Driver/Src/stm32h7xx_hal_gpio.o
                0x0000000008000e38                HAL_GPIO_Init
 .text.HAL_GPIO_WritePin
                0x0000000008001188       0x32 ./Drivers/STM32H7xx_HAL_Driver/Src/stm32h7xx_hal_gpio.o
                0x0000000008001188                HAL_GPIO_WritePin
 .text.HAL_PCD_Init
                0x00000000080011ba      0x248 ./Drivers/STM32H7xx_HAL_Driver/Src/stm32h7xx_hal_pcd.o
                0x00000000080011ba                HAL_PCD_Init
 .text.HAL_PCD_Start
                0x0000000008001402       0x66 ./Drivers/STM32H7xx_HAL_Driver/Src/stm32h7xx_hal_pcd.o
                0x0000000008001402                HAL_PCD_Start
 .text.HAL_PCD_IRQHandler
                0x0000000008001468      0x998 ./Drivers/STM32H7xx_HAL_Driver/Src/stm32h7xx_hal_pcd.o
                0x0000000008001468                HAL_PCD_IRQHandler
 .text.HAL_PCD_SetAddress
                0x0000000008001e00       0x4a ./Drivers/STM32H7xx_HAL_Driver/Src/stm32h7xx_hal_pcd.o
                0x0000000008001e00                HAL_PCD_SetAddress
 .text.HAL_PCD_EP_Open
                0x0000000008001e4a       0xd0 ./Drivers/STM32H7xx_HAL_Driver/Src/stm32h7xx_hal_pcd.o
                0x0000000008001e4a                HAL_PCD_EP_Open
 .text.HAL_PCD_EP_Close
                0x0000000008001f1a       0x94 ./Drivers/STM32H7xx_HAL_Driver/Src/stm32h7xx_hal_pcd.o
                0x0000000008001f1a                HAL_PCD_EP_Close
 .text.HAL_PCD_EP_Receive
                0x0000000008001fae       0x96 ./Drivers/STM32H7xx_HAL_Driver/Src/stm32h7xx_hal_pcd.o
                0x0000000008001fae                HAL_PCD_EP_Receive
 .text.HAL_PCD_EP_GetRxCount
                0x0000000008002044       0x30 ./Drivers/STM32H7xx_HAL_Driver/Src/stm32h7xx_hal_pcd.o
                0x0000000008002044                HAL_PCD_EP_GetRxCount
 .text.HAL_PCD_EP_Transmit
                0x0000000008002074       0x94 ./Drivers/STM32H7xx_HAL_Driver/Src/stm32h7xx_hal_pcd.o
                0x0000000008002074                HAL_PCD_EP_Transmit
 .text.HAL_PCD_EP_SetStall
                0x0000000008002108       0xc8 ./Drivers/STM32H7xx_HAL_Driver/Src/stm32h7xx_hal_pcd.o
                0x0000000008002108                HAL_PCD_EP_SetStall
 .text.HAL_PCD_EP_ClrStall
                0x00000000080021d0       0xac ./Drivers/STM32H7xx_HAL_Driver/Src/stm32h7xx_hal_pcd.o
                0x00000000080021d0                HAL_PCD_EP_ClrStall
 .text.HAL_PCD_EP_Abort
                0x000000000800227c       0x62 ./Drivers/STM32H7xx_HAL_Driver/Src/stm32h7xx_hal_pcd.o
                0x000000000800227c                HAL_PCD_EP_Abort
 .text.PCD_WriteEmptyTxFifo
                0x00000000080022de      0x11a ./Drivers/STM32H7xx_HAL_Driver/Src/stm32h7xx_hal_pcd.o
 .text.PCD_EP_OutXfrComplete_int
                0x00000000080023f8      0x1d0 ./Drivers/STM32H7xx_HAL_Driver/Src/stm32h7xx_hal_pcd.o
 .text.PCD_EP_OutSetupPacket_int
                0x00000000080025c8       0x8c ./Drivers/STM32H7xx_HAL_Driver/Src/stm32h7xx_hal_pcd.o
 .text.HAL_PCDEx_SetTxFiFo
                0x0000000008002654       0x8e ./Drivers/STM32H7xx_HAL_Driver/Src/stm32h7xx_hal_pcd_ex.o
                0x0000000008002654                HAL_PCDEx_SetTxFiFo
 .text.HAL_PCDEx_SetRxFiFo
                0x00000000080026e2       0x22 ./Drivers/STM32H7xx_HAL_Driver/Src/stm32h7xx_hal_pcd_ex.o
                0x00000000080026e2                HAL_PCDEx_SetRxFiFo
 .text.HAL_PCDEx_ActivateLPM
                0x0000000008002704       0x48 ./Drivers/STM32H7xx_HAL_Driver/Src/stm32h7xx_hal_pcd_ex.o
                0x0000000008002704                HAL_PCDEx_ActivateLPM
 .text.HAL_PCDEx_LPM_Callback
                0x000000000800274c       0x18 ./Drivers/STM32H7xx_HAL_Driver/Src/stm32h7xx_hal_pcd_ex.o
                0x000000000800274c                HAL_PCDEx_LPM_Callback
 .text.HAL_PWREx_ConfigSupply
                0x0000000008002764       0x74 ./Drivers/STM32H7xx_HAL_Driver/Src/stm32h7xx_hal_pwr_ex.o
                0x0000000008002764                HAL_PWREx_ConfigSupply
 .text.HAL_PWREx_EnableUSBVoltageDetector
                0x00000000080027d8       0x20 ./Drivers/STM32H7xx_HAL_Driver/Src/stm32h7xx_hal_pwr_ex.o
                0x00000000080027d8                HAL_PWREx_EnableUSBVoltageDetector
 .text.HAL_RCC_OscConfig
                0x00000000080027f8      0x75c ./Drivers/STM32H7xx_HAL_Driver/Src/stm32h7xx_hal_rcc.o
                0x00000000080027f8                HAL_RCC_OscConfig
 .text.HAL_RCC_ClockConfig
                0x0000000008002f54      0x36c ./Drivers/STM32H7xx_HAL_Driver/Src/stm32h7xx_hal_rcc.o
                0x0000000008002f54                HAL_RCC_ClockConfig
 .text.HAL_RCC_GetSysClockFreq
                0x00000000080032c0      0x2f4 ./Drivers/STM32H7xx_HAL_Driver/Src/stm32h7xx_hal_rcc.o
                0x00000000080032c0                HAL_RCC_GetSysClockFreq
 .text.HAL_RCC_GetHCLKFreq
                0x00000000080035b4       0x60 ./Drivers/STM32H7xx_HAL_Driver/Src/stm32h7xx_hal_rcc.o
                0x00000000080035b4                HAL_RCC_GetHCLKFreq
 .text.HAL_RCCEx_PeriphCLKConfig
                0x0000000008003614      0xdf4 ./Drivers/STM32H7xx_HAL_Driver/Src/stm32h7xx_hal_rcc_ex.o
                0x0000000008003614                HAL_RCCEx_PeriphCLKConfig
 .text.RCCEx_PLL2_Config
                0x0000000008004408      0x164 ./Drivers/STM32H7xx_HAL_Driver/Src/stm32h7xx_hal_rcc_ex.o
 .text.RCCEx_PLL3_Config
                0x000000000800456c      0x164 ./Drivers/STM32H7xx_HAL_Driver/Src/stm32h7xx_hal_rcc_ex.o
 .text.USB_CoreInit
                0x00000000080046d0       0xdc ./Drivers/STM32H7xx_HAL_Driver/Src/stm32h7xx_ll_usb.o
                0x00000000080046d0                USB_CoreInit
 .text.USB_SetTurnaroundTime
                0x00000000080047ac      0x144 ./Drivers/STM32H7xx_HAL_Driver/Src/stm32h7xx_ll_usb.o
                0x00000000080047ac                USB_SetTurnaroundTime
 .text.USB_EnableGlobalInt
                0x00000000080048f0       0x22 ./Drivers/STM32H7xx_HAL_Driver/Src/stm32h7xx_ll_usb.o
                0x00000000080048f0                USB_EnableGlobalInt
 .text.USB_DisableGlobalInt
                0x0000000008004912       0x22 ./Drivers/STM32H7xx_HAL_Driver/Src/stm32h7xx_ll_usb.o
                0x0000000008004912                USB_DisableGlobalInt
 .text.USB_SetCurrentMode
                0x0000000008004934       0x98 ./Drivers/STM32H7xx_HAL_Driver/Src/stm32h7xx_ll_usb.o
                0x0000000008004934                USB_SetCurrentMode
 .text.USB_DevInit
                0x00000000080049cc      0x2bc ./Drivers/STM32H7xx_HAL_Driver/Src/stm32h7xx_ll_usb.o
                0x00000000080049cc                USB_DevInit
 .text.USB_FlushTxFifo
                0x0000000008004c88       0x68 ./Drivers/STM32H7xx_HAL_Driver/Src/stm32h7xx_ll_usb.o
                0x0000000008004c88                USB_FlushTxFifo
 .text.USB_FlushRxFifo
                0x0000000008004cf0       0x60 ./Drivers/STM32H7xx_HAL_Driver/Src/stm32h7xx_ll_usb.o
                0x0000000008004cf0                USB_FlushRxFifo
 .text.USB_SetDevSpeed
                0x0000000008004d50       0x32 ./Drivers/STM32H7xx_HAL_Driver/Src/stm32h7xx_ll_usb.o
                0x0000000008004d50                USB_SetDevSpeed
 .text.USB_GetDevSpeed
                0x0000000008004d82       0x4a ./Drivers/STM32H7xx_HAL_Driver/Src/stm32h7xx_ll_usb.o
                0x0000000008004d82                USB_GetDevSpeed
 .text.USB_ActivateEndpoint
                0x0000000008004dcc      0x110 ./Drivers/STM32H7xx_HAL_Driver/Src/stm32h7xx_ll_usb.o
                0x0000000008004dcc                USB_ActivateEndpoint
 .text.USB_DeactivateEndpoint
                0x0000000008004edc      0x1b8 ./Drivers/STM32H7xx_HAL_Driver/Src/stm32h7xx_ll_usb.o
                0x0000000008004edc                USB_DeactivateEndpoint
 .text.USB_EPStartXfer
                0x0000000008005094      0x4a0 ./Drivers/STM32H7xx_HAL_Driver/Src/stm32h7xx_ll_usb.o
                0x0000000008005094                USB_EPStartXfer
 .text.USB_EP0StartXfer
                0x0000000008005534      0x2b8 ./Drivers/STM32H7xx_HAL_Driver/Src/stm32h7xx_ll_usb.o
                0x0000000008005534                USB_EP0StartXfer
 .text.USB_EPStopXfer
                0x00000000080057ec      0x154 ./Drivers/STM32H7xx_HAL_Driver/Src/stm32h7xx_ll_usb.o
                0x00000000080057ec                USB_EPStopXfer
 .text.USB_WritePacket
                0x0000000008005940       0x7c ./Drivers/STM32H7xx_HAL_Driver/Src/stm32h7xx_ll_usb.o
                0x0000000008005940                USB_WritePacket
 .text.USB_ReadPacket
                0x00000000080059bc       0xb0 ./Drivers/STM32H7xx_HAL_Driver/Src/stm32h7xx_ll_usb.o
                0x00000000080059bc                USB_ReadPacket
 .text.USB_EPSetStall
                0x0000000008005a6c       0xdc ./Drivers/STM32H7xx_HAL_Driver/Src/stm32h7xx_ll_usb.o
                0x0000000008005a6c                USB_EPSetStall
 .text.USB_EPClearStall
                0x0000000008005b48       0xcc ./Drivers/STM32H7xx_HAL_Driver/Src/stm32h7xx_ll_usb.o
                0x0000000008005b48                USB_EPClearStall
 .text.USB_SetDevAddress
                0x0000000008005c14       0x4c ./Drivers/STM32H7xx_HAL_Driver/Src/stm32h7xx_ll_usb.o
                0x0000000008005c14                USB_SetDevAddress
 .text.USB_DevConnect
                0x0000000008005c60       0x42 ./Drivers/STM32H7xx_HAL_Driver/Src/stm32h7xx_ll_usb.o
                0x0000000008005c60                USB_DevConnect
 .text.USB_DevDisconnect
                0x0000000008005ca2       0x42 ./Drivers/STM32H7xx_HAL_Driver/Src/stm32h7xx_ll_usb.o
                0x0000000008005ca2                USB_DevDisconnect
 .text.USB_ReadInterrupts
                0x0000000008005ce4       0x26 ./Drivers/STM32H7xx_HAL_Driver/Src/stm32h7xx_ll_usb.o
                0x0000000008005ce4                USB_ReadInterrupts
 .text.USB_ReadDevAllOutEpInterrupt
                0x0000000008005d0a       0x34 ./Drivers/STM32H7xx_HAL_Driver/Src/stm32h7xx_ll_usb.o
                0x0000000008005d0a                USB_ReadDevAllOutEpInterrupt
 .text.USB_ReadDevAllInEpInterrupt
                0x0000000008005d3e       0x34 ./Drivers/STM32H7xx_HAL_Driver/Src/stm32h7xx_ll_usb.o
                0x0000000008005d3e                USB_ReadDevAllInEpInterrupt
 .text.USB_ReadDevOutEPInterrupt
                0x0000000008005d72       0x3c ./Drivers/STM32H7xx_HAL_Driver/Src/stm32h7xx_ll_usb.o
                0x0000000008005d72                USB_ReadDevOutEPInterrupt
 .text.USB_ReadDevInEPInterrupt
                0x0000000008005dae       0x5c ./Drivers/STM32H7xx_HAL_Driver/Src/stm32h7xx_ll_usb.o
                0x0000000008005dae                USB_ReadDevInEPInterrupt
 .text.USB_GetMode
                0x0000000008005e0a       0x1c ./Drivers/STM32H7xx_HAL_Driver/Src/stm32h7xx_ll_usb.o
                0x0000000008005e0a                USB_GetMode
 *fill*         0x0000000008005e26        0x2 
 .text.USB_ActivateSetup
                0x0000000008005e28       0x48 ./Drivers/STM32H7xx_HAL_Driver/Src/stm32h7xx_ll_usb.o
                0x0000000008005e28                USB_ActivateSetup
 .text.USB_EP0_OutStart
                0x0000000008005e70       0xbc ./Drivers/STM32H7xx_HAL_Driver/Src/stm32h7xx_ll_usb.o
                0x0000000008005e70                USB_EP0_OutStart
 .text.USB_CoreReset
                0x0000000008005f2c       0x68 ./Drivers/STM32H7xx_HAL_Driver/Src/stm32h7xx_ll_usb.o
 .text.USBD_AUDIO_Init
                0x0000000008005f94      0x13c ./Middlewares/ST/STM32_USB_Device_Library/Class/AUDIO/Src/usbd_audio.o
                0x0000000008005f94                USBD_AUDIO_Init
 .text.USBD_AUDIO_DeInit
                0x00000000080060d0       0xb4 ./Middlewares/ST/STM32_USB_Device_Library/Class/AUDIO/Src/usbd_audio.o
                0x00000000080060d0                USBD_AUDIO_DeInit
 .text.USBD_AUDIO_Setup
                0x0000000008006184      0x1b8 ./Middlewares/ST/STM32_USB_Device_Library/Class/AUDIO/Src/usbd_audio.o
                0x0000000008006184                USBD_AUDIO_Setup
 .text.USBD_AUDIO_GetCfgDesc
                0x000000000800633c       0x20 ./Middlewares/ST/STM32_USB_Device_Library/Class/AUDIO/Src/usbd_audio.o
                0x000000000800633c                USBD_AUDIO_GetCfgDesc
 .text.USBD_AUDIO_DataIn
                0x000000000800635c       0x88 ./Middlewares/ST/STM32_USB_Device_Library/Class/AUDIO/Src/usbd_audio.o
                0x000000000800635c                USBD_AUDIO_DataIn
 .text.USBD_AUDIO_EP0_RxReady
                0x00000000080063e4       0x80 ./Middlewares/ST/STM32_USB_Device_Library/Class/AUDIO/Src/usbd_audio.o
                0x00000000080063e4                USBD_AUDIO_EP0_RxReady
 .text.USBD_AUDIO_EP0_TxReady
                0x0000000008006464       0x16 ./Middlewares/ST/STM32_USB_Device_Library/Class/AUDIO/Src/usbd_audio.o
                0x0000000008006464                USBD_AUDIO_EP0_TxReady
 .text.USBD_AUDIO_SOF
                0x000000000800647a       0x16 ./Middlewares/ST/STM32_USB_Device_Library/Class/AUDIO/Src/usbd_audio.o
                0x000000000800647a                USBD_AUDIO_SOF
 .text.USBD_AUDIO_IsoINIncomplete
                0x0000000008006490       0x1a ./Middlewares/ST/STM32_USB_Device_Library/Class/AUDIO/Src/usbd_audio.o
                0x0000000008006490                USBD_AUDIO_IsoINIncomplete
 .text.USBD_AUDIO_IsoOutIncomplete
                0x00000000080064aa       0x1a ./Middlewares/ST/STM32_USB_Device_Library/Class/AUDIO/Src/usbd_audio.o
                0x00000000080064aa                USBD_AUDIO_IsoOutIncomplete
 .text.USBD_AUDIO_DataOut
                0x00000000080064c4      0x12c ./Middlewares/ST/STM32_USB_Device_Library/Class/AUDIO/Src/usbd_audio.o
                0x00000000080064c4                USBD_AUDIO_DataOut
 .text.AUDIO_REQ_GetCurrent
                0x00000000080065f0       0x58 ./Middlewares/ST/STM32_USB_Device_Library/Class/AUDIO/Src/usbd_audio.o
                0x00000000080065f0                AUDIO_REQ_GetCurrent
 .text.AUDIO_REQ_SetCurrent
                0x0000000008006648       0x88 ./Middlewares/ST/STM32_USB_Device_Library/Class/AUDIO/Src/usbd_audio.o
                0x0000000008006648                AUDIO_REQ_SetCurrent
 .text.USBD_AUDIO_GetDeviceQualifierDesc
                0x00000000080066d0       0x20 ./Middlewares/ST/STM32_USB_Device_Library/Class/AUDIO/Src/usbd_audio.o
                0x00000000080066d0                USBD_AUDIO_GetDeviceQualifierDesc
 .text.USBD_AUDIO_RegisterInterface
                0x00000000080066f0       0x34 ./Middlewares/ST/STM32_USB_Device_Library/Class/AUDIO/Src/usbd_audio.o
                0x00000000080066f0                USBD_AUDIO_RegisterInterface
 .text.USBD_AUDIO_GetAudioHeaderDesc
                0x0000000008006724       0x68 ./Middlewares/ST/STM32_USB_Device_Library/Class/AUDIO/Src/usbd_audio.o
                0x0000000008006724                USBD_AUDIO_GetAudioHeaderDesc
 .text.USBD_Init
                0x000000000800678c       0x7c ./Middlewares/ST/STM32_USB_Device_Library/Core/Src/usbd_core.o
                0x000000000800678c                USBD_Init
 .text.USBD_RegisterClass
                0x0000000008006808       0x88 ./Middlewares/ST/STM32_USB_Device_Library/Core/Src/usbd_core.o
                0x0000000008006808                USBD_RegisterClass
 .text.USBD_Start
                0x0000000008006890       0x18 ./Middlewares/ST/STM32_USB_Device_Library/Core/Src/usbd_core.o
                0x0000000008006890                USBD_Start
 .text.USBD_RunTestMode
                0x00000000080068a8       0x16 ./Middlewares/ST/STM32_USB_Device_Library/Core/Src/usbd_core.o
                0x00000000080068a8                USBD_RunTestMode
 .text.USBD_SetClassConfig
                0x00000000080068be       0x38 ./Middlewares/ST/STM32_USB_Device_Library/Core/Src/usbd_core.o
                0x00000000080068be                USBD_SetClassConfig
 .text.USBD_ClrClassConfig
                0x00000000080068f6       0x34 ./Middlewares/ST/STM32_USB_Device_Library/Core/Src/usbd_core.o
                0x00000000080068f6                USBD_ClrClassConfig
 .text.USBD_LL_SetupStage
                0x000000000800692a       0xaa ./Middlewares/ST/STM32_USB_Device_Library/Core/Src/usbd_core.o
                0x000000000800692a                USBD_LL_SetupStage
 .text.USBD_LL_DataOutStage
                0x00000000080069d4      0x166 ./Middlewares/ST/STM32_USB_Device_Library/Core/Src/usbd_core.o
                0x00000000080069d4                USBD_LL_DataOutStage
 .text.USBD_LL_DataInStage
                0x0000000008006b3a      0x164 ./Middlewares/ST/STM32_USB_Device_Library/Core/Src/usbd_core.o
                0x0000000008006b3a                USBD_LL_DataInStage
 .text.USBD_LL_Reset
                0x0000000008006c9e       0xa4 ./Middlewares/ST/STM32_USB_Device_Library/Core/Src/usbd_core.o
                0x0000000008006c9e                USBD_LL_Reset
 .text.USBD_LL_SetSpeed
                0x0000000008006d42       0x20 ./Middlewares/ST/STM32_USB_Device_Library/Core/Src/usbd_core.o
                0x0000000008006d42                USBD_LL_SetSpeed
 .text.USBD_LL_Suspend
                0x0000000008006d62       0x2c ./Middlewares/ST/STM32_USB_Device_Library/Core/Src/usbd_core.o
                0x0000000008006d62                USBD_LL_Suspend
 .text.USBD_LL_Resume
                0x0000000008006d8e       0x30 ./Middlewares/ST/STM32_USB_Device_Library/Core/Src/usbd_core.o
                0x0000000008006d8e                USBD_LL_Resume
 .text.USBD_LL_SOF
                0x0000000008006dbe       0x40 ./Middlewares/ST/STM32_USB_Device_Library/Core/Src/usbd_core.o
                0x0000000008006dbe                USBD_LL_SOF
 .text.USBD_LL_IsoINIncomplete
                0x0000000008006dfe       0x64 ./Middlewares/ST/STM32_USB_Device_Library/Core/Src/usbd_core.o
                0x0000000008006dfe                USBD_LL_IsoINIncomplete
 .text.USBD_LL_IsoOUTIncomplete
                0x0000000008006e62       0x64 ./Middlewares/ST/STM32_USB_Device_Library/Core/Src/usbd_core.o
                0x0000000008006e62                USBD_LL_IsoOUTIncomplete
 .text.USBD_LL_DevConnected
                0x0000000008006ec6       0x16 ./Middlewares/ST/STM32_USB_Device_Library/Core/Src/usbd_core.o
                0x0000000008006ec6                USBD_LL_DevConnected
 .text.USBD_LL_DevDisconnected
                0x0000000008006edc       0x46 ./Middlewares/ST/STM32_USB_Device_Library/Core/Src/usbd_core.o
                0x0000000008006edc                USBD_LL_DevDisconnected
 .text.USBD_CoreFindIF
                0x0000000008006f22       0x1a ./Middlewares/ST/STM32_USB_Device_Library/Core/Src/usbd_core.o
                0x0000000008006f22                USBD_CoreFindIF
 .text.USBD_CoreFindEP
                0x0000000008006f3c       0x1a ./Middlewares/ST/STM32_USB_Device_Library/Core/Src/usbd_core.o
                0x0000000008006f3c                USBD_CoreFindEP
 .text.USBD_GetNextDesc
                0x0000000008006f56       0x3a ./Middlewares/ST/STM32_USB_Device_Library/Core/Src/usbd_core.o
                0x0000000008006f56                USBD_GetNextDesc
 .text.SWAPBYTE
                0x0000000008006f90       0x3c ./Middlewares/ST/STM32_USB_Device_Library/Core/Src/usbd_ctlreq.o
 .text.USBD_StdDevReq
                0x0000000008006fcc       0xe4 ./Middlewares/ST/STM32_USB_Device_Library/Core/Src/usbd_ctlreq.o
                0x0000000008006fcc                USBD_StdDevReq
 .text.USBD_StdItfReq
                0x00000000080070b0       0xd8 ./Middlewares/ST/STM32_USB_Device_Library/Core/Src/usbd_ctlreq.o
                0x00000000080070b0                USBD_StdItfReq
 .text.USBD_StdEPReq
                0x0000000008007188      0x33a ./Middlewares/ST/STM32_USB_Device_Library/Core/Src/usbd_ctlreq.o
                0x0000000008007188                USBD_StdEPReq
 *fill*         0x00000000080074c2        0x2 
 .text.USBD_GetDescriptor
                0x00000000080074c4      0x2d4 ./Middlewares/ST/STM32_USB_Device_Library/Core/Src/usbd_ctlreq.o
 .text.USBD_SetAddress
                0x0000000008007798       0x88 ./Middlewares/ST/STM32_USB_Device_Library/Core/Src/usbd_ctlreq.o
 .text.USBD_SetConfig
                0x0000000008007820      0x154 ./Middlewares/ST/STM32_USB_Device_Library/Core/Src/usbd_ctlreq.o
 .text.USBD_GetConfig
                0x0000000008007974       0x6c ./Middlewares/ST/STM32_USB_Device_Library/Core/Src/usbd_ctlreq.o
 .text.USBD_GetStatus
                0x00000000080079e0       0x68 ./Middlewares/ST/STM32_USB_Device_Library/Core/Src/usbd_ctlreq.o
 .text.USBD_SetFeature
                0x0000000008007a48       0x52 ./Middlewares/ST/STM32_USB_Device_Library/Core/Src/usbd_ctlreq.o
 .text.USBD_ClrFeature
                0x0000000008007a9a       0x44 ./Middlewares/ST/STM32_USB_Device_Library/Core/Src/usbd_ctlreq.o
 .text.USBD_ParseSetupRequest
                0x0000000008007ade       0x74 ./Middlewares/ST/STM32_USB_Device_Library/Core/Src/usbd_ctlreq.o
                0x0000000008007ade                USBD_ParseSetupRequest
 .text.USBD_CtlError
                0x0000000008007b52       0x22 ./Middlewares/ST/STM32_USB_Device_Library/Core/Src/usbd_ctlreq.o
                0x0000000008007b52                USBD_CtlError
 .text.USBD_GetString
                0x0000000008007b74       0x8c ./Middlewares/ST/STM32_USB_Device_Library/Core/Src/usbd_ctlreq.o
                0x0000000008007b74                USBD_GetString
 .text.USBD_GetLen
                0x0000000008007c00       0x34 ./Middlewares/ST/STM32_USB_Device_Library/Core/Src/usbd_ctlreq.o
 .text.USBD_CtlSendData
                0x0000000008007c34       0x36 ./Middlewares/ST/STM32_USB_Device_Library/Core/Src/usbd_ioreq.o
                0x0000000008007c34                USBD_CtlSendData
 .text.USBD_CtlContinueSendData
                0x0000000008007c6a       0x22 ./Middlewares/ST/STM32_USB_Device_Library/Core/Src/usbd_ioreq.o
                0x0000000008007c6a                USBD_CtlContinueSendData
 .text.USBD_CtlPrepareRx
                0x0000000008007c8c       0x3a ./Middlewares/ST/STM32_USB_Device_Library/Core/Src/usbd_ioreq.o
                0x0000000008007c8c                USBD_CtlPrepareRx
 .text.USBD_CtlContinueRx
                0x0000000008007cc6       0x22 ./Middlewares/ST/STM32_USB_Device_Library/Core/Src/usbd_ioreq.o
                0x0000000008007cc6                USBD_CtlContinueRx
 .text.USBD_CtlSendStatus
                0x0000000008007ce8       0x26 ./Middlewares/ST/STM32_USB_Device_Library/Core/Src/usbd_ioreq.o
                0x0000000008007ce8                USBD_CtlSendStatus
 .text.USBD_CtlReceiveStatus
                0x0000000008007d0e       0x26 ./Middlewares/ST/STM32_USB_Device_Library/Core/Src/usbd_ioreq.o
                0x0000000008007d0e                USBD_CtlReceiveStatus
 .text.MX_USB_DEVICE_Init
                0x0000000008007d34       0x64 ./USB_DEVICE/App/usb_device.o
                0x0000000008007d34                MX_USB_DEVICE_Init
 .text.AUDIO_Init_HS
                0x0000000008007d98       0x1a ./USB_DEVICE/App/usbd_audio_if.o
 .text.AUDIO_DeInit_HS
                0x0000000008007db2       0x16 ./USB_DEVICE/App/usbd_audio_if.o
 .text.AUDIO_AudioCmd_HS
                0x0000000008007dc8       0x28 ./USB_DEVICE/App/usbd_audio_if.o
 .text.AUDIO_VolumeCtl_HS
                0x0000000008007df0       0x18 ./USB_DEVICE/App/usbd_audio_if.o
 .text.AUDIO_MuteCtl_HS
                0x0000000008007e08       0x18 ./USB_DEVICE/App/usbd_audio_if.o
 .text.AUDIO_PeriodicTC_HS
                0x0000000008007e20       0x1c ./USB_DEVICE/App/usbd_audio_if.o
 .text.AUDIO_GetState_HS
                0x0000000008007e3c       0x10 ./USB_DEVICE/App/usbd_audio_if.o
 .text.USBD_HS_DeviceDescriptor
                0x0000000008007e4c       0x24 ./USB_DEVICE/App/usbd_desc.o
                0x0000000008007e4c                USBD_HS_DeviceDescriptor
 .text.USBD_HS_LangIDStrDescriptor
                0x0000000008007e70       0x24 ./USB_DEVICE/App/usbd_desc.o
                0x0000000008007e70                USBD_HS_LangIDStrDescriptor
 .text.USBD_HS_ProductStrDescriptor
                0x0000000008007e94       0x3c ./USB_DEVICE/App/usbd_desc.o
                0x0000000008007e94                USBD_HS_ProductStrDescriptor
 .text.USBD_HS_ManufacturerStrDescriptor
                0x0000000008007ed0       0x28 ./USB_DEVICE/App/usbd_desc.o
                0x0000000008007ed0                USBD_HS_ManufacturerStrDescriptor
 .text.USBD_HS_SerialStrDescriptor
                0x0000000008007ef8       0x24 ./USB_DEVICE/App/usbd_desc.o
                0x0000000008007ef8                USBD_HS_SerialStrDescriptor
 .text.USBD_HS_ConfigStrDescriptor
                0x0000000008007f1c       0x3c ./USB_DEVICE/App/usbd_desc.o
                0x0000000008007f1c                USBD_HS_ConfigStrDescriptor
 .text.USBD_HS_InterfaceStrDescriptor
                0x0000000008007f58       0x3c ./USB_DEVICE/App/usbd_desc.o
                0x0000000008007f58                USBD_HS_InterfaceStrDescriptor
 .text.Get_SerialNum
                0x0000000008007f94       0x58 ./USB_DEVICE/App/usbd_desc.o
 .text.IntToUnicode
                0x0000000008007fec       0x7e ./USB_DEVICE/App/usbd_desc.o
 *fill*         0x000000000800806a        0x2 
 .text.HAL_PCD_MspInit
                0x000000000800806c       0xe4 ./USB_DEVICE/Target/usbd_conf.o
                0x000000000800806c                HAL_PCD_MspInit
 .text.HAL_PCD_SetupStageCallback
                0x0000000008008150       0x24 ./USB_DEVICE/Target/usbd_conf.o
                0x0000000008008150                HAL_PCD_SetupStageCallback
 .text.HAL_PCD_DataOutStageCallback
                0x0000000008008174       0x36 ./USB_DEVICE/Target/usbd_conf.o
                0x0000000008008174                HAL_PCD_DataOutStageCallback
 .text.HAL_PCD_DataInStageCallback
                0x00000000080081aa       0x34 ./USB_DEVICE/Target/usbd_conf.o
                0x00000000080081aa                HAL_PCD_DataInStageCallback
 .text.HAL_PCD_SOFCallback
                0x00000000080081de       0x1c ./USB_DEVICE/Target/usbd_conf.o
                0x00000000080081de                HAL_PCD_SOFCallback
 .text.HAL_PCD_ResetCallback
                0x00000000080081fa       0x50 ./USB_DEVICE/Target/usbd_conf.o
                0x00000000080081fa                HAL_PCD_ResetCallback
 *fill*         0x000000000800824a        0x2 
 .text.HAL_PCD_SuspendCallback
                0x000000000800824c       0x4c ./USB_DEVICE/Target/usbd_conf.o
                0x000000000800824c                HAL_PCD_SuspendCallback
 .text.HAL_PCD_ResumeCallback
                0x0000000008008298       0x1c ./USB_DEVICE/Target/usbd_conf.o
                0x0000000008008298                HAL_PCD_ResumeCallback
 .text.HAL_PCD_ISOOUTIncompleteCallback
                0x00000000080082b4       0x24 ./USB_DEVICE/Target/usbd_conf.o
                0x00000000080082b4                HAL_PCD_ISOOUTIncompleteCallback
 .text.HAL_PCD_ISOINIncompleteCallback
                0x00000000080082d8       0x24 ./USB_DEVICE/Target/usbd_conf.o
                0x00000000080082d8                HAL_PCD_ISOINIncompleteCallback
 .text.HAL_PCD_ConnectCallback
                0x00000000080082fc       0x1c ./USB_DEVICE/Target/usbd_conf.o
                0x00000000080082fc                HAL_PCD_ConnectCallback
 .text.HAL_PCD_DisconnectCallback
                0x0000000008008318       0x1c ./USB_DEVICE/Target/usbd_conf.o
                0x0000000008008318                HAL_PCD_DisconnectCallback
 .text.USBD_LL_Init
                0x0000000008008334       0xa4 ./USB_DEVICE/Target/usbd_conf.o
                0x0000000008008334                USBD_LL_Init
 .text.USBD_LL_Start
                0x00000000080083d8       0x36 ./USB_DEVICE/Target/usbd_conf.o
                0x00000000080083d8                USBD_LL_Start
 .text.USBD_LL_OpenEP
                0x000000000800840e       0x4c ./USB_DEVICE/Target/usbd_conf.o
                0x000000000800840e                USBD_LL_OpenEP
 .text.USBD_LL_CloseEP
                0x000000000800845a       0x3e ./USB_DEVICE/Target/usbd_conf.o
                0x000000000800845a                USBD_LL_CloseEP
 .text.USBD_LL_StallEP
                0x0000000008008498       0x3e ./USB_DEVICE/Target/usbd_conf.o
                0x0000000008008498                USBD_LL_StallEP
 .text.USBD_LL_ClearStallEP
                0x00000000080084d6       0x3e ./USB_DEVICE/Target/usbd_conf.o
                0x00000000080084d6                USBD_LL_ClearStallEP
 .text.USBD_LL_IsStallEP
                0x0000000008008514       0x58 ./USB_DEVICE/Target/usbd_conf.o
                0x0000000008008514                USBD_LL_IsStallEP
 .text.USBD_LL_SetUSBAddress
                0x000000000800856c       0x3e ./USB_DEVICE/Target/usbd_conf.o
                0x000000000800856c                USBD_LL_SetUSBAddress
 .text.USBD_LL_Transmit
                0x00000000080085aa       0x42 ./USB_DEVICE/Target/usbd_conf.o
                0x00000000080085aa                USBD_LL_Transmit
 .text.USBD_LL_PrepareReceive
                0x00000000080085ec       0x42 ./USB_DEVICE/Target/usbd_conf.o
                0x00000000080085ec                USBD_LL_PrepareReceive
 .text.USBD_LL_GetRxDataSize
                0x000000000800862e       0x26 ./USB_DEVICE/Target/usbd_conf.o
                0x000000000800862e                USBD_LL_GetRxDataSize
 .text.USBD_static_malloc
                0x0000000008008654       0x1c ./USB_DEVICE/Target/usbd_conf.o
                0x0000000008008654                USBD_static_malloc
 .text.USBD_static_free
                0x0000000008008670       0x14 ./USB_DEVICE/Target/usbd_conf.o
                0x0000000008008670                USBD_static_free
 .text.USBD_Get_USB_Status
                0x0000000008008684       0x58 ./USB_DEVICE/Target/usbd_conf.o
                0x0000000008008684                USBD_Get_USB_Status
 .text.__errno  0x00000000080086dc        0xc c:/st/stm32cubeide_1.10.1/stm32cubeide/plugins/com.st.stm32cube.ide.mcu.externaltools.gnu-tools-for-stm32.10.3-2021.10.win32_1.0.0.202111181127/tools/bin/../lib/gcc/arm-none-eabi/10.3.1/../../../../arm-none-eabi/lib/thumb/v7e-m+dp/hard\libc_nano.a(lib_a-errno.o)
                0x00000000080086dc                __errno
 .text.__libc_init_array
                0x00000000080086e8       0x48 c:/st/stm32cubeide_1.10.1/stm32cubeide/plugins/com.st.stm32cube.ide.mcu.externaltools.gnu-tools-for-stm32.10.3-2021.10.win32_1.0.0.202111181127/tools/bin/../lib/gcc/arm-none-eabi/10.3.1/../../../../arm-none-eabi/lib/thumb/v7e-m+dp/hard\libc_nano.a(lib_a-init.o)
                0x00000000080086e8                __libc_init_array
 .text.memset   0x0000000008008730       0x10 c:/st/stm32cubeide_1.10.1/stm32cubeide/plugins/com.st.stm32cube.ide.mcu.externaltools.gnu-tools-for-stm32.10.3-2021.10.win32_1.0.0.202111181127/tools/bin/../lib/gcc/arm-none-eabi/10.3.1/../../../../arm-none-eabi/lib/thumb/v7e-m+dp/hard\libc_nano.a(lib_a-memset.o)
                0x0000000008008730                memset
 .text.printf   0x0000000008008740       0x30 c:/st/stm32cubeide_1.10.1/stm32cubeide/plugins/com.st.stm32cube.ide.mcu.externaltools.gnu-tools-for-stm32.10.3-2021.10.win32_1.0.0.202111181127/tools/bin/../lib/gcc/arm-none-eabi/10.3.1/../../../../arm-none-eabi/lib/thumb/v7e-m+dp/hard\libc_nano.a(lib_a-printf.o)
                0x0000000008008740                iprintf
                0x0000000008008740                printf
 .text.putchar  0x0000000008008770       0x2c c:/st/stm32cubeide_1.10.1/stm32cubeide/plugins/com.st.stm32cube.ide.mcu.externaltools.gnu-tools-for-stm32.10.3-2021.10.win32_1.0.0.202111181127/tools/bin/../lib/gcc/arm-none-eabi/10.3.1/../../../../arm-none-eabi/lib/thumb/v7e-m+dp/hard\libc_nano.a(lib_a-putchar.o)
                0x0000000008008770                putchar
 .text.std      0x000000000800879c       0x48 c:/st/stm32cubeide_1.10.1/stm32cubeide/plugins/com.st.stm32cube.ide.mcu.externaltools.gnu-tools-for-stm32.10.3-2021.10.win32_1.0.0.202111181127/tools/bin/../lib/gcc/arm-none-eabi/10.3.1/../../../../arm-none-eabi/lib/thumb/v7e-m+dp/hard\libc_nano.a(lib_a-findfp.o)
 .text._cleanup_r
                0x00000000080087e4        0xc c:/st/stm32cubeide_1.10.1/stm32cubeide/plugins/com.st.stm32cube.ide.mcu.externaltools.gnu-tools-for-stm32.10.3-2021.10.win32_1.0.0.202111181127/tools/bin/../lib/gcc/arm-none-eabi/10.3.1/../../../../arm-none-eabi/lib/thumb/v7e-m+dp/hard\libc_nano.a(lib_a-findfp.o)
                0x00000000080087e4                _cleanup_r
 .text.__sfmoreglue
                0x00000000080087f0       0x2c c:/st/stm32cubeide_1.10.1/stm32cubeide/plugins/com.st.stm32cube.ide.mcu.externaltools.gnu-tools-for-stm32.10.3-2021.10.win32_1.0.0.202111181127/tools/bin/../lib/gcc/arm-none-eabi/10.3.1/../../../../arm-none-eabi/lib/thumb/v7e-m+dp/hard\libc_nano.a(lib_a-findfp.o)
                0x00000000080087f0                __sfmoreglue
 .text.__sfp_lock_acquire
                0x000000000800881c        0xc c:/st/stm32cubeide_1.10.1/stm32cubeide/plugins/com.st.stm32cube.ide.mcu.externaltools.gnu-tools-for-stm32.10.3-2021.10.win32_1.0.0.202111181127/tools/bin/../lib/gcc/arm-none-eabi/10.3.1/../../../../arm-none-eabi/lib/thumb/v7e-m+dp/hard\libc_nano.a(lib_a-findfp.o)
                0x000000000800881c                __sfp_lock_acquire
 .text.__sfp_lock_release
                0x0000000008008828        0xc c:/st/stm32cubeide_1.10.1/stm32cubeide/plugins/com.st.stm32cube.ide.mcu.externaltools.gnu-tools-for-stm32.10.3-2021.10.win32_1.0.0.202111181127/tools/bin/../lib/gcc/arm-none-eabi/10.3.1/../../../../arm-none-eabi/lib/thumb/v7e-m+dp/hard\libc_nano.a(lib_a-findfp.o)
                0x0000000008008828                __sfp_lock_release
 .text.__sinit_lock_acquire
                0x0000000008008834        0xc c:/st/stm32cubeide_1.10.1/stm32cubeide/plugins/com.st.stm32cube.ide.mcu.externaltools.gnu-tools-for-stm32.10.3-2021.10.win32_1.0.0.202111181127/tools/bin/../lib/gcc/arm-none-eabi/10.3.1/../../../../arm-none-eabi/lib/thumb/v7e-m+dp/hard\libc_nano.a(lib_a-findfp.o)
                0x0000000008008834                __sinit_lock_acquire
 .text.__sinit_lock_release
                0x0000000008008840        0xc c:/st/stm32cubeide_1.10.1/stm32cubeide/plugins/com.st.stm32cube.ide.mcu.externaltools.gnu-tools-for-stm32.10.3-2021.10.win32_1.0.0.202111181127/tools/bin/../lib/gcc/arm-none-eabi/10.3.1/../../../../arm-none-eabi/lib/thumb/v7e-m+dp/hard\libc_nano.a(lib_a-findfp.o)
                0x0000000008008840                __sinit_lock_release
 .text.__sinit  0x000000000800884c       0x70 c:/st/stm32cubeide_1.10.1/stm32cubeide/plugins/com.st.stm32cube.ide.mcu.externaltools.gnu-tools-for-stm32.10.3-2021.10.win32_1.0.0.202111181127/tools/bin/../lib/gcc/arm-none-eabi/10.3.1/../../../../arm-none-eabi/lib/thumb/v7e-m+dp/hard\libc_nano.a(lib_a-findfp.o)
                0x000000000800884c                __sinit
 .text.__sfp    0x00000000080088bc       0x8c c:/st/stm32cubeide_1.10.1/stm32cubeide/plugins/com.st.stm32cube.ide.mcu.externaltools.gnu-tools-for-stm32.10.3-2021.10.win32_1.0.0.202111181127/tools/bin/../lib/gcc/arm-none-eabi/10.3.1/../../../../arm-none-eabi/lib/thumb/v7e-m+dp/hard\libc_nano.a(lib_a-findfp.o)
                0x00000000080088bc                __sfp
 .text._fwalk_reent
                0x0000000008008948       0x3e c:/st/stm32cubeide_1.10.1/stm32cubeide/plugins/com.st.stm32cube.ide.mcu.externaltools.gnu-tools-for-stm32.10.3-2021.10.win32_1.0.0.202111181127/tools/bin/../lib/gcc/arm-none-eabi/10.3.1/../../../../arm-none-eabi/lib/thumb/v7e-m+dp/hard\libc_nano.a(lib_a-fwalk.o)
                0x0000000008008948                _fwalk_reent
 .text.__retarget_lock_init_recursive
                0x0000000008008986        0x2 c:/st/stm32cubeide_1.10.1/stm32cubeide/plugins/com.st.stm32cube.ide.mcu.externaltools.gnu-tools-for-stm32.10.3-2021.10.win32_1.0.0.202111181127/tools/bin/../lib/gcc/arm-none-eabi/10.3.1/../../../../arm-none-eabi/lib/thumb/v7e-m+dp/hard\libc_nano.a(lib_a-lock.o)
                0x0000000008008986                __retarget_lock_init_recursive
 .text.__retarget_lock_acquire_recursive
                0x0000000008008988        0x2 c:/st/stm32cubeide_1.10.1/stm32cubeide/plugins/com.st.stm32cube.ide.mcu.externaltools.gnu-tools-for-stm32.10.3-2021.10.win32_1.0.0.202111181127/tools/bin/../lib/gcc/arm-none-eabi/10.3.1/../../../../arm-none-eabi/lib/thumb/v7e-m+dp/hard\libc_nano.a(lib_a-lock.o)
                0x0000000008008988                __retarget_lock_acquire_recursive
 .text.__retarget_lock_release_recursive
                0x000000000800898a        0x2 c:/st/stm32cubeide_1.10.1/stm32cubeide/plugins/com.st.stm32cube.ide.mcu.externaltools.gnu-tools-for-stm32.10.3-2021.10.win32_1.0.0.202111181127/tools/bin/../lib/gcc/arm-none-eabi/10.3.1/../../../../arm-none-eabi/lib/thumb/v7e-m+dp/hard\libc_nano.a(lib_a-lock.o)
                0x000000000800898a                __retarget_lock_release_recursive
 .text.sbrk_aligned
                0x000000000800898c       0x40 c:/st/stm32cubeide_1.10.1/stm32cubeide/plugins/com.st.stm32cube.ide.mcu.externaltools.gnu-tools-for-stm32.10.3-2021.10.win32_1.0.0.202111181127/tools/bin/../lib/gcc/arm-none-eabi/10.3.1/../../../../arm-none-eabi/lib/thumb/v7e-m+dp/hard\libc_nano.a(lib_a-nano-mallocr.o)
 .text._malloc_r
                0x00000000080089cc       0xe8 c:/st/stm32cubeide_1.10.1/stm32cubeide/plugins/com.st.stm32cube.ide.mcu.externaltools.gnu-tools-for-stm32.10.3-2021.10.win32_1.0.0.202111181127/tools/bin/../lib/gcc/arm-none-eabi/10.3.1/../../../../arm-none-eabi/lib/thumb/v7e-m+dp/hard\libc_nano.a(lib_a-nano-mallocr.o)
                0x00000000080089cc                _malloc_r
 .text.__sfputc_r
                0x0000000008008ab4       0x2e c:/st/stm32cubeide_1.10.1/stm32cubeide/plugins/com.st.stm32cube.ide.mcu.externaltools.gnu-tools-for-stm32.10.3-2021.10.win32_1.0.0.202111181127/tools/bin/../lib/gcc/arm-none-eabi/10.3.1/../../../../arm-none-eabi/lib/thumb/v7e-m+dp/hard\libc_nano.a(lib_a-nano-vfprintf.o)
 .text.__sfputs_r
                0x0000000008008ae2       0x24 c:/st/stm32cubeide_1.10.1/stm32cubeide/plugins/com.st.stm32cube.ide.mcu.externaltools.gnu-tools-for-stm32.10.3-2021.10.win32_1.0.0.202111181127/tools/bin/../lib/gcc/arm-none-eabi/10.3.1/../../../../arm-none-eabi/lib/thumb/v7e-m+dp/hard\libc_nano.a(lib_a-nano-vfprintf.o)
                0x0000000008008ae2                __sfputs_r
 *fill*         0x0000000008008b06        0x2 
 .text._vfprintf_r
                0x0000000008008b08      0x260 c:/st/stm32cubeide_1.10.1/stm32cubeide/plugins/com.st.stm32cube.ide.mcu.externaltools.gnu-tools-for-stm32.10.3-2021.10.win32_1.0.0.202111181127/tools/bin/../lib/gcc/arm-none-eabi/10.3.1/../../../../arm-none-eabi/lib/thumb/v7e-m+dp/hard\libc_nano.a(lib_a-nano-vfprintf.o)
                0x0000000008008b08                _vfprintf_r
                0x0000000008008b08                _vfiprintf_r
 .text._printf_common
                0x0000000008008d68       0xda c:/st/stm32cubeide_1.10.1/stm32cubeide/plugins/com.st.stm32cube.ide.mcu.externaltools.gnu-tools-for-stm32.10.3-2021.10.win32_1.0.0.202111181127/tools/bin/../lib/gcc/arm-none-eabi/10.3.1/../../../../arm-none-eabi/lib/thumb/v7e-m+dp/hard\libc_nano.a(lib_a-nano-vfprintf_i.o)
                0x0000000008008d68                _printf_common
 *fill*         0x0000000008008e42        0x2 
 .text._printf_i
                0x0000000008008e44      0x24c c:/st/stm32cubeide_1.10.1/stm32cubeide/plugins/com.st.stm32cube.ide.mcu.externaltools.gnu-tools-for-stm32.10.3-2021.10.win32_1.0.0.202111181127/tools/bin/../lib/gcc/arm-none-eabi/10.3.1/../../../../arm-none-eabi/lib/thumb/v7e-m+dp/hard\libc_nano.a(lib_a-nano-vfprintf_i.o)
                0x0000000008008e44                _printf_i
 .text._putc_r  0x0000000008009090       0x90 c:/st/stm32cubeide_1.10.1/stm32cubeide/plugins/com.st.stm32cube.ide.mcu.externaltools.gnu-tools-for-stm32.10.3-2021.10.win32_1.0.0.202111181127/tools/bin/../lib/gcc/arm-none-eabi/10.3.1/../../../../arm-none-eabi/lib/thumb/v7e-m+dp/hard\libc_nano.a(lib_a-putc.o)
                0x0000000008009090                _putc_r
 .text._sbrk_r  0x0000000008009120       0x20 c:/st/stm32cubeide_1.10.1/stm32cubeide/plugins/com.st.stm32cube.ide.mcu.externaltools.gnu-tools-for-stm32.10.3-2021.10.win32_1.0.0.202111181127/tools/bin/../lib/gcc/arm-none-eabi/10.3.1/../../../../arm-none-eabi/lib/thumb/v7e-m+dp/hard\libc_nano.a(lib_a-sbrkr.o)
                0x0000000008009120                _sbrk_r
 .text.__sread  0x0000000008009140       0x22 c:/st/stm32cubeide_1.10.1/stm32cubeide/plugins/com.st.stm32cube.ide.mcu.externaltools.gnu-tools-for-stm32.10.3-2021.10.win32_1.0.0.202111181127/tools/bin/../lib/gcc/arm-none-eabi/10.3.1/../../../../arm-none-eabi/lib/thumb/v7e-m+dp/hard\libc_nano.a(lib_a-stdio.o)
                0x0000000008009140                __sread
 .text.__swrite
                0x0000000008009162       0x38 c:/st/stm32cubeide_1.10.1/stm32cubeide/plugins/com.st.stm32cube.ide.mcu.externaltools.gnu-tools-for-stm32.10.3-2021.10.win32_1.0.0.202111181127/tools/bin/../lib/gcc/arm-none-eabi/10.3.1/../../../../arm-none-eabi/lib/thumb/v7e-m+dp/hard\libc_nano.a(lib_a-stdio.o)
                0x0000000008009162                __swrite
 .text.__sseek  0x000000000800919a       0x24 c:/st/stm32cubeide_1.10.1/stm32cubeide/plugins/com.st.stm32cube.ide.mcu.externaltools.gnu-tools-for-stm32.10.3-2021.10.win32_1.0.0.202111181127/tools/bin/../lib/gcc/arm-none-eabi/10.3.1/../../../../arm-none-eabi/lib/thumb/v7e-m+dp/hard\libc_nano.a(lib_a-stdio.o)
                0x000000000800919a                __sseek
 .text.__sclose
                0x00000000080091be        0x8 c:/st/stm32cubeide_1.10.1/stm32cubeide/plugins/com.st.stm32cube.ide.mcu.externaltools.gnu-tools-for-stm32.10.3-2021.10.win32_1.0.0.202111181127/tools/bin/../lib/gcc/arm-none-eabi/10.3.1/../../../../arm-none-eabi/lib/thumb/v7e-m+dp/hard\libc_nano.a(lib_a-stdio.o)
                0x00000000080091be                __sclose
 *fill*         0x00000000080091c6        0x2 
 .text.__swbuf_r
                0x00000000080091c8       0xa4 c:/st/stm32cubeide_1.10.1/stm32cubeide/plugins/com.st.stm32cube.ide.mcu.externaltools.gnu-tools-for-stm32.10.3-2021.10.win32_1.0.0.202111181127/tools/bin/../lib/gcc/arm-none-eabi/10.3.1/../../../../arm-none-eabi/lib/thumb/v7e-m+dp/hard\libc_nano.a(lib_a-wbuf.o)
                0x00000000080091c8                __swbuf_r
 .text._write_r
                0x000000000800926c       0x24 c:/st/stm32cubeide_1.10.1/stm32cubeide/plugins/com.st.stm32cube.ide.mcu.externaltools.gnu-tools-for-stm32.10.3-2021.10.win32_1.0.0.202111181127/tools/bin/../lib/gcc/arm-none-eabi/10.3.1/../../../../arm-none-eabi/lib/thumb/v7e-m+dp/hard\libc_nano.a(lib_a-writer.o)
                0x000000000800926c                _write_r
 .text.__swsetup_r
                0x0000000008009290       0xdc c:/st/stm32cubeide_1.10.1/stm32cubeide/plugins/com.st.stm32cube.ide.mcu.externaltools.gnu-tools-for-stm32.10.3-2021.10.win32_1.0.0.202111181127/tools/bin/../lib/gcc/arm-none-eabi/10.3.1/../../../../arm-none-eabi/lib/thumb/v7e-m+dp/hard\libc_nano.a(lib_a-wsetup.o)
                0x0000000008009290                __swsetup_r
 .text._close_r
                0x000000000800936c       0x20 c:/st/stm32cubeide_1.10.1/stm32cubeide/plugins/com.st.stm32cube.ide.mcu.externaltools.gnu-tools-for-stm32.10.3-2021.10.win32_1.0.0.202111181127/tools/bin/../lib/gcc/arm-none-eabi/10.3.1/../../../../arm-none-eabi/lib/thumb/v7e-m+dp/hard\libc_nano.a(lib_a-closer.o)
                0x000000000800936c                _close_r
 .text.__sflush_r
                0x000000000800938c      0x10c c:/st/stm32cubeide_1.10.1/stm32cubeide/plugins/com.st.stm32cube.ide.mcu.externaltools.gnu-tools-for-stm32.10.3-2021.10.win32_1.0.0.202111181127/tools/bin/../lib/gcc/arm-none-eabi/10.3.1/../../../../arm-none-eabi/lib/thumb/v7e-m+dp/hard\libc_nano.a(lib_a-fflush.o)
                0x000000000800938c                __sflush_r
 .text._fflush_r
                0x0000000008009498       0x78 c:/st/stm32cubeide_1.10.1/stm32cubeide/plugins/com.st.stm32cube.ide.mcu.externaltools.gnu-tools-for-stm32.10.3-2021.10.win32_1.0.0.202111181127/tools/bin/../lib/gcc/arm-none-eabi/10.3.1/../../../../arm-none-eabi/lib/thumb/v7e-m+dp/hard\libc_nano.a(lib_a-fflush.o)
                0x0000000008009498                _fflush_r
 .text._lseek_r
                0x0000000008009510       0x24 c:/st/stm32cubeide_1.10.1/stm32cubeide/plugins/com.st.stm32cube.ide.mcu.externaltools.gnu-tools-for-stm32.10.3-2021.10.win32_1.0.0.202111181127/tools/bin/../lib/gcc/arm-none-eabi/10.3.1/../../../../arm-none-eabi/lib/thumb/v7e-m+dp/hard\libc_nano.a(lib_a-lseekr.o)
                0x0000000008009510                _lseek_r
 .text.__swhatbuf_r
                0x0000000008009534       0x4a c:/st/stm32cubeide_1.10.1/stm32cubeide/plugins/com.st.stm32cube.ide.mcu.externaltools.gnu-tools-for-stm32.10.3-2021.10.win32_1.0.0.202111181127/tools/bin/../lib/gcc/arm-none-eabi/10.3.1/../../../../arm-none-eabi/lib/thumb/v7e-m+dp/hard\libc_nano.a(lib_a-makebuf.o)
                0x0000000008009534                __swhatbuf_r
 *fill*         0x000000000800957e        0x2 
 .text.__smakebuf_r
                0x0000000008009580       0x80 c:/st/stm32cubeide_1.10.1/stm32cubeide/plugins/com.st.stm32cube.ide.mcu.externaltools.gnu-tools-for-stm32.10.3-2021.10.win32_1.0.0.202111181127/tools/bin/../lib/gcc/arm-none-eabi/10.3.1/../../../../arm-none-eabi/lib/thumb/v7e-m+dp/hard\libc_nano.a(lib_a-makebuf.o)
                0x0000000008009580                __smakebuf_r
 .text.__malloc_lock
                0x0000000008009600        0xc c:/st/stm32cubeide_1.10.1/stm32cubeide/plugins/com.st.stm32cube.ide.mcu.externaltools.gnu-tools-for-stm32.10.3-2021.10.win32_1.0.0.202111181127/tools/bin/../lib/gcc/arm-none-eabi/10.3.1/../../../../arm-none-eabi/lib/thumb/v7e-m+dp/hard\libc_nano.a(lib_a-mlock.o)
                0x0000000008009600                __malloc_lock
 .text.__malloc_unlock
                0x000000000800960c        0xc c:/st/stm32cubeide_1.10.1/stm32cubeide/plugins/com.st.stm32cube.ide.mcu.externaltools.gnu-tools-for-stm32.10.3-2021.10.win32_1.0.0.202111181127/tools/bin/../lib/gcc/arm-none-eabi/10.3.1/../../../../arm-none-eabi/lib/thumb/v7e-m+dp/hard\libc_nano.a(lib_a-mlock.o)
                0x000000000800960c                __malloc_unlock
 .text._free_r  0x0000000008009618       0x98 c:/st/stm32cubeide_1.10.1/stm32cubeide/plugins/com.st.stm32cube.ide.mcu.externaltools.gnu-tools-for-stm32.10.3-2021.10.win32_1.0.0.202111181127/tools/bin/../lib/gcc/arm-none-eabi/10.3.1/../../../../arm-none-eabi/lib/thumb/v7e-m+dp/hard\libc_nano.a(lib_a-nano-freer.o)
                0x0000000008009618                _free_r
 .text._read_r  0x00000000080096b0       0x24 c:/st/stm32cubeide_1.10.1/stm32cubeide/plugins/com.st.stm32cube.ide.mcu.externaltools.gnu-tools-for-stm32.10.3-2021.10.win32_1.0.0.202111181127/tools/bin/../lib/gcc/arm-none-eabi/10.3.1/../../../../arm-none-eabi/lib/thumb/v7e-m+dp/hard\libc_nano.a(lib_a-readr.o)
                0x00000000080096b0                _read_r
 .text._fstat_r
                0x00000000080096d4       0x24 c:/st/stm32cubeide_1.10.1/stm32cubeide/plugins/com.st.stm32cube.ide.mcu.externaltools.gnu-tools-for-stm32.10.3-2021.10.win32_1.0.0.202111181127/tools/bin/../lib/gcc/arm-none-eabi/10.3.1/../../../../arm-none-eabi/lib/thumb/v7e-m+dp/hard\libc_nano.a(lib_a-fstatr.o)
                0x00000000080096d4                _fstat_r
 .text._isatty_r
                0x00000000080096f8       0x20 c:/st/stm32cubeide_1.10.1/stm32cubeide/plugins/com.st.stm32cube.ide.mcu.externaltools.gnu-tools-for-stm32.10.3-2021.10.win32_1.0.0.202111181127/tools/bin/../lib/gcc/arm-none-eabi/10.3.1/../../../../arm-none-eabi/lib/thumb/v7e-m+dp/hard\libc_nano.a(lib_a-isattyr.o)
                0x00000000080096f8                _isatty_r
 *(.glue_7)
 .glue_7        0x0000000008009718        0x0 linker stubs
 *(.glue_7t)
 .glue_7t       0x0000000008009718        0x0 linker stubs
 *(.eh_frame)
 .eh_frame      0x0000000008009718        0x0 c:/st/stm32cubeide_1.10.1/stm32cubeide/plugins/com.st.stm32cube.ide.mcu.externaltools.gnu-tools-for-stm32.10.3-2021.10.win32_1.0.0.202111181127/tools/bin/../lib/gcc/arm-none-eabi/10.3.1/thumb/v7e-m+dp/hard/crtbegin.o
 *(.init)
 .init          0x0000000008009718        0x4 c:/st/stm32cubeide_1.10.1/stm32cubeide/plugins/com.st.stm32cube.ide.mcu.externaltools.gnu-tools-for-stm32.10.3-2021.10.win32_1.0.0.202111181127/tools/bin/../lib/gcc/arm-none-eabi/10.3.1/thumb/v7e-m+dp/hard/crti.o
                0x0000000008009718                _init
 .init          0x000000000800971c        0x8 c:/st/stm32cubeide_1.10.1/stm32cubeide/plugins/com.st.stm32cube.ide.mcu.externaltools.gnu-tools-for-stm32.10.3-2021.10.win32_1.0.0.202111181127/tools/bin/../lib/gcc/arm-none-eabi/10.3.1/thumb/v7e-m+dp/hard/crtn.o
 *(.fini)
 .fini          0x0000000008009724        0x4 c:/st/stm32cubeide_1.10.1/stm32cubeide/plugins/com.st.stm32cube.ide.mcu.externaltools.gnu-tools-for-stm32.10.3-2021.10.win32_1.0.0.202111181127/tools/bin/../lib/gcc/arm-none-eabi/10.3.1/thumb/v7e-m+dp/hard/crti.o
                0x0000000008009724                _fini
 .fini          0x0000000008009728        0x8 c:/st/stm32cubeide_1.10.1/stm32cubeide/plugins/com.st.stm32cube.ide.mcu.externaltools.gnu-tools-for-stm32.10.3-2021.10.win32_1.0.0.202111181127/tools/bin/../lib/gcc/arm-none-eabi/10.3.1/thumb/v7e-m+dp/hard/crtn.o
                0x0000000008009730                . = ALIGN (0x4)
                0x0000000008009730                _etext = .

.vfp11_veneer   0x0000000008009730        0x0
 .vfp11_veneer  0x0000000008009730        0x0 linker stubs

.v4_bx          0x0000000008009730        0x0
 .v4_bx         0x0000000008009730        0x0 linker stubs

.iplt           0x0000000008009730        0x0
 .iplt          0x0000000008009730        0x0 c:/st/stm32cubeide_1.10.1/stm32cubeide/plugins/com.st.stm32cube.ide.mcu.externaltools.gnu-tools-for-stm32.10.3-2021.10.win32_1.0.0.202111181127/tools/bin/../lib/gcc/arm-none-eabi/10.3.1/thumb/v7e-m+dp/hard/crtbegin.o

.rodata         0x0000000008009730      0x93c
                0x0000000008009730                . = ALIGN (0x4)
 *(.rodata)
 .rodata        0x0000000008009730      0x800 ./Core/Src/main.o
 .rodata        0x0000000008009f30        0xd ./Middlewares/ST/STM32_USB_Device_Library/Class/AUDIO/Src/usbd_audio.o
 *fill*         0x0000000008009f3d        0x3 
 .rodata        0x0000000008009f40       0x35 ./Middlewares/ST/STM32_USB_Device_Library/Core/Src/usbd_core.o
 *fill*         0x0000000008009f75        0x3 
 .rodata        0x0000000008009f78       0x4c ./USB_DEVICE/App/usbd_desc.o
 *(.rodata*)
 .rodata.D1CorePrescTable
                0x0000000008009fc4       0x10 ./Core/Src/system_stm32h7xx.o
                0x0000000008009fc4                D1CorePrescTable
 .rodata._global_impure_ptr
                0x0000000008009fd4        0x4 c:/st/stm32cubeide_1.10.1/stm32cubeide/plugins/com.st.stm32cube.ide.mcu.externaltools.gnu-tools-for-stm32.10.3-2021.10.win32_1.0.0.202111181127/tools/bin/../lib/gcc/arm-none-eabi/10.3.1/../../../../arm-none-eabi/lib/thumb/v7e-m+dp/hard\libc_nano.a(lib_a-impure.o)
                0x0000000008009fd4                _global_impure_ptr
 .rodata.__sf_fake_stderr
                0x0000000008009fd8       0x20 c:/st/stm32cubeide_1.10.1/stm32cubeide/plugins/com.st.stm32cube.ide.mcu.externaltools.gnu-tools-for-stm32.10.3-2021.10.win32_1.0.0.202111181127/tools/bin/../lib/gcc/arm-none-eabi/10.3.1/../../../../arm-none-eabi/lib/thumb/v7e-m+dp/hard\libc_nano.a(lib_a-findfp.o)
                0x0000000008009fd8                __sf_fake_stderr
 .rodata.__sf_fake_stdin
                0x0000000008009ff8       0x20 c:/st/stm32cubeide_1.10.1/stm32cubeide/plugins/com.st.stm32cube.ide.mcu.externaltools.gnu-tools-for-stm32.10.3-2021.10.win32_1.0.0.202111181127/tools/bin/../lib/gcc/arm-none-eabi/10.3.1/../../../../arm-none-eabi/lib/thumb/v7e-m+dp/hard\libc_nano.a(lib_a-findfp.o)
                0x0000000008009ff8                __sf_fake_stdin
 .rodata.__sf_fake_stdout
                0x000000000800a018       0x20 c:/st/stm32cubeide_1.10.1/stm32cubeide/plugins/com.st.stm32cube.ide.mcu.externaltools.gnu-tools-for-stm32.10.3-2021.10.win32_1.0.0.202111181127/tools/bin/../lib/gcc/arm-none-eabi/10.3.1/../../../../arm-none-eabi/lib/thumb/v7e-m+dp/hard\libc_nano.a(lib_a-findfp.o)
                0x000000000800a018                __sf_fake_stdout
 .rodata._vfprintf_r.str1.1
                0x000000000800a038       0x11 c:/st/stm32cubeide_1.10.1/stm32cubeide/plugins/com.st.stm32cube.ide.mcu.externaltools.gnu-tools-for-stm32.10.3-2021.10.win32_1.0.0.202111181127/tools/bin/../lib/gcc/arm-none-eabi/10.3.1/../../../../arm-none-eabi/lib/thumb/v7e-m+dp/hard\libc_nano.a(lib_a-nano-vfprintf.o)
 .rodata._printf_i.str1.1
                0x000000000800a049       0x22 c:/st/stm32cubeide_1.10.1/stm32cubeide/plugins/com.st.stm32cube.ide.mcu.externaltools.gnu-tools-for-stm32.10.3-2021.10.win32_1.0.0.202111181127/tools/bin/../lib/gcc/arm-none-eabi/10.3.1/../../../../arm-none-eabi/lib/thumb/v7e-m+dp/hard\libc_nano.a(lib_a-nano-vfprintf_i.o)
                0x000000000800a06c                . = ALIGN (0x4)
 *fill*         0x000000000800a06b        0x1 

.rel.dyn        0x000000000800a06c        0x0
 .rel.iplt      0x000000000800a06c        0x0 c:/st/stm32cubeide_1.10.1/stm32cubeide/plugins/com.st.stm32cube.ide.mcu.externaltools.gnu-tools-for-stm32.10.3-2021.10.win32_1.0.0.202111181127/tools/bin/../lib/gcc/arm-none-eabi/10.3.1/thumb/v7e-m+dp/hard/crtbegin.o

.ARM.extab
 *(.ARM.extab* .gnu.linkonce.armextab.*)

.ARM            0x000000000800a06c        0x0
                0x000000000800a06c                __exidx_start = .
 *(.ARM.exidx*)
                0x000000000800a06c                __exidx_end = .

.preinit_array  0x000000000800a06c        0x0
                0x000000000800a06c                PROVIDE (__preinit_array_start = .)
 *(.preinit_array*)
                0x000000000800a06c                PROVIDE (__preinit_array_end = .)

.init_array     0x000000000800a06c        0x4
                0x000000000800a06c                PROVIDE (__init_array_start = .)
 *(SORT_BY_NAME(.init_array.*))
 *(.init_array*)
 .init_array    0x000000000800a06c        0x4 c:/st/stm32cubeide_1.10.1/stm32cubeide/plugins/com.st.stm32cube.ide.mcu.externaltools.gnu-tools-for-stm32.10.3-2021.10.win32_1.0.0.202111181127/tools/bin/../lib/gcc/arm-none-eabi/10.3.1/thumb/v7e-m+dp/hard/crtbegin.o
                0x000000000800a070                PROVIDE (__init_array_end = .)

.fini_array     0x000000000800a070        0x4
                [!provide]                        PROVIDE (__fini_array_start = .)
 *(SORT_BY_NAME(.fini_array.*))
 *(.fini_array*)
 .fini_array    0x000000000800a070        0x4 c:/st/stm32cubeide_1.10.1/stm32cubeide/plugins/com.st.stm32cube.ide.mcu.externaltools.gnu-tools-for-stm32.10.3-2021.10.win32_1.0.0.202111181127/tools/bin/../lib/gcc/arm-none-eabi/10.3.1/thumb/v7e-m+dp/hard/crtbegin.o
                [!provide]                        PROVIDE (__fini_array_end = .)
                0x000000000800a074                _sidata = LOADADDR (.data)

.data           0x0000000024000000      0x194 load address 0x000000000800a074
                0x0000000024000000                . = ALIGN (0x4)
                0x0000000024000000                _sdata = .
 *(.data)
 *(.data*)
 .data.SystemCoreClock
                0x0000000024000000        0x4 ./Core/Src/system_stm32h7xx.o
                0x0000000024000000                SystemCoreClock
 .data.SystemD2Clock
                0x0000000024000004        0x4 ./Core/Src/system_stm32h7xx.o
                0x0000000024000004                SystemD2Clock
 .data.uwTickPrio
                0x0000000024000008        0x4 ./Drivers/STM32H7xx_HAL_Driver/Src/stm32h7xx_hal.o
                0x0000000024000008                uwTickPrio
 .data.uwTickFreq
                0x000000002400000c        0x1 ./Drivers/STM32H7xx_HAL_Driver/Src/stm32h7xx_hal.o
                0x000000002400000c                uwTickFreq
 *fill*         0x000000002400000d        0x3 
 .data.USBD_AUDIO
                0x0000000024000010       0x38 ./Middlewares/ST/STM32_USB_Device_Library/Class/AUDIO/Src/usbd_audio.o
                0x0000000024000010                USBD_AUDIO
 .data.USBD_AUDIO_CfgDesc
                0x0000000024000048       0x6d ./Middlewares/ST/STM32_USB_Device_Library/Class/AUDIO/Src/usbd_audio.o
                0x0000000024000048                USBD_AUDIO_CfgDesc
 *fill*         0x00000000240000b5        0x3 
 .data.USBD_AUDIO_DeviceQualifierDesc
                0x00000000240000b8        0xa ./Middlewares/ST/STM32_USB_Device_Library/Class/AUDIO/Src/usbd_audio.o
                0x00000000240000b8                USBD_AUDIO_DeviceQualifierDesc
 .data.AUDIOOutEpAdd
                0x00000000240000c2        0x1 ./Middlewares/ST/STM32_USB_Device_Library/Class/AUDIO/Src/usbd_audio.o
                0x00000000240000c2                AUDIOOutEpAdd
 *fill*         0x00000000240000c3        0x1 
 .data.USBD_AUDIO_fops_HS
                0x00000000240000c4       0x1c ./USB_DEVICE/App/usbd_audio_if.o
                0x00000000240000c4                USBD_AUDIO_fops_HS
 .data.HS_Desc  0x00000000240000e0       0x1c ./USB_DEVICE/App/usbd_desc.o
                0x00000000240000e0                HS_Desc
 .data.USBD_HS_DeviceDesc
                0x00000000240000fc       0x12 ./USB_DEVICE/App/usbd_desc.o
                0x00000000240000fc                USBD_HS_DeviceDesc
 *fill*         0x000000002400010e        0x2 
 .data.USBD_LangIDDesc
                0x0000000024000110        0x4 ./USB_DEVICE/App/usbd_desc.o
                0x0000000024000110                USBD_LangIDDesc
 .data.USBD_StringSerial
                0x0000000024000114       0x1a ./USB_DEVICE/App/usbd_desc.o
                0x0000000024000114                USBD_StringSerial
 *fill*         0x000000002400012e        0x2 
 .data._impure_ptr
                0x0000000024000130        0x4 c:/st/stm32cubeide_1.10.1/stm32cubeide/plugins/com.st.stm32cube.ide.mcu.externaltools.gnu-tools-for-stm32.10.3-2021.10.win32_1.0.0.202111181127/tools/bin/../lib/gcc/arm-none-eabi/10.3.1/../../../../arm-none-eabi/lib/thumb/v7e-m+dp/hard\libc_nano.a(lib_a-impure.o)
                0x0000000024000130                _impure_ptr
 .data.impure_data
                0x0000000024000134       0x60 c:/st/stm32cubeide_1.10.1/stm32cubeide/plugins/com.st.stm32cube.ide.mcu.externaltools.gnu-tools-for-stm32.10.3-2021.10.win32_1.0.0.202111181127/tools/bin/../lib/gcc/arm-none-eabi/10.3.1/../../../../arm-none-eabi/lib/thumb/v7e-m+dp/hard\libc_nano.a(lib_a-impure.o)
 *(.RamFunc)
 *(.RamFunc*)
                0x0000000024000194                . = ALIGN (0x4)
                0x0000000024000194                _edata = .

.igot.plt       0x0000000024000194        0x0 load address 0x000000000800a208
 .igot.plt      0x0000000024000194        0x0 c:/st/stm32cubeide_1.10.1/stm32cubeide/plugins/com.st.stm32cube.ide.mcu.externaltools.gnu-tools-for-stm32.10.3-2021.10.win32_1.0.0.202111181127/tools/bin/../lib/gcc/arm-none-eabi/10.3.1/thumb/v7e-m+dp/hard/crtbegin.o
                0x0000000024000194                . = ALIGN (0x4)

.bss            0x0000000024000194     0x4c74 load address 0x000000000800a208
                0x0000000024000194                _sbss = .
                0x0000000024000194                __bss_start__ = _sbss
 *(.bss)
 .bss           0x0000000024000194       0x1c c:/st/stm32cubeide_1.10.1/stm32cubeide/plugins/com.st.stm32cube.ide.mcu.externaltools.gnu-tools-for-stm32.10.3-2021.10.win32_1.0.0.202111181127/tools/bin/../lib/gcc/arm-none-eabi/10.3.1/thumb/v7e-m+dp/hard/crtbegin.o
 *(.bss*)
 .bss.__sbrk_heap_end
                0x00000000240001b0        0x4 ./Core/Src/sysmem.o
 .bss.uwTick    0x00000000240001b4        0x4 ./Drivers/STM32H7xx_HAL_Driver/Src/stm32h7xx_hal.o
                0x00000000240001b4                uwTick
 .bss.cfgidx.0  0x00000000240001b8        0x1 ./Middlewares/ST/STM32_USB_Device_Library/Core/Src/usbd_ctlreq.o
 *fill*         0x00000000240001b9        0x3 
 .bss.hUsbDeviceHS
                0x00000000240001bc      0x2dc ./USB_DEVICE/App/usb_device.o
                0x00000000240001bc                hUsbDeviceHS
 .bss.USBD_StrDesc
                0x0000000024000498      0x800 ./USB_DEVICE/App/usbd_desc.o
                0x0000000024000498                USBD_StrDesc
 .bss.hpcd_USB_OTG_HS
                0x0000000024000c98      0x50c ./USB_DEVICE/Target/usbd_conf.o
                0x0000000024000c98                hpcd_USB_OTG_HS
 .bss.mem.0     0x00000000240011a4     0x3c54 ./USB_DEVICE/Target/usbd_conf.o
 .bss.__lock___malloc_recursive_mutex
                0x0000000024004df8        0x1 c:/st/stm32cubeide_1.10.1/stm32cubeide/plugins/com.st.stm32cube.ide.mcu.externaltools.gnu-tools-for-stm32.10.3-2021.10.win32_1.0.0.202111181127/tools/bin/../lib/gcc/arm-none-eabi/10.3.1/../../../../arm-none-eabi/lib/thumb/v7e-m+dp/hard\libc_nano.a(lib_a-lock.o)
                0x0000000024004df8                __lock___malloc_recursive_mutex
 .bss.__lock___sfp_recursive_mutex
                0x0000000024004df9        0x1 c:/st/stm32cubeide_1.10.1/stm32cubeide/plugins/com.st.stm32cube.ide.mcu.externaltools.gnu-tools-for-stm32.10.3-2021.10.win32_1.0.0.202111181127/tools/bin/../lib/gcc/arm-none-eabi/10.3.1/../../../../arm-none-eabi/lib/thumb/v7e-m+dp/hard\libc_nano.a(lib_a-lock.o)
                0x0000000024004df9                __lock___sfp_recursive_mutex
 .bss.__lock___sinit_recursive_mutex
                0x0000000024004dfa        0x1 c:/st/stm32cubeide_1.10.1/stm32cubeide/plugins/com.st.stm32cube.ide.mcu.externaltools.gnu-tools-for-stm32.10.3-2021.10.win32_1.0.0.202111181127/tools/bin/../lib/gcc/arm-none-eabi/10.3.1/../../../../arm-none-eabi/lib/thumb/v7e-m+dp/hard\libc_nano.a(lib_a-lock.o)
                0x0000000024004dfa                __lock___sinit_recursive_mutex
 *fill*         0x0000000024004dfb        0x1 
 .bss.__malloc_free_list
                0x0000000024004dfc        0x4 c:/st/stm32cubeide_1.10.1/stm32cubeide/plugins/com.st.stm32cube.ide.mcu.externaltools.gnu-tools-for-stm32.10.3-2021.10.win32_1.0.0.202111181127/tools/bin/../lib/gcc/arm-none-eabi/10.3.1/../../../../arm-none-eabi/lib/thumb/v7e-m+dp/hard\libc_nano.a(lib_a-nano-mallocr.o)
                0x0000000024004dfc                __malloc_free_list
 .bss.__malloc_sbrk_start
                0x0000000024004e00        0x4 c:/st/stm32cubeide_1.10.1/stm32cubeide/plugins/com.st.stm32cube.ide.mcu.externaltools.gnu-tools-for-stm32.10.3-2021.10.win32_1.0.0.202111181127/tools/bin/../lib/gcc/arm-none-eabi/10.3.1/../../../../arm-none-eabi/lib/thumb/v7e-m+dp/hard\libc_nano.a(lib_a-nano-mallocr.o)
                0x0000000024004e00                __malloc_sbrk_start
 .bss.errno     0x0000000024004e04        0x4 c:/st/stm32cubeide_1.10.1/stm32cubeide/plugins/com.st.stm32cube.ide.mcu.externaltools.gnu-tools-for-stm32.10.3-2021.10.win32_1.0.0.202111181127/tools/bin/../lib/gcc/arm-none-eabi/10.3.1/../../../../arm-none-eabi/lib/thumb/v7e-m+dp/hard\libc_nano.a(lib_a-reent.o)
                0x0000000024004e04                errno
 *(COMMON)
                0x0000000024004e08                . = ALIGN (0x4)
                0x0000000024004e08                _ebss = .
                0x0000000024004e08                __bss_end__ = _ebss

._user_heap_stack
                0x0000000024004e08      0x600 load address 0x000000000800a208
                0x0000000024004e08                . = ALIGN (0x8)
                [!provide]                        PROVIDE (end = .)
                0x0000000024004e08                PROVIDE (_end = .)
                0x0000000024005008                . = (. + _Min_Heap_Size)
 *fill*         0x0000000024004e08      0x200 
                0x0000000024005408                . = (. + _Min_Stack_Size)
 *fill*         0x0000000024005008      0x400 
                0x0000000024005408                . = ALIGN (0x8)

/DISCARD/
 libc.a(*)
 libm.a(*)
 libgcc.a(*)

.ARM.attributes
                0x0000000000000000       0x2e
 *(.ARM.attributes)
 .ARM.attributes
                0x0000000000000000       0x1e c:/st/stm32cubeide_1.10.1/stm32cubeide/plugins/com.st.stm32cube.ide.mcu.externaltools.gnu-tools-for-stm32.10.3-2021.10.win32_1.0.0.202111181127/tools/bin/../lib/gcc/arm-none-eabi/10.3.1/thumb/v7e-m+dp/hard/crti.o
 .ARM.attributes
                0x000000000000001e       0x32 c:/st/stm32cubeide_1.10.1/stm32cubeide/plugins/com.st.stm32cube.ide.mcu.externaltools.gnu-tools-for-stm32.10.3-2021.10.win32_1.0.0.202111181127/tools/bin/../lib/gcc/arm-none-eabi/10.3.1/thumb/v7e-m+dp/hard/crtbegin.o
 .ARM.attributes
                0x0000000000000050       0x32 ./Core/Src/main.o
 .ARM.attributes
                0x0000000000000082       0x32 ./Core/Src/stm32h7xx_hal_msp.o
 .ARM.attributes
                0x00000000000000b4       0x32 ./Core/Src/stm32h7xx_it.o
 .ARM.attributes
                0x00000000000000e6       0x32 ./Core/Src/syscalls.o
 .ARM.attributes
                0x0000000000000118       0x32 ./Core/Src/sysmem.o
 .ARM.attributes
                0x000000000000014a       0x32 ./Core/Src/system_stm32h7xx.o
 .ARM.attributes
                0x000000000000017c       0x21 ./Core/Startup/startup_stm32h723zgtx.o
 .ARM.attributes
                0x000000000000019d       0x32 ./Drivers/STM32H7xx_HAL_Driver/Src/stm32h7xx_hal.o
 .ARM.attributes
                0x00000000000001cf       0x32 ./Drivers/STM32H7xx_HAL_Driver/Src/stm32h7xx_hal_cortex.o
 .ARM.attributes
                0x0000000000000201       0x32 ./Drivers/STM32H7xx_HAL_Driver/Src/stm32h7xx_hal_gpio.o
 .ARM.attributes
                0x0000000000000233       0x32 ./Drivers/STM32H7xx_HAL_Driver/Src/stm32h7xx_hal_pcd.o
 .ARM.attributes
                0x0000000000000265       0x32 ./Drivers/STM32H7xx_HAL_Driver/Src/stm32h7xx_hal_pcd_ex.o
 .ARM.attributes
                0x0000000000000297       0x32 ./Drivers/STM32H7xx_HAL_Driver/Src/stm32h7xx_hal_pwr_ex.o
 .ARM.attributes
                0x00000000000002c9       0x32 ./Drivers/STM32H7xx_HAL_Driver/Src/stm32h7xx_hal_rcc.o
 .ARM.attributes
                0x00000000000002fb       0x32 ./Drivers/STM32H7xx_HAL_Driver/Src/stm32h7xx_hal_rcc_ex.o
 .ARM.attributes
                0x000000000000032d       0x32 ./Drivers/STM32H7xx_HAL_Driver/Src/stm32h7xx_ll_usb.o
 .ARM.attributes
                0x000000000000035f       0x32 ./Middlewares/ST/STM32_USB_Device_Library/Class/AUDIO/Src/usbd_audio.o
 .ARM.attributes
                0x0000000000000391       0x32 ./Middlewares/ST/STM32_USB_Device_Library/Core/Src/usbd_core.o
 .ARM.attributes
                0x00000000000003c3       0x32 ./Middlewares/ST/STM32_USB_Device_Library/Core/Src/usbd_ctlreq.o
 .ARM.attributes
                0x00000000000003f5       0x32 ./Middlewares/ST/STM32_USB_Device_Library/Core/Src/usbd_ioreq.o
 .ARM.attributes
                0x0000000000000427       0x32 ./USB_DEVICE/App/usb_device.o
 .ARM.attributes
                0x0000000000000459       0x32 ./USB_DEVICE/App/usbd_audio_if.o
 .ARM.attributes
                0x000000000000048b       0x32 ./USB_DEVICE/App/usbd_desc.o
 .ARM.attributes
                0x00000000000004bd       0x32 ./USB_DEVICE/Target/usbd_conf.o
 .ARM.attributes
                0x00000000000004ef       0x32 c:/st/stm32cubeide_1.10.1/stm32cubeide/plugins/com.st.stm32cube.ide.mcu.externaltools.gnu-tools-for-stm32.10.3-2021.10.win32_1.0.0.202111181127/tools/bin/../lib/gcc/arm-none-eabi/10.3.1/../../../../arm-none-eabi/lib/thumb/v7e-m+dp/hard\libc_nano.a(lib_a-errno.o)
 .ARM.attributes
                0x0000000000000521       0x32 c:/st/stm32cubeide_1.10.1/stm32cubeide/plugins/com.st.stm32cube.ide.mcu.externaltools.gnu-tools-for-stm32.10.3-2021.10.win32_1.0.0.202111181127/tools/bin/../lib/gcc/arm-none-eabi/10.3.1/../../../../arm-none-eabi/lib/thumb/v7e-m+dp/hard\libc_nano.a(lib_a-impure.o)
 .ARM.attributes
                0x0000000000000553       0x32 c:/st/stm32cubeide_1.10.1/stm32cubeide/plugins/com.st.stm32cube.ide.mcu.externaltools.gnu-tools-for-stm32.10.3-2021.10.win32_1.0.0.202111181127/tools/bin/../lib/gcc/arm-none-eabi/10.3.1/../../../../arm-none-eabi/lib/thumb/v7e-m+dp/hard\libc_nano.a(lib_a-init.o)
 .ARM.attributes
                0x0000000000000585       0x32 c:/st/stm32cubeide_1.10.1/stm32cubeide/plugins/com.st.stm32cube.ide.mcu.externaltools.gnu-tools-for-stm32.10.3-2021.10.win32_1.0.0.202111181127/tools/bin/../lib/gcc/arm-none-eabi/10.3.1/../../../../arm-none-eabi/lib/thumb/v7e-m+dp/hard\libc_nano.a(lib_a-memset.o)
 .ARM.attributes
                0x00000000000005b7       0x32 c:/st/stm32cubeide_1.10.1/stm32cubeide/plugins/com.st.stm32cube.ide.mcu.externaltools.gnu-tools-for-stm32.10.3-2021.10.win32_1.0.0.202111181127/tools/bin/../lib/gcc/arm-none-eabi/10.3.1/../../../../arm-none-eabi/lib/thumb/v7e-m+dp/hard\libc_nano.a(lib_a-printf.o)
 .ARM.attributes
                0x00000000000005e9       0x32 c:/st/stm32cubeide_1.10.1/stm32cubeide/plugins/com.st.stm32cube.ide.mcu.externaltools.gnu-tools-for-stm32.10.3-2021.10.win32_1.0.0.202111181127/tools/bin/../lib/gcc/arm-none-eabi/10.3.1/../../../../arm-none-eabi/lib/thumb/v7e-m+dp/hard\libc_nano.a(lib_a-putchar.o)
 .ARM.attributes
                0x000000000000061b       0x32 c:/st/stm32cubeide_1.10.1/stm32cubeide/plugins/com.st.stm32cube.ide.mcu.externaltools.gnu-tools-for-stm32.10.3-2021.10.win32_1.0.0.202111181127/tools/bin/../lib/gcc/arm-none-eabi/10.3.1/../../../../arm-none-eabi/lib/thumb/v7e-m+dp/hard\libc_nano.a(lib_a-findfp.o)
 .ARM.attributes
                0x000000000000064d       0x32 c:/st/stm32cubeide_1.10.1/stm32cubeide/plugins/com.st.stm32cube.ide.mcu.externaltools.gnu-tools-for-stm32.10.3-2021.10.win32_1.0.0.202111181127/tools/bin/../lib/gcc/arm-none-eabi/10.3.1/../../../../arm-none-eabi/lib/thumb/v7e-m+dp/hard\libc_nano.a(lib_a-fwalk.o)
 .ARM.attributes
                0x000000000000067f       0x32 c:/st/stm32cubeide_1.10.1/stm32cubeide/plugins/com.st.stm32cube.ide.mcu.externaltools.gnu-tools-for-stm32.10.3-2021.10.win32_1.0.0.202111181127/tools/bin/../lib/gcc/arm-none-eabi/10.3.1/../../../../arm-none-eabi/lib/thumb/v7e-m+dp/hard\libc_nano.a(lib_a-lock.o)
 .ARM.attributes
                0x00000000000006b1       0x32 c:/st/stm32cubeide_1.10.1/stm32cubeide/plugins/com.st.stm32cube.ide.mcu.externaltools.gnu-tools-for-stm32.10.3-2021.10.win32_1.0.0.202111181127/tools/bin/../lib/gcc/arm-none-eabi/10.3.1/../../../../arm-none-eabi/lib/thumb/v7e-m+dp/hard\libc_nano.a(lib_a-nano-mallocr.o)
 .ARM.attributes
                0x00000000000006e3       0x32 c:/st/stm32cubeide_1.10.1/stm32cubeide/plugins/com.st.stm32cube.ide.mcu.externaltools.gnu-tools-for-stm32.10.3-2021.10.win32_1.0.0.202111181127/tools/bin/../lib/gcc/arm-none-eabi/10.3.1/../../../../arm-none-eabi/lib/thumb/v7e-m+dp/hard\libc_nano.a(lib_a-nano-vfprintf.o)
 .ARM.attributes
                0x0000000000000715       0x32 c:/st/stm32cubeide_1.10.1/stm32cubeide/plugins/com.st.stm32cube.ide.mcu.externaltools.gnu-tools-for-stm32.10.3-2021.10.win32_1.0.0.202111181127/tools/bin/../lib/gcc/arm-none-eabi/10.3.1/../../../../arm-none-eabi/lib/thumb/v7e-m+dp/hard\libc_nano.a(lib_a-nano-vfprintf_i.o)
 .ARM.attributes