Archive member included to satisfy reference by file (symbol)

c:/st/stm32cubeide_1.10.1/stm32cubeide/plugins/com.st.stm32cube.ide.mcu.externaltools.gnu-tools-for-stm32.10.3-2021.10.win32_1.0.0.202111181127/tools/bin/../lib/gcc/arm-none-eabi/10.3.1/../../../../arm-none-eabi/lib/thumb/v7e-m+fp/hard\libc_nano.a(lib_a-errno.o)
                              ./Core/Src/syscalls.o (__errno)
c:/st/stm32cubeide_1.10.1/stm32cubeide/plugins/com.st.stm32cube.ide.mcu.externaltools.gnu-tools-for-stm32.10.3-2021.10.win32_1.0.0.202111181127/tools/bin/../lib/gcc/arm-none-eabi/10.3.1/../../../../arm-none-eabi/lib/thumb/v7e-m+fp/hard\libc_nano.a(lib_a-exit.o)
                              c:/st/stm32cubeide_1.10.1/stm32cubeide/plugins/com.st.stm32cube.ide.mcu.externaltools.gnu-tools-for-stm32.10.3-2021.10.win32_1.0.0.202111181127/tools/bin/../lib/gcc/arm-none-eabi/10.3.1/../../../../arm-none-eabi/lib/thumb/v7e-m+fp/hard/crt0.o (exit)
c:/st/stm32cubeide_1.10.1/stm32cubeide/plugins/com.st.stm32cube.ide.mcu.externaltools.gnu-tools-for-stm32.10.3-2021.10.win32_1.0.0.202111181127/tools/bin/../lib/gcc/arm-none-eabi/10.3.1/../../../../arm-none-eabi/lib/thumb/v7e-m+fp/hard\libc_nano.a(lib_a-impure.o)
                              c:/st/stm32cubeide_1.10.1/stm32cubeide/plugins/com.st.stm32cube.ide.mcu.externaltools.gnu-tools-for-stm32.10.3-2021.10.win32_1.0.0.202111181127/tools/bin/../lib/gcc/arm-none-eabi/10.3.1/../../../../arm-none-eabi/lib/thumb/v7e-m+fp/hard\libc_nano.a(lib_a-exit.o) (_global_impure_ptr)
c:/st/stm32cubeide_1.10.1/stm32cubeide/plugins/com.st.stm32cube.ide.mcu.externaltools.gnu-tools-for-stm32.10.3-2021.10.win32_1.0.0.202111181127/tools/bin/../lib/gcc/arm-none-eabi/10.3.1/../../../../arm-none-eabi/lib/thumb/v7e-m+fp/hard\libc_nano.a(lib_a-init.o)
                              c:/st/stm32cubeide_1.10.1/stm32cubeide/plugins/com.st.stm32cube.ide.mcu.externaltools.gnu-tools-for-stm32.10.3-2021.10.win32_1.0.0.202111181127/tools/bin/../lib/gcc/arm-none-eabi/10.3.1/../../../../arm-none-eabi/lib/thumb/v7e-m+fp/hard/crt0.o (__libc_init_array)
c:/st/stm32cubeide_1.10.1/stm32cubeide/plugins/com.st.stm32cube.ide.mcu.externaltools.gnu-tools-for-stm32.10.3-2021.10.win32_1.0.0.202111181127/tools/bin/../lib/gcc/arm-none-eabi/10.3.1/../../../../arm-none-eabi/lib/thumb/v7e-m+fp/hard\libc_nano.a(lib_a-malloc.o)
                              ./Middlewares/ST/STM32_USB_Device_Library/Class/CDC/Src/usbd_cdc.o (malloc)
c:/st/stm32cubeide_1.10.1/stm32cubeide/plugins/com.st.stm32cube.ide.mcu.externaltools.gnu-tools-for-stm32.10.3-2021.10.win32_1.0.0.202111181127/tools/bin/../lib/gcc/arm-none-eabi/10.3.1/../../../../arm-none-eabi/lib/thumb/v7e-m+fp/hard\libc_nano.a(lib_a-memset.o)
                              c:/st/stm32cubeide_1.10.1/stm32cubeide/plugins/com.st.stm32cube.ide.mcu.externaltools.gnu-tools-for-stm32.10.3-2021.10.win32_1.0.0.202111181127/tools/bin/../lib/gcc/arm-none-eabi/10.3.1/../../../../arm-none-eabi/lib/thumb/v7e-m+fp/hard/crt0.o (memset)
c:/st/stm32cubeide_1.10.1/stm32cubeide/plugins/com.st.stm32cube.ide.mcu.externaltools.gnu-tools-for-stm32.10.3-2021.10.win32_1.0.0.202111181127/tools/bin/../lib/gcc/arm-none-eabi/10.3.1/../../../../arm-none-eabi/lib/thumb/v7e-m+fp/hard\libc_nano.a(lib_a-nano-freer.o)
                              c:/st/stm32cubeide_1.10.1/stm32cubeide/plugins/com.st.stm32cube.ide.mcu.externaltools.gnu-tools-for-stm32.10.3-2021.10.win32_1.0.0.202111181127/tools/bin/../lib/gcc/arm-none-eabi/10.3.1/../../../../arm-none-eabi/lib/thumb/v7e-m+fp/hard\libc_nano.a(lib_a-malloc.o) (_free_r)
c:/st/stm32cubeide_1.10.1/stm32cubeide/plugins/com.st.stm32cube.ide.mcu.externaltools.gnu-tools-for-stm32.10.3-2021.10.win32_1.0.0.202111181127/tools/bin/../lib/gcc/arm-none-eabi/10.3.1/../../../../arm-none-eabi/lib/thumb/v7e-m+fp/hard\libc_nano.a(lib_a-nano-mallocr.o)
                              c:/st/stm32cubeide_1.10.1/stm32cubeide/plugins/com.st.stm32cube.ide.mcu.externaltools.gnu-tools-for-stm32.10.3-2021.10.win32_1.0.0.202111181127/tools/bin/../lib/gcc/arm-none-eabi/10.3.1/../../../../arm-none-eabi/lib/thumb/v7e-m+fp/hard\libc_nano.a(lib_a-malloc.o) (_malloc_r)
c:/st/stm32cubeide_1.10.1/stm32cubeide/plugins/com.st.stm32cube.ide.mcu.externaltools.gnu-tools-for-stm32.10.3-2021.10.win32_1.0.0.202111181127/tools/bin/../lib/gcc/arm-none-eabi/10.3.1/../../../../arm-none-eabi/lib/thumb/v7e-m+fp/hard\libc_nano.a(lib_a-sbrkr.o)
                              c:/st/stm32cubeide_1.10.1/stm32cubeide/plugins/com.st.stm32cube.ide.mcu.externaltools.gnu-tools-for-stm32.10.3-2021.10.win32_1.0.0.202111181127/tools/bin/../lib/gcc/arm-none-eabi/10.3.1/../../../../arm-none-eabi/lib/thumb/v7e-m+fp/hard\libc_nano.a(lib_a-nano-mallocr.o) (_sbrk_r)
c:/st/stm32cubeide_1.10.1/stm32cubeide/plugins/com.st.stm32cube.ide.mcu.externaltools.gnu-tools-for-stm32.10.3-2021.10.win32_1.0.0.202111181127/tools/bin/../lib/gcc/arm-none-eabi/10.3.1/../../../../arm-none-eabi/lib/thumb/v7e-m+fp/hard\libc_nano.a(lib_a-mlock.o)
[...]
Memory Configuration

Name             Origin             Length             Attributes
RAM              0x0000000020000000 0x0000000000050000 xrw
FLASH            0x0000000008000000 0x0000000000010000 xr
*default*        0x0000000000000000 0xffffffffffffffff

Linker script and memory map

LOAD c:/st/stm32cubeide_1.10.1/stm32cubeide/plugins/com.st.stm32cube.ide.mcu.externaltools.gnu-tools-for-stm32.10.3-2021.10.win32_1.0.0.202111181127/tools/bin/../lib/gcc/arm-none-eabi/10.3.1/thumb/v7e-m+fp/hard/crti.o
LOAD c:/st/stm32cubeide_1.10.1/stm32cubeide/plugins/com.st.stm32cube.ide.mcu.externaltools.gnu-tools-for-stm32.10.3-2021.10.win32_1.0.0.202111181127/tools/bin/../lib/gcc/arm-none-eabi/10.3.1/thumb/v7e-m+fp/hard/crtbegin.o
LOAD c:/st/stm32cubeide_1.10.1/stm32cubeide/plugins/com.st.stm32cube.ide.mcu.externaltools.gnu-tools-for-stm32.10.3-2021.10.win32_1.0.0.202111181127/tools/bin/../lib/gcc/arm-none-eabi/10.3.1/../../../../arm-none-eabi/lib/thumb/v7e-m+fp/hard/crt0.o
LOAD ./Core/Src/main.o
LOAD ./Core/Src/stm32f7xx_hal_msp.o
LOAD ./Core/Src/stm32f7xx_it.o
LOAD ./Core/Src/syscalls.o
LOAD ./Core/Src/sysmem.o
LOAD ./Core/Src/system_stm32f7xx.o
LOAD ./Core/Startup/startup_stm32f750n8hx.o
LOAD ./Drivers/STM32F7xx_HAL_Driver/Src/stm32f7xx_hal.o
LOAD ./Drivers/STM32F7xx_HAL_Driver/Src/stm32f7xx_hal_cortex.o
LOAD ./Drivers/STM32F7xx_HAL_Driver/Src/stm32f7xx_hal_dma.o
LOAD ./Drivers/STM32F7xx_HAL_Driver/Src/stm32f7xx_hal_dma_ex.o
LOAD ./Drivers/STM32F7xx_HAL_Driver/Src/stm32f7xx_hal_exti.o
LOAD ./Drivers/STM32F7xx_HAL_Driver/Src/stm32f7xx_hal_flash.o
LOAD ./Drivers/STM32F7xx_HAL_Driver/Src/stm32f7xx_hal_flash_ex.o
LOAD ./Drivers/STM32F7xx_HAL_Driver/Src/stm32f7xx_hal_gpio.o
LOAD ./Drivers/STM32F7xx_HAL_Driver/Src/stm32f7xx_hal_i2c.o
LOAD ./Drivers/STM32F7xx_HAL_Driver/Src/stm32f7xx_hal_i2c_ex.o
LOAD ./Drivers/STM32F7xx_HAL_Driver/Src/stm32f7xx_hal_pcd.o
LOAD ./Drivers/STM32F7xx_HAL_Driver/Src/stm32f7xx_hal_pcd_ex.o
LOAD ./Drivers/STM32F7xx_HAL_Driver/Src/stm32f7xx_hal_pwr.o
LOAD ./Drivers/STM32F7xx_HAL_Driver/Src/stm32f7xx_hal_pwr_ex.o
LOAD ./Drivers/STM32F7xx_HAL_Driver/Src/stm32f7xx_hal_rcc.o
LOAD ./Drivers/STM32F7xx_HAL_Driver/Src/stm32f7xx_hal_rcc_ex.o
LOAD ./Drivers/STM32F7xx_HAL_Driver/Src/stm32f7xx_hal_tim.o
LOAD ./Drivers/STM32F7xx_HAL_Driver/Src/stm32f7xx_hal_tim_ex.o
LOAD ./Drivers/STM32F7xx_HAL_Driver/Src/stm32f7xx_ll_usb.o
LOAD ./Middlewares/ST/STM32_USB_Device_Library/Class/CDC/Src/usbd_cdc.o
LOAD ./Middlewares/ST/STM32_USB_Device_Library/Core/Src/usbd_core.o
LOAD ./Middlewares/ST/STM32_USB_Device_Library/Core/Src/usbd_ctlreq.o
LOAD ./Middlewares/ST/STM32_USB_Device_Library/Core/Src/usbd_ioreq.o
LOAD ./USB_DEVICE/App/usb_device.o
LOAD ./USB_DEVICE/App/usbd_cdc_if.o
LOAD ./USB_DEVICE/App/usbd_desc.o
LOAD ./USB_DEVICE/Target/usbd_conf.o
START GROUP
LOAD c:/st/stm32cubeide_1.10.1/stm32cubeide/plugins/com.st.stm32cube.ide.mcu.externaltools.gnu-tools-for-stm32.10.3-2021.10.win32_1.0.0.202111181127/tools/bin/../lib/gcc/arm-none-eabi/10.3.1/../../../../arm-none-eabi/lib/thumb/v7e-m+fp/hard\libc_nano.a
LOAD c:/st/stm32cubeide_1.10.1/stm32cubeide/plugins/com.st.stm32cube.ide.mcu.externaltools.gnu-tools-for-stm32.10.3-2021.10.win32_1.0.0.202111181127/tools/bin/../lib/gcc/arm-none-eabi/10.3.1/../../../../arm-none-eabi/lib/thumb/v7e-m+fp/hard\libm.a
END GROUP
START GROUP
LOAD c:/st/stm32cubeide_1.10.1/stm32cubeide/plugins/com.st.stm32cube.ide.mcu.externaltools.gnu-tools-for-stm32.10.3-2021.10.win32_1.0.0.202111181127/tools/bin/../lib/gcc/arm-none-eabi/10.3.1/thumb/v7e-m+fp/hard\libgcc.a
LOAD c:/st/stm32cubeide_1.10.1/stm32cubeide/plugins/com.st.stm32cube.ide.mcu.externaltools.gnu-tools-for-stm32.10.3-2021.10.win32_1.0.0.202111181127/tools/bin/../lib/gcc/arm-none-eabi/10.3.1/../../../../arm-none-eabi/lib/thumb/v7e-m+fp/hard\libc_nano.a
END GROUP
START GROUP
LOAD c:/st/stm32cubeide_1.10.1/stm32cubeide/plugins/com.st.stm32cube.ide.mcu.externaltools.gnu-tools-for-stm32.10.3-2021.10.win32_1.0.0.202111181127/tools/bin/../lib/gcc/arm-none-eabi/10.3.1/thumb/v7e-m+fp/hard\libgcc.a
LOAD c:/st/stm32cubeide_1.10.1/stm32cubeide/plugins/com.st.stm32cube.ide.mcu.externaltools.gnu-tools-for-stm32.10.3-2021.10.win32_1.0.0.202111181127/tools/bin/../lib/gcc/arm-none-eabi/10.3.1/../../../../arm-none-eabi/lib/thumb/v7e-m+fp/hard\libc_nano.a
LOAD c:/st/stm32cubeide_1.10.1/stm32cubeide/plugins/com.st.stm32cube.ide.mcu.externaltools.gnu-tools-for-stm32.10.3-2021.10.win32_1.0.0.202111181127/tools/bin/../lib/gcc/arm-none-eabi/10.3.1/../../../../arm-none-eabi/lib/thumb/v7e-m+fp/hard\libnosys.a
END GROUP
START GROUP
LOAD c:/st/stm32cubeide_1.10.1/stm32cubeide/plugins/com.st.stm32cube.ide.mcu.externaltools.gnu-tools-for-stm32.10.3-2021.10.win32_1.0.0.202111181127/tools/bin/../lib/gcc/arm-none-eabi/10.3.1/thumb/v7e-m+fp/hard\libgcc.a
LOAD c:/st/stm32cubeide_1.10.1/stm32cubeide/plugins/com.st.stm32cube.ide.mcu.externaltools.gnu-tools-for-stm32.10.3-2021.10.win32_1.0.0.202111181127/tools/bin/../lib/gcc/arm-none-eabi/10.3.1/../../../../arm-none-eabi/lib/thumb/v7e-m+fp/hard\libc_nano.a
LOAD c:/st/stm32cubeide_1.10.1/stm32cubeide/plugins/com.st.stm32cube.ide.mcu.externaltools.gnu-tools-for-stm32.10.3-2021.10.win32_1.0.0.202111181127/tools/bin/../lib/gcc/arm-none-eabi/10.3.1/../../../../arm-none-eabi/lib/thumb/v7e-m+fp/hard\libnosys.a
END GROUP
LOAD c:/st/stm32cubeide_1.10.1/stm32cubeide/plugins/com.st.stm32cube.ide.mcu.externaltools.gnu-tools-for-stm32.10.3-2021.10.win32_1.0.0.202111181127/tools/bin/../lib/gcc/arm-none-eabi/10.3.1/thumb/v7e-m+fp/hard/crtend.o
LOAD c:/st/stm32cubeide_1.10.1/stm32cubeide/plugins/com.st.stm32cube.ide.mcu.externaltools.gnu-tools-for-stm32.10.3-2021.10.win32_1.0.0.202111181127/tools/bin/../lib/gcc/arm-none-eabi/10.3.1/thumb/v7e-m+fp/hard/crtn.o
                0x0000000020050000                _estack = (ORIGIN (RAM) + LENGTH (RAM))
                0x0000000000000200                _Min_Heap_Size = 0x200
                0x0000000000000400                _Min_Stack_Size = 0x400

.isr_vector     0x0000000008000000      0x1c8
                0x0000000008000000                . = ALIGN (0x4)
 *(.isr_vector)
 .isr_vector    0x0000000008000000      0x1c8 ./Core/Startup/startup_stm32f750n8hx.o
                0x0000000008000000                g_pfnVectors
                0x00000000080001c8                . = ALIGN (0x4)

.text           0x00000000080001c8     0x7a80
                0x00000000080001c8                . = ALIGN (0x4)
 *(.text)
 .text          0x00000000080001c8       0x40 c:/st/stm32cubeide_1.10.1/stm32cubeide/plugins/com.st.stm32cube.ide.mcu.externaltools.gnu-tools-for-stm32.10.3-2021.10.win32_1.0.0.202111181127/tools/bin/../lib/gcc/arm-none-eabi/10.3.1/thumb/v7e-m+fp/hard/crtbegin.o
 .text          0x0000000008000208       0x30 c:/st/stm32cubeide_1.10.1/stm32cubeide/plugins/com.st.stm32cube.ide.mcu.externaltools.gnu-tools-for-stm32.10.3-2021.10.win32_1.0.0.202111181127/tools/bin/../lib/gcc/arm-none-eabi/10.3.1/thumb/v7e-m+fp/hard\libgcc.a(_aeabi_uldivmod.o)
                0x0000000008000208                __aeabi_uldivmod
 .text          0x0000000008000238      0x2d0 c:/st/stm32cubeide_1.10.1/stm32cubeide/plugins/com.st.stm32cube.ide.mcu.externaltools.gnu-tools-for-stm32.10.3-2021.10.win32_1.0.0.202111181127/tools/bin/../lib/gcc/arm-none-eabi/10.3.1/thumb/v7e-m+fp/hard\libgcc.a(_udivmoddi4.o)
                0x0000000008000238                __udivmoddi4
 .text          0x0000000008000508        0x4 c:/st/stm32cubeide_1.10.1/stm32cubeide/plugins/com.st.stm32cube.ide.mcu.externaltools.gnu-tools-for-stm32.10.3-2021.10.win32_1.0.0.202111181127/tools/bin/../lib/gcc/arm-none-eabi/10.3.1/thumb/v7e-m+fp/hard\libgcc.a(_dvmd_tls.o)
                0x0000000008000508                __aeabi_idiv0
                0x0000000008000508                __aeabi_ldiv0
 *(.text*)
 .text.main     0x000000000800050c       0x9c ./Core/Src/main.o
                0x000000000800050c                main
 .text.SystemClock_Config
                0x00000000080005a8       0xd0 ./Core/Src/main.o
                0x00000000080005a8                SystemClock_Config
 .text.MX_GPIO_Init
                0x0000000008000678      0x8a8 ./Core/Src/main.o
 .text.Error_Handler
                0x0000000008000f20        0xa ./Core/Src/main.o
                0x0000000008000f20                Error_Handler
 *fill*         0x0000000008000f2a        0x2 
 .text.HAL_MspInit
                0x0000000008000f2c       0x48 ./Core/Src/stm32f7xx_hal_msp.o
                0x0000000008000f2c                HAL_MspInit
 .text.NMI_Handler
                0x0000000008000f74        0x6 ./Core/Src/stm32f7xx_it.o
                0x0000000008000f74                NMI_Handler
 .text.HardFault_Handler
                0x0000000008000f7a        0x6 ./Core/Src/stm32f7xx_it.o
                0x0000000008000f7a                HardFault_Handler
 .text.MemManage_Handler
                0x0000000008000f80        0x6 ./Core/Src/stm32f7xx_it.o
                0x0000000008000f80                MemManage_Handler
 .text.BusFault_Handler
                0x0000000008000f86        0x6 ./Core/Src/stm32f7xx_it.o
                0x0000000008000f86                BusFault_Handler
 .text.UsageFault_Handler
                0x0000000008000f8c        0x6 ./Core/Src/stm32f7xx_it.o
                0x0000000008000f8c                UsageFault_Handler
 .text.SVC_Handler
                0x0000000008000f92        0xe ./Core/Src/stm32f7xx_it.o
                0x0000000008000f92                SVC_Handler
 .text.DebugMon_Handler
                0x0000000008000fa0        0xe ./Core/Src/stm32f7xx_it.o
                0x0000000008000fa0                DebugMon_Handler
 .text.PendSV_Handler
                0x0000000008000fae        0xe ./Core/Src/stm32f7xx_it.o
                0x0000000008000fae                PendSV_Handler
 .text.SysTick_Handler
                0x0000000008000fbc        0xc ./Core/Src/stm32f7xx_it.o
                0x0000000008000fbc                SysTick_Handler
 .text.OTG_HS_IRQHandler
                0x0000000008000fc8       0x14 ./Core/Src/stm32f7xx_it.o
                0x0000000008000fc8                OTG_HS_IRQHandler
 .text._sbrk    0x0000000008000fdc       0x6c ./Core/Src/sysmem.o
                0x0000000008000fdc                _sbrk
 .text.SystemInit
                0x0000000008001048       0x24 ./Core/Src/system_stm32f7xx.o
                0x0000000008001048                SystemInit
 .text.Reset_Handler
                0x000000000800106c       0x50 ./Core/Startup/startup_stm32f750n8hx.o
                0x000000000800106c                Reset_Handler
 .text.Default_Handler
                0x00000000080010bc        0x2 ./Core/Startup/startup_stm32f750n8hx.o
                0x00000000080010bc                RTC_Alarm_IRQHandler
                0x00000000080010bc                HASH_RNG_IRQHandler
                0x00000000080010bc                EXTI2_IRQHandler
                0x00000000080010bc                TIM8_CC_IRQHandler
                0x00000000080010bc                UART8_IRQHandler
                0x00000000080010bc                SPI4_IRQHandler
                0x00000000080010bc                TIM1_CC_IRQHandler
                0x00000000080010bc                DMA2_Stream5_IRQHandler
                0x00000000080010bc                DMA1_Stream5_IRQHandler
                0x00000000080010bc                PVD_IRQHandler
                0x00000000080010bc                TAMP_STAMP_IRQHandler
                0x00000000080010bc                CAN2_RX1_IRQHandler
                0x00000000080010bc                EXTI3_IRQHandler
                0x00000000080010bc                TIM8_TRG_COM_TIM14_IRQHandler
                0x00000000080010bc                TIM1_UP_TIM10_IRQHandler
                0x00000000080010bc                TIM8_UP_TIM13_IRQHandler
                0x00000000080010bc                I2C3_ER_IRQHandler
                0x00000000080010bc                EXTI0_IRQHandler
                0x00000000080010bc                I2C2_EV_IRQHandler
                0x00000000080010bc                DMA1_Stream2_IRQHandler
                0x00000000080010bc                CAN1_RX0_IRQHandler
                0x00000000080010bc                FPU_IRQHandler
                0x00000000080010bc                OTG_HS_WKUP_IRQHandler
                0x00000000080010bc                LTDC_ER_IRQHandler
                0x00000000080010bc                CAN2_SCE_IRQHandler
                0x00000000080010bc                DMA2_Stream2_IRQHandler
                0x00000000080010bc                SPI1_IRQHandler
                0x00000000080010bc                TIM6_DAC_IRQHandler
                0x00000000080010bc                TIM1_BRK_TIM9_IRQHandler
                0x00000000080010bc                DCMI_IRQHandler
                0x00000000080010bc                CAN2_RX0_IRQHandler
                0x00000000080010bc                DMA2_Stream3_IRQHandler
                0x00000000080010bc                SAI2_IRQHandler
                0x00000000080010bc                USART6_IRQHandler
                0x00000000080010bc                USART3_IRQHandler
                0x00000000080010bc                CRYP_IRQHandler
                0x00000000080010bc                CAN1_RX1_IRQHandler
                0x00000000080010bc                UART5_IRQHandler
                0x00000000080010bc                DMA2_Stream0_IRQHandler
                0x00000000080010bc                TIM4_IRQHandler
                0x00000000080010bc                QUADSPI_IRQHandler
                0x00000000080010bc                I2C1_EV_IRQHandler
                0x00000000080010bc                DMA1_Stream6_IRQHandler
                0x00000000080010bc                DMA1_Stream1_IRQHandler
                0x00000000080010bc                UART4_IRQHandler
                0x00000000080010bc                TIM3_IRQHandler
                0x00000000080010bc                RCC_IRQHandler
                0x00000000080010bc                TIM8_BRK_TIM12_IRQHandler
                0x00000000080010bc                Default_Handler
                0x00000000080010bc                CEC_IRQHandler
                0x00000000080010bc                EXTI15_10_IRQHandler
                0x00000000080010bc                ADC_IRQHandler
                0x00000000080010bc                DMA1_Stream7_IRQHandler
                0x00000000080010bc                SPI5_IRQHandler
                0x00000000080010bc                TIM7_IRQHandler
                0x00000000080010bc                SDMMC1_IRQHandler
                0x00000000080010bc                CAN2_TX_IRQHandler
                0x00000000080010bc                TIM5_IRQHandler
                0x00000000080010bc                DMA2_Stream7_IRQHandler
                0x00000000080010bc                I2C3_EV_IRQHandler
                0x00000000080010bc                EXTI9_5_IRQHandler
                0x00000000080010bc                RTC_WKUP_IRQHandler
                0x00000000080010bc                LTDC_IRQHandler
                0x00000000080010bc                ETH_WKUP_IRQHandler
                0x00000000080010bc                SPDIF_RX_IRQHandler
                0x00000000080010bc                SPI2_IRQHandler
                0x00000000080010bc                OTG_HS_EP1_IN_IRQHandler
                0x00000000080010bc                DMA1_Stream0_IRQHandler
                0x00000000080010bc                CAN1_TX_IRQHandler
                0x00000000080010bc                EXTI4_IRQHandler
                0x00000000080010bc                ETH_IRQHandler
                0x00000000080010bc                OTG_HS_EP1_OUT_IRQHandler
                0x00000000080010bc                WWDG_IRQHandler
                0x00000000080010bc                SPI6_IRQHandler
                0x00000000080010bc                I2C4_EV_IRQHandler
                0x00000000080010bc                TIM2_IRQHandler
                0x00000000080010bc                OTG_FS_WKUP_IRQHandler
                0x00000000080010bc                TIM1_TRG_COM_TIM11_IRQHandler
                0x00000000080010bc                DMA2D_IRQHandler
                0x00000000080010bc                EXTI1_IRQHandler
                0x00000000080010bc                UART7_IRQHandler
                0x00000000080010bc                USART2_IRQHandler
                0x00000000080010bc                I2C2_ER_IRQHandler
                0x00000000080010bc                DMA2_Stream1_IRQHandler
                0x00000000080010bc                CAN1_SCE_IRQHandler
                0x00000000080010bc                FLASH_IRQHandler
                0x00000000080010bc                DMA2_Stream4_IRQHandler
                0x00000000080010bc                USART1_IRQHandler
                0x00000000080010bc                OTG_FS_IRQHandler
                0x00000000080010bc                SPI3_IRQHandler
                0x00000000080010bc                DMA1_Stream4_IRQHandler
                0x00000000080010bc                I2C1_ER_IRQHandler
                0x00000000080010bc                FMC_IRQHandler
                0x00000000080010bc                LPTIM1_IRQHandler
                0x00000000080010bc                I2C4_ER_IRQHandler
                0x00000000080010bc                DMA2_Stream6_IRQHandler
                0x00000000080010bc                SAI1_IRQHandler
                0x00000000080010bc                DMA1_Stream3_IRQHandler
 .text.HAL_Init
                0x00000000080010be       0x1a ./Drivers/STM32F7xx_HAL_Driver/Src/stm32f7xx_hal.o
                0x00000000080010be                HAL_Init
 .text.HAL_InitTick
                0x00000000080010d8       0x60 ./Drivers/STM32F7xx_HAL_Driver/Src/stm32f7xx_hal.o
                0x00000000080010d8                HAL_InitTick
 .text.HAL_IncTick
                0x0000000008001138       0x28 ./Drivers/STM32F7xx_HAL_Driver/Src/stm32f7xx_hal.o
                0x0000000008001138                HAL_IncTick
 .text.HAL_GetTick
                0x0000000008001160       0x18 ./Drivers/STM32F7xx_HAL_Driver/Src/stm32f7xx_hal.o
                0x0000000008001160                HAL_GetTick
 .text.HAL_Delay
                0x0000000008001178       0x48 ./Drivers/STM32F7xx_HAL_Driver/Src/stm32f7xx_hal.o
                0x0000000008001178                HAL_Delay
 .text.__NVIC_SetPriorityGrouping
                0x00000000080011c0       0x48 ./Drivers/STM32F7xx_HAL_Driver/Src/stm32f7xx_hal_cortex.o
 .text.__NVIC_GetPriorityGrouping
                0x0000000008001208       0x1c ./Drivers/STM32F7xx_HAL_Driver/Src/stm32f7xx_hal_cortex.o
 .text.__NVIC_EnableIRQ
                0x0000000008001224       0x3c ./Drivers/STM32F7xx_HAL_Driver/Src/stm32f7xx_hal_cortex.o
 .text.__NVIC_SetPriority
                0x0000000008001260       0x54 ./Drivers/STM32F7xx_HAL_Driver/Src/stm32f7xx_hal_cortex.o
 .text.NVIC_EncodePriority
                0x00000000080012b4       0x66 ./Drivers/STM32F7xx_HAL_Driver/Src/stm32f7xx_hal_cortex.o
 *fill*         0x000000000800131a        0x2 
 .text.SysTick_Config
                0x000000000800131c       0x44 ./Drivers/STM32F7xx_HAL_Driver/Src/stm32f7xx_hal_cortex.o
 .text.HAL_NVIC_SetPriorityGrouping
                0x0000000008001360       0x16 ./Drivers/STM32F7xx_HAL_Driver/Src/stm32f7xx_hal_cortex.o
                0x0000000008001360                HAL_NVIC_SetPriorityGrouping
 .text.HAL_NVIC_SetPriority
                0x0000000008001376       0x38 ./Drivers/STM32F7xx_HAL_Driver/Src/stm32f7xx_hal_cortex.o
                0x0000000008001376                HAL_NVIC_SetPriority
 .text.HAL_NVIC_EnableIRQ
                0x00000000080013ae       0x1c ./Drivers/STM32F7xx_HAL_Driver/Src/stm32f7xx_hal_cortex.o
                0x00000000080013ae                HAL_NVIC_EnableIRQ
 .text.HAL_SYSTICK_Config
                0x00000000080013ca       0x18 ./Drivers/STM32F7xx_HAL_Driver/Src/stm32f7xx_hal_cortex.o
                0x00000000080013ca                HAL_SYSTICK_Config
 *fill*         0x00000000080013e2        0x2 
 .text.HAL_GPIO_Init
                0x00000000080013e4      0x358 ./Drivers/STM32F7xx_HAL_Driver/Src/stm32f7xx_hal_gpio.o
                0x00000000080013e4                HAL_GPIO_Init
 .text.HAL_GPIO_WritePin
                0x000000000800173c       0x32 ./Drivers/STM32F7xx_HAL_Driver/Src/stm32f7xx_hal_gpio.o
                0x000000000800173c                HAL_GPIO_WritePin
 .text.HAL_PCD_Init
                0x000000000800176e      0x248 ./Drivers/STM32F7xx_HAL_Driver/Src/stm32f7xx_hal_pcd.o
                0x000000000800176e                HAL_PCD_Init
 .text.HAL_PCD_Start
                0x00000000080019b6       0x44 ./Drivers/STM32F7xx_HAL_Driver/Src/stm32f7xx_hal_pcd.o
                0x00000000080019b6                HAL_PCD_Start
 .text.HAL_PCD_IRQHandler
                0x00000000080019fa      0x998 ./Drivers/STM32F7xx_HAL_Driver/Src/stm32f7xx_hal_pcd.o
                0x00000000080019fa                HAL_PCD_IRQHandler
 .text.HAL_PCD_SetAddress
                0x0000000008002392       0x4a ./Drivers/STM32F7xx_HAL_Driver/Src/stm32f7xx_hal_pcd.o
                0x0000000008002392                HAL_PCD_SetAddress
 .text.HAL_PCD_EP_Open
                0x00000000080023dc       0xd0 ./Drivers/STM32F7xx_HAL_Driver/Src/stm32f7xx_hal_pcd.o
                0x00000000080023dc                HAL_PCD_EP_Open
 .text.HAL_PCD_EP_Close
                0x00000000080024ac       0x94 ./Drivers/STM32F7xx_HAL_Driver/Src/stm32f7xx_hal_pcd.o
                0x00000000080024ac                HAL_PCD_EP_Close
 .text.HAL_PCD_EP_Receive
                0x0000000008002540       0x96 ./Drivers/STM32F7xx_HAL_Driver/Src/stm32f7xx_hal_pcd.o
                0x0000000008002540                HAL_PCD_EP_Receive
 .text.HAL_PCD_EP_GetRxCount
                0x00000000080025d6       0x30 ./Drivers/STM32F7xx_HAL_Driver/Src/stm32f7xx_hal_pcd.o
                0x00000000080025d6                HAL_PCD_EP_GetRxCount
 .text.HAL_PCD_EP_Transmit
                0x0000000008002606       0x94 ./Drivers/STM32F7xx_HAL_Driver/Src/stm32f7xx_hal_pcd.o
                0x0000000008002606                HAL_PCD_EP_Transmit
 .text.HAL_PCD_EP_SetStall
                0x000000000800269a       0xc8 ./Drivers/STM32F7xx_HAL_Driver/Src/stm32f7xx_hal_pcd.o
                0x000000000800269a                HAL_PCD_EP_SetStall
 .text.HAL_PCD_EP_ClrStall
                0x0000000008002762       0xac ./Drivers/STM32F7xx_HAL_Driver/Src/stm32f7xx_hal_pcd.o
                0x0000000008002762                HAL_PCD_EP_ClrStall
 .text.HAL_PCD_EP_Abort
                0x000000000800280e       0x62 ./Drivers/STM32F7xx_HAL_Driver/Src/stm32f7xx_hal_pcd.o
                0x000000000800280e                HAL_PCD_EP_Abort
 .text.PCD_WriteEmptyTxFifo
                0x0000000008002870      0x11a ./Drivers/STM32F7xx_HAL_Driver/Src/stm32f7xx_hal_pcd.o
 *fill*         0x000000000800298a        0x2 
 .text.PCD_EP_OutXfrComplete_int
                0x000000000800298c      0x1d0 ./Drivers/STM32F7xx_HAL_Driver/Src/stm32f7xx_hal_pcd.o
 .text.PCD_EP_OutSetupPacket_int
                0x0000000008002b5c       0x8c ./Drivers/STM32F7xx_HAL_Driver/Src/stm32f7xx_hal_pcd.o
 .text.HAL_PCDEx_SetTxFiFo
                0x0000000008002be8       0x8e ./Drivers/STM32F7xx_HAL_Driver/Src/stm32f7xx_hal_pcd_ex.o
                0x0000000008002be8                HAL_PCDEx_SetTxFiFo
 .text.HAL_PCDEx_SetRxFiFo
                0x0000000008002c76       0x22 ./Drivers/STM32F7xx_HAL_Driver/Src/stm32f7xx_hal_pcd_ex.o
                0x0000000008002c76                HAL_PCDEx_SetRxFiFo
 .text.HAL_PCDEx_ActivateLPM
                0x0000000008002c98       0x48 ./Drivers/STM32F7xx_HAL_Driver/Src/stm32f7xx_hal_pcd_ex.o
                0x0000000008002c98                HAL_PCDEx_ActivateLPM
 .text.HAL_RCC_OscConfig
                0x0000000008002ce0      0x548 ./Drivers/STM32F7xx_HAL_Driver/Src/stm32f7xx_hal_rcc.o
                0x0000000008002ce0                HAL_RCC_OscConfig
 .text.HAL_RCC_ClockConfig
                0x0000000008003228      0x1d8 ./Drivers/STM32F7xx_HAL_Driver/Src/stm32f7xx_hal_rcc.o
                0x0000000008003228                HAL_RCC_ClockConfig
 .text.HAL_RCC_GetSysClockFreq
                0x0000000008003400      0x18c ./Drivers/STM32F7xx_HAL_Driver/Src/stm32f7xx_hal_rcc.o
                0x0000000008003400                HAL_RCC_GetSysClockFreq
 .text.HAL_RCC_GetHCLKFreq
                0x000000000800358c       0x18 ./Drivers/STM32F7xx_HAL_Driver/Src/stm32f7xx_hal_rcc.o
                0x000000000800358c                HAL_RCC_GetHCLKFreq
 .text.USB_CoreInit
                0x00000000080035a4       0xb0 ./Drivers/STM32F7xx_HAL_Driver/Src/stm32f7xx_ll_usb.o
                0x00000000080035a4                USB_CoreInit
 .text.USB_SetTurnaroundTime
                0x0000000008003654      0x144 ./Drivers/STM32F7xx_HAL_Driver/Src/stm32f7xx_ll_usb.o
                0x0000000008003654                USB_SetTurnaroundTime
 .text.USB_EnableGlobalInt
                0x0000000008003798       0x22 ./Drivers/STM32F7xx_HAL_Driver/Src/stm32f7xx_ll_usb.o
                0x0000000008003798                USB_EnableGlobalInt
 .text.USB_DisableGlobalInt
                0x00000000080037ba       0x22 ./Drivers/STM32F7xx_HAL_Driver/Src/stm32f7xx_ll_usb.o
                0x00000000080037ba                USB_DisableGlobalInt
 .text.USB_SetCurrentMode
                0x00000000080037dc       0x98 ./Drivers/STM32F7xx_HAL_Driver/Src/stm32f7xx_ll_usb.o
                0x00000000080037dc                USB_SetCurrentMode
 .text.USB_DevInit
                0x0000000008003874      0x2bc ./Drivers/STM32F7xx_HAL_Driver/Src/stm32f7xx_ll_usb.o
                0x0000000008003874                USB_DevInit
 .text.USB_FlushTxFifo
                0x0000000008003b30       0x68 ./Drivers/STM32F7xx_HAL_Driver/Src/stm32f7xx_ll_usb.o
                0x0000000008003b30                USB_FlushTxFifo
 .text.USB_FlushRxFifo
                0x0000000008003b98       0x60 ./Drivers/STM32F7xx_HAL_Driver/Src/stm32f7xx_ll_usb.o
                0x0000000008003b98                USB_FlushRxFifo
 .text.USB_SetDevSpeed
                0x0000000008003bf8       0x32 ./Drivers/STM32F7xx_HAL_Driver/Src/stm32f7xx_ll_usb.o
                0x0000000008003bf8                USB_SetDevSpeed
 .text.USB_GetDevSpeed
                0x0000000008003c2a       0x4a ./Drivers/STM32F7xx_HAL_Driver/Src/stm32f7xx_ll_usb.o
                0x0000000008003c2a                USB_GetDevSpeed
 .text.USB_ActivateEndpoint
                0x0000000008003c74      0x110 ./Drivers/STM32F7xx_HAL_Driver/Src/stm32f7xx_ll_usb.o
                0x0000000008003c74                USB_ActivateEndpoint
 .text.USB_DeactivateEndpoint
                0x0000000008003d84      0x1b8 ./Drivers/STM32F7xx_HAL_Driver/Src/stm32f7xx_ll_usb.o
                0x0000000008003d84                USB_DeactivateEndpoint
 .text.USB_EPStartXfer
                0x0000000008003f3c      0x4a0 ./Drivers/STM32F7xx_HAL_Driver/Src/stm32f7xx_ll_usb.o
                0x0000000008003f3c                USB_EPStartXfer
 .text.USB_EP0StartXfer
                0x00000000080043dc      0x2b8 ./Drivers/STM32F7xx_HAL_Driver/Src/stm32f7xx_ll_usb.o
                0x00000000080043dc                USB_EP0StartXfer
 .text.USB_EPStopXfer
                0x0000000008004694      0x154 ./Drivers/STM32F7xx_HAL_Driver/Src/stm32f7xx_ll_usb.o
                0x0000000008004694                USB_EPStopXfer
 .text.USB_WritePacket
                0x00000000080047e8       0x7c ./Drivers/STM32F7xx_HAL_Driver/Src/stm32f7xx_ll_usb.o
                0x00000000080047e8                USB_WritePacket
 .text.USB_ReadPacket
                0x0000000008004864       0xb0 ./Drivers/STM32F7xx_HAL_Driver/Src/stm32f7xx_ll_usb.o
                0x0000000008004864                USB_ReadPacket
 .text.USB_EPSetStall
                0x0000000008004914       0xdc ./Drivers/STM32F7xx_HAL_Driver/Src/stm32f7xx_ll_usb.o
                0x0000000008004914                USB_EPSetStall
 .text.USB_EPClearStall
                0x00000000080049f0       0xcc ./Drivers/STM32F7xx_HAL_Driver/Src/stm32f7xx_ll_usb.o
                0x00000000080049f0                USB_EPClearStall
 .text.USB_SetDevAddress
                0x0000000008004abc       0x4c ./Drivers/STM32F7xx_HAL_Driver/Src/stm32f7xx_ll_usb.o
                0x0000000008004abc                USB_SetDevAddress
 .text.USB_DevConnect
                0x0000000008004b08       0x42 ./Drivers/STM32F7xx_HAL_Driver/Src/stm32f7xx_ll_usb.o
                0x0000000008004b08                USB_DevConnect
 .text.USB_DevDisconnect
                0x0000000008004b4a       0x42 ./Drivers/STM32F7xx_HAL_Driver/Src/stm32f7xx_ll_usb.o
                0x0000000008004b4a                USB_DevDisconnect
 .text.USB_ReadInterrupts
                0x0000000008004b8c       0x26 ./Drivers/STM32F7xx_HAL_Driver/Src/stm32f7xx_ll_usb.o
                0x0000000008004b8c                USB_ReadInterrupts
 .text.USB_ReadDevAllOutEpInterrupt
                0x0000000008004bb2       0x34 ./Drivers/STM32F7xx_HAL_Driver/Src/stm32f7xx_ll_usb.o
                0x0000000008004bb2                USB_ReadDevAllOutEpInterrupt
 .text.USB_ReadDevAllInEpInterrupt
                0x0000000008004be6       0x34 ./Drivers/STM32F7xx_HAL_Driver/Src/stm32f7xx_ll_usb.o
                0x0000000008004be6                USB_ReadDevAllInEpInterrupt
 .text.USB_ReadDevOutEPInterrupt
                0x0000000008004c1a       0x3c ./Drivers/STM32F7xx_HAL_Driver/Src/stm32f7xx_ll_usb.o
                0x0000000008004c1a                USB_ReadDevOutEPInterrupt
 .text.USB_ReadDevInEPInterrupt
                0x0000000008004c56       0x5c ./Drivers/STM32F7xx_HAL_Driver/Src/stm32f7xx_ll_usb.o
                0x0000000008004c56                USB_ReadDevInEPInterrupt
 .text.USB_GetMode
                0x0000000008004cb2       0x1c ./Drivers/STM32F7xx_HAL_Driver/Src/stm32f7xx_ll_usb.o
                0x0000000008004cb2                USB_GetMode
 *fill*         0x0000000008004cce        0x2 
 .text.USB_ActivateSetup
                0x0000000008004cd0       0x48 ./Drivers/STM32F7xx_HAL_Driver/Src/stm32f7xx_ll_usb.o
                0x0000000008004cd0                USB_ActivateSetup
 .text.USB_EP0_OutStart
                0x0000000008004d18       0xbc ./Drivers/STM32F7xx_HAL_Driver/Src/stm32f7xx_ll_usb.o
                0x0000000008004d18                USB_EP0_OutStart
 .text.USB_CoreReset
                0x0000000008004dd4       0x68 ./Drivers/STM32F7xx_HAL_Driver/Src/stm32f7xx_ll_usb.o
 .text.USBD_CDC_Init
                0x0000000008004e3c      0x1f0 ./Middlewares/ST/STM32_USB_Device_Library/Class/CDC/Src/usbd_cdc.o
 .text.USBD_CDC_DeInit
                0x000000000800502c      0x104 ./Middlewares/ST/STM32_USB_Device_Library/Class/CDC/Src/usbd_cdc.o
 .text.USBD_CDC_Setup
                0x0000000008005130      0x1b8 ./Middlewares/ST/STM32_USB_Device_Library/Class/CDC/Src/usbd_cdc.o
 .text.USBD_CDC_DataIn
                0x00000000080052e8       0xfe ./Middlewares/ST/STM32_USB_Device_Library/Class/CDC/Src/usbd_cdc.o
 .text.USBD_CDC_DataOut
                0x00000000080053e6       0x70 ./Middlewares/ST/STM32_USB_Device_Library/Class/CDC/Src/usbd_cdc.o
 .text.USBD_CDC_EP0_RxReady
                0x0000000008005456       0x76 ./Middlewares/ST/STM32_USB_Device_Library/Class/CDC/Src/usbd_cdc.o
 .text.USBD_CDC_GetFSCfgDesc
                0x00000000080054cc       0x70 ./Middlewares/ST/STM32_USB_Device_Library/Class/CDC/Src/usbd_cdc.o
 .text.USBD_CDC_GetHSCfgDesc
                0x000000000800553c       0x70 ./Middlewares/ST/STM32_USB_Device_Library/Class/CDC/Src/usbd_cdc.o
 .text.USBD_CDC_GetOtherSpeedCfgDesc
                0x00000000080055ac       0x70 ./Middlewares/ST/STM32_USB_Device_Library/Class/CDC/Src/usbd_cdc.o
 .text.USBD_CDC_GetDeviceQualifierDescriptor
                0x000000000800561c       0x20 ./Middlewares/ST/STM32_USB_Device_Library/Class/CDC/Src/usbd_cdc.o
                0x000000000800561c                USBD_CDC_GetDeviceQualifierDescriptor
 .text.USBD_CDC_RegisterInterface
                0x000000000800563c       0x34 ./Middlewares/ST/STM32_USB_Device_Library/Class/CDC/Src/usbd_cdc.o
                0x000000000800563c                USBD_CDC_RegisterInterface
 .text.USBD_CDC_SetTxBuffer
                0x0000000008005670       0x44 ./Middlewares/ST/STM32_USB_Device_Library/Class/CDC/Src/usbd_cdc.o
                0x0000000008005670                USBD_CDC_SetTxBuffer
 .text.USBD_CDC_SetRxBuffer
                0x00000000080056b4       0x3a ./Middlewares/ST/STM32_USB_Device_Library/Class/CDC/Src/usbd_cdc.o
                0x00000000080056b4                USBD_CDC_SetRxBuffer
 *fill*         0x00000000080056ee        0x2 
 .text.USBD_CDC_TransmitPacket
                0x00000000080056f0       0x80 ./Middlewares/ST/STM32_USB_Device_Library/Class/CDC/Src/usbd_cdc.o
                0x00000000080056f0                USBD_CDC_TransmitPacket
 .text.USBD_CDC_ReceivePacket
                0x0000000008005770       0x6c ./Middlewares/ST/STM32_USB_Device_Library/Class/CDC/Src/usbd_cdc.o
                0x0000000008005770                USBD_CDC_ReceivePacket
 .text.USBD_Init
                0x00000000080057dc       0x60 ./Middlewares/ST/STM32_USB_Device_Library/Core/Src/usbd_core.o
                0x00000000080057dc                USBD_Init
 .text.USBD_RegisterClass
                0x000000000800583c       0x6c ./Middlewares/ST/STM32_USB_Device_Library/Core/Src/usbd_core.o
                0x000000000800583c                USBD_RegisterClass
 .text.USBD_Start
                0x00000000080058a8       0x18 ./Middlewares/ST/STM32_USB_Device_Library/Core/Src/usbd_core.o
                0x00000000080058a8                USBD_Start
 .text.USBD_RunTestMode
                0x00000000080058c0       0x16 ./Middlewares/ST/STM32_USB_Device_Library/Core/Src/usbd_core.o
                0x00000000080058c0                USBD_RunTestMode
 .text.USBD_SetClassConfig
                0x00000000080058d6       0x38 ./Middlewares/ST/STM32_USB_Device_Library/Core/Src/usbd_core.o
                0x00000000080058d6                USBD_SetClassConfig
 .text.USBD_ClrClassConfig
                0x000000000800590e       0x34 ./Middlewares/ST/STM32_USB_Device_Library/Core/Src/usbd_core.o
                0x000000000800590e                USBD_ClrClassConfig
 .text.USBD_LL_SetupStage
                0x0000000008005942       0xaa ./Middlewares/ST/STM32_USB_Device_Library/Core/Src/usbd_core.o
                0x0000000008005942                USBD_LL_SetupStage
 .text.USBD_LL_DataOutStage
                0x00000000080059ec      0x166 ./Middlewares/ST/STM32_USB_Device_Library/Core/Src/usbd_core.o
                0x00000000080059ec                USBD_LL_DataOutStage
 .text.USBD_LL_DataInStage
                0x0000000008005b52      0x164 ./Middlewares/ST/STM32_USB_Device_Library/Core/Src/usbd_core.o
                0x0000000008005b52                USBD_LL_DataInStage
 .text.USBD_LL_Reset
                0x0000000008005cb6       0xa4 ./Middlewares/ST/STM32_USB_Device_Library/Core/Src/usbd_core.o
                0x0000000008005cb6                USBD_LL_Reset
 .text.USBD_LL_SetSpeed
                0x0000000008005d5a       0x20 ./Middlewares/ST/STM32_USB_Device_Library/Core/Src/usbd_core.o
                0x0000000008005d5a                USBD_LL_SetSpeed
 .text.USBD_LL_Suspend
                0x0000000008005d7a       0x2c ./Middlewares/ST/STM32_USB_Device_Library/Core/Src/usbd_core.o
                0x0000000008005d7a                USBD_LL_Suspend
 .text.USBD_LL_Resume
                0x0000000008005da6       0x30 ./Middlewares/ST/STM32_USB_Device_Library/Core/Src/usbd_core.o
                0x0000000008005da6                USBD_LL_Resume
 .text.USBD_LL_SOF
                0x0000000008005dd6       0x40 ./Middlewares/ST/STM32_USB_Device_Library/Core/Src/usbd_core.o
                0x0000000008005dd6                USBD_LL_SOF
 .text.USBD_LL_IsoINIncomplete
                0x0000000008005e16       0x64 ./Middlewares/ST/STM32_USB_Device_Library/Core/Src/usbd_core.o
                0x0000000008005e16                USBD_LL_IsoINIncomplete
 .text.USBD_LL_IsoOUTIncomplete
                0x0000000008005e7a       0x64 ./Middlewares/ST/STM32_USB_Device_Library/Core/Src/usbd_core.o
                0x0000000008005e7a                USBD_LL_IsoOUTIncomplete
 .text.USBD_LL_DevConnected
                0x0000000008005ede       0x16 ./Middlewares/ST/STM32_USB_Device_Library/Core/Src/usbd_core.o
                0x0000000008005ede                USBD_LL_DevConnected
 .text.USBD_LL_DevDisconnected
                0x0000000008005ef4       0x46 ./Middlewares/ST/STM32_USB_Device_Library/Core/Src/usbd_core.o
                0x0000000008005ef4                USBD_LL_DevDisconnected
 .text.USBD_CoreFindIF
                0x0000000008005f3a       0x1a ./Middlewares/ST/STM32_USB_Device_Library/Core/Src/usbd_core.o
                0x0000000008005f3a                USBD_CoreFindIF
 .text.USBD_CoreFindEP
                0x0000000008005f54       0x1a ./Middlewares/ST/STM32_USB_Device_Library/Core/Src/usbd_core.o
                0x0000000008005f54                USBD_CoreFindEP
 .text.USBD_GetEpDesc
                0x0000000008005f6e       0x74 ./Middlewares/ST/STM32_USB_Device_Library/Core/Src/usbd_core.o
                0x0000000008005f6e                USBD_GetEpDesc
 .text.USBD_GetNextDesc
                0x0000000008005fe2       0x3a ./Middlewares/ST/STM32_USB_Device_Library/Core/Src/usbd_core.o
                0x0000000008005fe2                USBD_GetNextDesc
 .text.SWAPBYTE
                0x000000000800601c       0x3c ./Middlewares/ST/STM32_USB_Device_Library/Core/Src/usbd_ctlreq.o
 .text.USBD_StdDevReq
                0x0000000008006058       0xe4 ./Middlewares/ST/STM32_USB_Device_Library/Core/Src/usbd_ctlreq.o
                0x0000000008006058                USBD_StdDevReq
 .text.USBD_StdItfReq
                0x000000000800613c       0xd8 ./Middlewares/ST/STM32_USB_Device_Library/Core/Src/usbd_ctlreq.o
                0x000000000800613c                USBD_StdItfReq
 .text.USBD_StdEPReq
                0x0000000008006214      0x33a ./Middlewares/ST/STM32_USB_Device_Library/Core/Src/usbd_ctlreq.o
                0x0000000008006214                USBD_StdEPReq
 *fill*         0x000000000800654e        0x2 
 .text.USBD_GetDescriptor
                0x0000000008006550      0x328 ./Middlewares/ST/STM32_USB_Device_Library/Core/Src/usbd_ctlreq.o
 .text.USBD_SetAddress
                0x0000000008006878       0x88 ./Middlewares/ST/STM32_USB_Device_Library/Core/Src/usbd_ctlreq.o
 .text.USBD_SetConfig
                0x0000000008006900      0x154 ./Middlewares/ST/STM32_USB_Device_Library/Core/Src/usbd_ctlreq.o
 .text.USBD_GetConfig
                0x0000000008006a54       0x6c ./Middlewares/ST/STM32_USB_Device_Library/Core/Src/usbd_ctlreq.o
 .text.USBD_GetStatus
                0x0000000008006ac0       0x68 ./Middlewares/ST/STM32_USB_Device_Library/Core/Src/usbd_ctlreq.o
 .text.USBD_SetFeature
                0x0000000008006b28       0x52 ./Middlewares/ST/STM32_USB_Device_Library/Core/Src/usbd_ctlreq.o
 .text.USBD_ClrFeature
                0x0000000008006b7a       0x44 ./Middlewares/ST/STM32_USB_Device_Library/Core/Src/usbd_ctlreq.o
 .text.USBD_ParseSetupRequest
                0x0000000008006bbe       0x74 ./Middlewares/ST/STM32_USB_Device_Library/Core/Src/usbd_ctlreq.o
                0x0000000008006bbe                USBD_ParseSetupRequest
 .text.USBD_CtlError
                0x0000000008006c32       0x22 ./Middlewares/ST/STM32_USB_Device_Library/Core/Src/usbd_ctlreq.o
                0x0000000008006c32                USBD_CtlError
 .text.USBD_GetString
                0x0000000008006c54       0x8c ./Middlewares/ST/STM32_USB_Device_Library/Core/Src/usbd_ctlreq.o
                0x0000000008006c54                USBD_GetString
 .text.USBD_GetLen
                0x0000000008006ce0       0x34 ./Middlewares/ST/STM32_USB_Device_Library/Core/Src/usbd_ctlreq.o
 .text.USBD_CtlSendData
                0x0000000008006d14       0x36 ./Middlewares/ST/STM32_USB_Device_Library/Core/Src/usbd_ioreq.o
                0x0000000008006d14                USBD_CtlSendData
 .text.USBD_CtlContinueSendData
                0x0000000008006d4a       0x22 ./Middlewares/ST/STM32_USB_Device_Library/Core/Src/usbd_ioreq.o
                0x0000000008006d4a                USBD_CtlContinueSendData
 .text.USBD_CtlPrepareRx
                0x0000000008006d6c       0x3a ./Middlewares/ST/STM32_USB_Device_Library/Core/Src/usbd_ioreq.o
                0x0000000008006d6c                USBD_CtlPrepareRx
 .text.USBD_CtlContinueRx
                0x0000000008006da6       0x22 ./Middlewares/ST/STM32_USB_Device_Library/Core/Src/usbd_ioreq.o
                0x0000000008006da6                USBD_CtlContinueRx
 .text.USBD_CtlSendStatus
                0x0000000008006dc8       0x26 ./Middlewares/ST/STM32_USB_Device_Library/Core/Src/usbd_ioreq.o
                0x0000000008006dc8                USBD_CtlSendStatus
 .text.USBD_CtlReceiveStatus
                0x0000000008006dee       0x26 ./Middlewares/ST/STM32_USB_Device_Library/Core/Src/usbd_ioreq.o
                0x0000000008006dee                USBD_CtlReceiveStatus
 .text.MX_USB_DEVICE_Init
                0x0000000008006e14       0x60 ./USB_DEVICE/App/usb_device.o
                0x0000000008006e14                MX_USB_DEVICE_Init
 .text.CDC_Init_HS
                0x0000000008006e74       0x28 ./USB_DEVICE/App/usbd_cdc_if.o
 .text.CDC_DeInit_HS
                0x0000000008006e9c       0x10 ./USB_DEVICE/App/usbd_cdc_if.o
 .text.CDC_Control_HS
                0x0000000008006eac       0xbc ./USB_DEVICE/App/usbd_cdc_if.o
 .text.CDC_Receive_HS
                0x0000000008006f68       0x28 ./USB_DEVICE/App/usbd_cdc_if.o
 .text.CDC_Transmit_HS
                0x0000000008006f90       0x4c ./USB_DEVICE/App/usbd_cdc_if.o
                0x0000000008006f90                CDC_Transmit_HS
 .text.CDC_TransmitCplt_HS
                0x0000000008006fdc       0x22 ./USB_DEVICE/App/usbd_cdc_if.o
 *fill*         0x0000000008006ffe        0x2 
 .text.USBD_HS_DeviceDescriptor
                0x0000000008007000       0x24 ./USB_DEVICE/App/usbd_desc.o
                0x0000000008007000                USBD_HS_DeviceDescriptor
 .text.USBD_HS_LangIDStrDescriptor
                0x0000000008007024       0x24 ./USB_DEVICE/App/usbd_desc.o
                0x0000000008007024                USBD_HS_LangIDStrDescriptor
 .text.USBD_HS_ProductStrDescriptor
                0x0000000008007048       0x3c ./USB_DEVICE/App/usbd_desc.o
                0x0000000008007048                USBD_HS_ProductStrDescriptor
 .text.USBD_HS_ManufacturerStrDescriptor
                0x0000000008007084       0x28 ./USB_DEVICE/App/usbd_desc.o
                0x0000000008007084                USBD_HS_ManufacturerStrDescriptor
 .text.USBD_HS_SerialStrDescriptor
                0x00000000080070ac       0x24 ./USB_DEVICE/App/usbd_desc.o
                0x00000000080070ac                USBD_HS_SerialStrDescriptor
 .text.USBD_HS_ConfigStrDescriptor
                0x00000000080070d0       0x3c ./USB_DEVICE/App/usbd_desc.o
                0x00000000080070d0                USBD_HS_ConfigStrDescriptor
 .text.USBD_HS_InterfaceStrDescriptor
                0x000000000800710c       0x3c ./USB_DEVICE/App/usbd_desc.o
                0x000000000800710c                USBD_HS_InterfaceStrDescriptor
 .text.USBD_HS_USR_BOSDescriptor
                0x0000000008007148       0x24 ./USB_DEVICE/App/usbd_desc.o
                0x0000000008007148                USBD_HS_USR_BOSDescriptor
 .text.Get_SerialNum
                0x000000000800716c       0x58 ./USB_DEVICE/App/usbd_desc.o
 .text.IntToUnicode
                0x00000000080071c4       0x7e ./USB_DEVICE/App/usbd_desc.o
 *fill*         0x0000000008007242        0x2 
 .text.HAL_PCD_MspInit
                0x0000000008007244      0x168 ./USB_DEVICE/Target/usbd_conf.o
                0x0000000008007244                HAL_PCD_MspInit
 .text.HAL_PCD_SetupStageCallback
                0x00000000080073ac       0x24 ./USB_DEVICE/Target/usbd_conf.o
                0x00000000080073ac                HAL_PCD_SetupStageCallback
 .text.HAL_PCD_DataOutStageCallback
                0x00000000080073d0       0x36 ./USB_DEVICE/Target/usbd_conf.o
                0x00000000080073d0                HAL_PCD_DataOutStageCallback
 .text.HAL_PCD_DataInStageCallback
                0x0000000008007406       0x34 ./USB_DEVICE/Target/usbd_conf.o
                0x0000000008007406                HAL_PCD_DataInStageCallback
 .text.HAL_PCD_SOFCallback
                0x000000000800743a       0x1c ./USB_DEVICE/Target/usbd_conf.o
                0x000000000800743a                HAL_PCD_SOFCallback
 .text.HAL_PCD_ResetCallback
                0x0000000008007456       0x50 ./USB_DEVICE/Target/usbd_conf.o
                0x0000000008007456                HAL_PCD_ResetCallback
 *fill*         0x00000000080074a6        0x2 
 .text.HAL_PCD_SuspendCallback
                0x00000000080074a8       0x4c ./USB_DEVICE/Target/usbd_conf.o
                0x00000000080074a8                HAL_PCD_SuspendCallback
 .text.HAL_PCD_ResumeCallback
                0x00000000080074f4       0x1c ./USB_DEVICE/Target/usbd_conf.o
                0x00000000080074f4                HAL_PCD_ResumeCallback
 .text.HAL_PCD_ISOOUTIncompleteCallback
                0x0000000008007510       0x24 ./USB_DEVICE/Target/usbd_conf.o
                0x0000000008007510                HAL_PCD_ISOOUTIncompleteCallback
 .text.HAL_PCD_ISOINIncompleteCallback
                0x0000000008007534       0x24 ./USB_DEVICE/Target/usbd_conf.o
                0x0000000008007534                HAL_PCD_ISOINIncompleteCallback
 .text.HAL_PCD_ConnectCallback
                0x0000000008007558       0x1c ./USB_DEVICE/Target/usbd_conf.o
                0x0000000008007558                HAL_PCD_ConnectCallback
 .text.HAL_PCD_DisconnectCallback
                0x0000000008007574       0x1c ./USB_DEVICE/Target/usbd_conf.o
                0x0000000008007574                HAL_PCD_DisconnectCallback
 .text.USBD_LL_Init
                0x0000000008007590       0xa4 ./USB_DEVICE/Target/usbd_conf.o
                0x0000000008007590                USBD_LL_Init
 .text.USBD_LL_Start
                0x0000000008007634       0x36 ./USB_DEVICE/Target/usbd_conf.o
                0x0000000008007634                USBD_LL_Start
 .text.USBD_LL_OpenEP
                0x000000000800766a       0x4c ./USB_DEVICE/Target/usbd_conf.o
                0x000000000800766a                USBD_LL_OpenEP
 .text.USBD_LL_CloseEP
                0x00000000080076b6       0x3e ./USB_DEVICE/Target/usbd_conf.o
                0x00000000080076b6                USBD_LL_CloseEP
 .text.USBD_LL_StallEP
                0x00000000080076f4       0x3e ./USB_DEVICE/Target/usbd_conf.o
                0x00000000080076f4                USBD_LL_StallEP
 .text.USBD_LL_ClearStallEP
                0x0000000008007732       0x3e ./USB_DEVICE/Target/usbd_conf.o
                0x0000000008007732                USBD_LL_ClearStallEP
 .text.USBD_LL_IsStallEP
                0x0000000008007770       0x58 ./USB_DEVICE/Target/usbd_conf.o
                0x0000000008007770                USBD_LL_IsStallEP
 .text.USBD_LL_SetUSBAddress
                0x00000000080077c8       0x3e ./USB_DEVICE/Target/usbd_conf.o
                0x00000000080077c8                USBD_LL_SetUSBAddress
 .text.USBD_LL_Transmit
                0x0000000008007806       0x42 ./USB_DEVICE/Target/usbd_conf.o
                0x0000000008007806                USBD_LL_Transmit
 .text.USBD_LL_PrepareReceive
                0x0000000008007848       0x42 ./USB_DEVICE/Target/usbd_conf.o
                0x0000000008007848                USBD_LL_PrepareReceive
 .text.USBD_LL_GetRxDataSize
                0x000000000800788a       0x26 ./USB_DEVICE/Target/usbd_conf.o
                0x000000000800788a                USBD_LL_GetRxDataSize
 .text.HAL_PCDEx_LPM_Callback
                0x00000000080078b0       0x9c ./USB_DEVICE/Target/usbd_conf.o
                0x00000000080078b0                HAL_PCDEx_LPM_Callback
 .text.SystemClockConfig_Resume
                0x000000000800794c        0xc ./USB_DEVICE/Target/usbd_conf.o
 .text.USBD_Get_USB_Status
                0x0000000008007958       0x58 ./USB_DEVICE/Target/usbd_conf.o
                0x0000000008007958                USBD_Get_USB_Status
 .text.__errno  0x00000000080079b0        0xc c:/st/stm32cubeide_1.10.1/stm32cubeide/plugins/com.st.stm32cube.ide.mcu.externaltools.gnu-tools-for-stm32.10.3-2021.10.win32_1.0.0.202111181127/tools/bin/../lib/gcc/arm-none-eabi/10.3.1/../../../../arm-none-eabi/lib/thumb/v7e-m+fp/hard\libc_nano.a(lib_a-errno.o)
                0x00000000080079b0                __errno
 .text.__libc_init_array
                0x00000000080079bc       0x48 c:/st/stm32cubeide_1.10.1/stm32cubeide/plugins/com.st.stm32cube.ide.mcu.externaltools.gnu-tools-for-stm32.10.3-2021.10.win32_1.0.0.202111181127/tools/bin/../lib/gcc/arm-none-eabi/10.3.1/../../../../arm-none-eabi/lib/thumb/v7e-m+fp/hard\libc_nano.a(lib_a-init.o)
                0x00000000080079bc                __libc_init_array
 .text.malloc   0x0000000008007a04       0x10 c:/st/stm32cubeide_1.10.1/stm32cubeide/plugins/com.st.stm32cube.ide.mcu.externaltools.gnu-tools-for-stm32.10.3-2021.10.win32_1.0.0.202111181127/tools/bin/../lib/gcc/arm-none-eabi/10.3.1/../../../../arm-none-eabi/lib/thumb/v7e-m+fp/hard\libc_nano.a(lib_a-malloc.o)
                0x0000000008007a04                malloc
 .text.free     0x0000000008007a14       0x10 c:/st/stm32cubeide_1.10.1/stm32cubeide/plugins/com.st.stm32cube.ide.mcu.externaltools.gnu-tools-for-stm32.10.3-2021.10.win32_1.0.0.202111181127/tools/bin/../lib/gcc/arm-none-eabi/10.3.1/../../../../arm-none-eabi/lib/thumb/v7e-m+fp/hard\libc_nano.a(lib_a-malloc.o)
                0x0000000008007a14                free
 .text.memset   0x0000000008007a24       0x10 c:/st/stm32cubeide_1.10.1/stm32cubeide/plugins/com.st.stm32cube.ide.mcu.externaltools.gnu-tools-for-stm32.10.3-2021.10.win32_1.0.0.202111181127/tools/bin/../lib/gcc/arm-none-eabi/10.3.1/../../../../arm-none-eabi/lib/thumb/v7e-m+fp/hard\libc_nano.a(lib_a-memset.o)
                0x0000000008007a24                memset
 .text._free_r  0x0000000008007a34       0x98 c:/st/stm32cubeide_1.10.1/stm32cubeide/plugins/com.st.stm32cube.ide.mcu.externaltools.gnu-tools-for-stm32.10.3-2021.10.win32_1.0.0.202111181127/tools/bin/../lib/gcc/arm-none-eabi/10.3.1/../../../../arm-none-eabi/lib/thumb/v7e-m+fp/hard\libc_nano.a(lib_a-nano-freer.o)
                0x0000000008007a34                _free_r
 .text.sbrk_aligned
                0x0000000008007acc       0x40 c:/st/stm32cubeide_1.10.1/stm32cubeide/plugins/com.st.stm32cube.ide.mcu.externaltools.gnu-tools-for-stm32.10.3-2021.10.win32_1.0.0.202111181127/tools/bin/../lib/gcc/arm-none-eabi/10.3.1/../../../../arm-none-eabi/lib/thumb/v7e-m+fp/hard\libc_nano.a(lib_a-nano-mallocr.o)
 .text._malloc_r
                0x0000000008007b0c       0xe8 c:/st/stm32cubeide_1.10.1/stm32cubeide/plugins/com.st.stm32cube.ide.mcu.externaltools.gnu-tools-for-stm32.10.3-2021.10.win32_1.0.0.202111181127/tools/bin/../lib/gcc/arm-none-eabi/10.3.1/../../../../arm-none-eabi/lib/thumb/v7e-m+fp/hard\libc_nano.a(lib_a-nano-mallocr.o)
                0x0000000008007b0c                _malloc_r
 .text._sbrk_r  0x0000000008007bf4       0x20 c:/st/stm32cubeide_1.10.1/stm32cubeide/plugins/com.st.stm32cube.ide.mcu.externaltools.gnu-tools-for-stm32.10.3-2021.10.win32_1.0.0.202111181127/tools/bin/../lib/gcc/arm-none-eabi/10.3.1/../../../../arm-none-eabi/lib/thumb/v7e-m+fp/hard\libc_nano.a(lib_a-sbrkr.o)
                0x0000000008007bf4                _sbrk_r
 .text.__malloc_lock
                0x0000000008007c14        0xc c:/st/stm32cubeide_1.10.1/stm32cubeide/plugins/com.st.stm32cube.ide.mcu.externaltools.gnu-tools-for-stm32.10.3-2021.10.win32_1.0.0.202111181127/tools/bin/../lib/gcc/arm-none-eabi/10.3.1/../../../../arm-none-eabi/lib/thumb/v7e-m+fp/hard\libc_nano.a(lib_a-mlock.o)
                0x0000000008007c14                __malloc_lock
 .text.__malloc_unlock
                0x0000000008007c20        0xc c:/st/stm32cubeide_1.10.1/stm32cubeide/plugins/com.st.stm32cube.ide.mcu.externaltools.gnu-tools-for-stm32.10.3-2021.10.win32_1.0.0.202111181127/tools/bin/../lib/gcc/arm-none-eabi/10.3.1/../../../../arm-none-eabi/lib/thumb/v7e-m+fp/hard\libc_nano.a(lib_a-mlock.o)
                0x0000000008007c20                __malloc_unlock
 .text.__retarget_lock_acquire_recursive
                0x0000000008007c2c        0x2 c:/st/stm32cubeide_1.10.1/stm32cubeide/plugins/com.st.stm32cube.ide.mcu.externaltools.gnu-tools-for-stm32.10.3-2021.10.win32_1.0.0.202111181127/tools/bin/../lib/gcc/arm-none-eabi/10.3.1/../../../../arm-none-eabi/lib/thumb/v7e-m+fp/hard\libc_nano.a(lib_a-lock.o)
                0x0000000008007c2c                __retarget_lock_acquire_recursive
 .text.__retarget_lock_release_recursive
                0x0000000008007c2e        0x2 c:/st/stm32cubeide_1.10.1/stm32cubeide/plugins/com.st.stm32cube.ide.mcu.externaltools.gnu-tools-for-stm32.10.3-2021.10.win32_1.0.0.202111181127/tools/bin/../lib/gcc/arm-none-eabi/10.3.1/../../../../arm-none-eabi/lib/thumb/v7e-m+fp/hard\libc_nano.a(lib_a-lock.o)
                0x0000000008007c2e                __retarget_lock_release_recursive
 *(.glue_7)
 .glue_7        0x0000000008007c30        0x0 linker stubs
 *(.glue_7t)
 .glue_7t       0x0000000008007c30        0x0 linker stubs
 *(.eh_frame)
 .eh_frame      0x0000000008007c30        0x0 c:/st/stm32cubeide_1.10.1/stm32cubeide/plugins/com.st.stm32cube.ide.mcu.externaltools.gnu-tools-for-stm32.10.3-2021.10.win32_1.0.0.202111181127/tools/bin/../lib/gcc/arm-none-eabi/10.3.1/thumb/v7e-m+fp/hard/crtbegin.o
 *(.init)
 .init          0x0000000008007c30        0x4 c:/st/stm32cubeide_1.10.1/stm32cubeide/plugins/com.st.stm32cube.ide.mcu.externaltools.gnu-tools-for-stm32.10.3-2021.10.win32_1.0.0.202111181127/tools/bin/../lib/gcc/arm-none-eabi/10.3.1/thumb/v7e-m+fp/hard/crti.o
                0x0000000008007c30                _init
 .init          0x0000000008007c34        0x8 c:/st/stm32cubeide_1.10.1/stm32cubeide/plugins/com.st.stm32cube.ide.mcu.externaltools.gnu-tools-for-stm32.10.3-2021.10.win32_1.0.0.202111181127/tools/bin/../lib/gcc/arm-none-eabi/10.3.1/thumb/v7e-m+fp/hard/crtn.o
 *(.fini)
 .fini          0x0000000008007c3c        0x4 c:/st/stm32cubeide_1.10.1/stm32cubeide/plugins/com.st.stm32cube.ide.mcu.externaltools.gnu-tools-for-stm32.10.3-2021.10.win32_1.0.0.202111181127/tools/bin/../lib/gcc/arm-none-eabi/10.3.1/thumb/v7e-m+fp/hard/crti.o
                0x0000000008007c3c                _fini
 .fini          0x0000000008007c40        0x8 c:/st/stm32cubeide_1.10.1/stm32cubeide/plugins/com.st.stm32cube.ide.mcu.externaltools.gnu-tools-for-stm32.10.3-2021.10.win32_1.0.0.202111181127/tools/bin/../lib/gcc/arm-none-eabi/10.3.1/thumb/v7e-m+fp/hard/crtn.o
                0x0000000008007c48                . = ALIGN (0x4)
                0x0000000008007c48                _etext = .

.vfp11_veneer   0x0000000008007c48        0x0
 .vfp11_veneer  0x0000000008007c48        0x0 linker stubs

.v4_bx          0x0000000008007c48        0x0
 .v4_bx         0x0000000008007c48        0x0 linker stubs

.iplt           0x0000000008007c48        0x0
 .iplt          0x0000000008007c48        0x0 c:/st/stm32cubeide_1.10.1/stm32cubeide/plugins/com.st.stm32cube.ide.mcu.externaltools.gnu-tools-for-stm32.10.3-2021.10.win32_1.0.0.202111181127/tools/bin/../lib/gcc/arm-none-eabi/10.3.1/thumb/v7e-m+fp/hard/crtbegin.o

.rodata         0x0000000008007c48     0x2858
                0x0000000008007c48                . = ALIGN (0x4)
 *(.rodata)
 .rodata        0x0000000008007c48     0x2800 ./Core/Src/main.o
 .rodata        0x000000000800a448       0x46 ./USB_DEVICE/App/usbd_desc.o
 *(.rodata*)
 *fill*         0x000000000800a48e        0x2 
 .rodata.AHBPrescTable
                0x000000000800a490       0x10 ./Core/Src/system_stm32f7xx.o
                0x000000000800a490                AHBPrescTable
                0x000000000800a4a0                . = ALIGN (0x4)

.ARM.extab      0x000000000800a4a0        0x0
                0x000000000800a4a0                . = ALIGN (0x4)
 *(.ARM.extab* .gnu.linkonce.armextab.*)
                0x000000000800a4a0                . = ALIGN (0x4)

.ARM            0x000000000800a4a0        0x8
                0x000000000800a4a0                . = ALIGN (0x4)
                0x000000000800a4a0                __exidx_start = .
 *(.ARM.exidx*)
 .ARM.exidx     0x000000000800a4a0        0x8 c:/st/stm32cubeide_1.10.1/stm32cubeide/plugins/com.st.stm32cube.ide.mcu.externaltools.gnu-tools-for-stm32.10.3-2021.10.win32_1.0.0.202111181127/tools/bin/../lib/gcc/arm-none-eabi/10.3.1/thumb/v7e-m+fp/hard\libgcc.a(_udivmoddi4.o)
                0x000000000800a4a8                __exidx_end = .
                0x000000000800a4a8                . = ALIGN (0x4)

.rel.dyn        0x000000000800a4a8        0x0
 .rel.iplt      0x000000000800a4a8        0x0 c:/st/stm32cubeide_1.10.1/stm32cubeide/plugins/com.st.stm32cube.ide.mcu.externaltools.gnu-tools-for-stm32.10.3-2021.10.win32_1.0.0.202111181127/tools/bin/../lib/gcc/arm-none-eabi/10.3.1/thumb/v7e-m+fp/hard/crtbegin.o

.preinit_array  0x000000000800a4a8        0x0
                0x000000000800a4a8                . = ALIGN (0x4)
                0x000000000800a4a8                PROVIDE (__preinit_array_start = .)
 *(.preinit_array*)
                0x000000000800a4a8                PROVIDE (__preinit_array_end = .)
                0x000000000800a4a8                . = ALIGN (0x4)

.init_array     0x000000000800a4a8        0x4
                0x000000000800a4a8                . = ALIGN (0x4)
                0x000000000800a4a8                PROVIDE (__init_array_start = .)
 *(SORT_BY_NAME(.init_array.*))
 *(.init_array*)
 .init_array    0x000000000800a4a8        0x4 c:/st/stm32cubeide_1.10.1/stm32cubeide/plugins/com.st.stm32cube.ide.mcu.externaltools.gnu-tools-for-stm32.10.3-2021.10.win32_1.0.0.202111181127/tools/bin/../lib/gcc/arm-none-eabi/10.3.1/thumb/v7e-m+fp/hard/crtbegin.o
                0x000000000800a4ac                PROVIDE (__init_array_end = .)
                0x000000000800a4ac                . = ALIGN (0x4)

.fini_array     0x000000000800a4ac        0x4
                0x000000000800a4ac                . = ALIGN (0x4)
                [!provide]                        PROVIDE (__fini_array_start = .)
 *(SORT_BY_NAME(.fini_array.*))
 *(.fini_array*)
 .fini_array    0x000000000800a4ac        0x4 c:/st/stm32cubeide_1.10.1/stm32cubeide/plugins/com.st.stm32cube.ide.mcu.externaltools.gnu-tools-for-stm32.10.3-2021.10.win32_1.0.0.202111181127/tools/bin/../lib/gcc/arm-none-eabi/10.3.1/thumb/v7e-m+fp/hard/crtbegin.o
                [!provide]                        PROVIDE (__fini_array_end = .)
                0x000000000800a4b0                . = ALIGN (0x4)
                0x000000000800a4b0                _sidata = LOADADDR (.data)

.data           0x0000000020000000      0x170 load address 0x000000000800a4b0
                0x0000000020000000                . = ALIGN (0x4)
                0x0000000020000000                _sdata = .
 *(.data)
 *(.data*)
 .data.SystemCoreClock
                0x0000000020000000        0x4 ./Core/Src/system_stm32f7xx.o
                0x0000000020000000                SystemCoreClock
 .data.uwTickPrio
                0x0000000020000004        0x4 ./Drivers/STM32F7xx_HAL_Driver/Src/stm32f7xx_hal.o
                0x0000000020000004                uwTickPrio
 .data.uwTickFreq
                0x0000000020000008        0x1 ./Drivers/STM32F7xx_HAL_Driver/Src/stm32f7xx_hal.o
                0x0000000020000008                uwTickFreq
 *fill*         0x0000000020000009        0x3 
 .data.USBD_CDC_DeviceQualifierDesc
                0x000000002000000c        0xa ./Middlewares/ST/STM32_USB_Device_Library/Class/CDC/Src/usbd_cdc.o
 *fill*         0x0000000020000016        0x2 
 .data.USBD_CDC
                0x0000000020000018       0x38 ./Middlewares/ST/STM32_USB_Device_Library/Class/CDC/Src/usbd_cdc.o
                0x0000000020000018                USBD_CDC
 .data.USBD_CDC_CfgDesc
                0x0000000020000050       0x43 ./Middlewares/ST/STM32_USB_Device_Library/Class/CDC/Src/usbd_cdc.o
 .data.CDCInEpAdd
                0x0000000020000093        0x1 ./Middlewares/ST/STM32_USB_Device_Library/Class/CDC/Src/usbd_cdc.o
 .data.CDCOutEpAdd
                0x0000000020000094        0x1 ./Middlewares/ST/STM32_USB_Device_Library/Class/CDC/Src/usbd_cdc.o
 .data.CDCCmdEpAdd
                0x0000000020000095        0x1 ./Middlewares/ST/STM32_USB_Device_Library/Class/CDC/Src/usbd_cdc.o
 *fill*         0x0000000020000096        0x2 
 .data.USBD_Interface_fops_HS
                0x0000000020000098       0x14 ./USB_DEVICE/App/usbd_cdc_if.o
                0x0000000020000098                USBD_Interface_fops_HS
 .data.HS_Desc  0x00000000200000ac       0x20 ./USB_DEVICE/App/usbd_desc.o
                0x00000000200000ac                HS_Desc
 .data.USBD_HS_DeviceDesc
                0x00000000200000cc       0x12 ./USB_DEVICE/App/usbd_desc.o
                0x00000000200000cc                USBD_HS_DeviceDesc
 *fill*         0x00000000200000de        0x2 
 .data.USBD_HS_BOSDesc
                0x00000000200000e0        0xc ./USB_DEVICE/App/usbd_desc.o
                0x00000000200000e0                USBD_HS_BOSDesc
 .data.USBD_LangIDDesc
                0x00000000200000ec        0x4 ./USB_DEVICE/App/usbd_desc.o
                0x00000000200000ec                USBD_LangIDDesc
 .data.USBD_StringSerial
                0x00000000200000f0       0x1a ./USB_DEVICE/App/usbd_desc.o
                0x00000000200000f0                USBD_StringSerial
 *fill*         0x000000002000010a        0x2 
 .data._impure_ptr
                0x000000002000010c        0x4 c:/st/stm32cubeide_1.10.1/stm32cubeide/plugins/com.st.stm32cube.ide.mcu.externaltools.gnu-tools-for-stm32.10.3-2021.10.win32_1.0.0.202111181127/tools/bin/../lib/gcc/arm-none-eabi/10.3.1/../../../../arm-none-eabi/lib/thumb/v7e-m+fp/hard\libc_nano.a(lib_a-impure.o)
                0x000000002000010c                _impure_ptr
 .data.impure_data
                0x0000000020000110       0x60 c:/st/stm32cubeide_1.10.1/stm32cubeide/plugins/com.st.stm32cube.ide.mcu.externaltools.gnu-tools-for-stm32.10.3-2021.10.win32_1.0.0.202111181127/tools/bin/../lib/gcc/arm-none-eabi/10.3.1/../../../../arm-none-eabi/lib/thumb/v7e-m+fp/hard\libc_nano.a(lib_a-impure.o)
 *(.RamFunc)
 *(.RamFunc*)
                0x0000000020000170                . = ALIGN (0x4)
                0x0000000020000170                _edata = .

.igot.plt       0x0000000020000170        0x0 load address 0x000000000800a620
 .igot.plt      0x0000000020000170        0x0 c:/st/stm32cubeide_1.10.1/stm32cubeide/plugins/com.st.stm32cube.ide.mcu.externaltools.gnu-tools-for-stm32.10.3-2021.10.win32_1.0.0.202111181127/tools/bin/../lib/gcc/arm-none-eabi/10.3.1/thumb/v7e-m+fp/hard/crtbegin.o
                0x0000000020000170                . = ALIGN (0x4)

.bss            0x0000000020000170     0x1a1c load address 0x000000000800a620
                0x0000000020000170                _sbss = .
                0x0000000020000170                __bss_start__ = _sbss
 *(.bss)
 .bss           0x0000000020000170       0x1c c:/st/stm32cubeide_1.10.1/stm32cubeide/plugins/com.st.stm32cube.ide.mcu.externaltools.gnu-tools-for-stm32.10.3-2021.10.win32_1.0.0.202111181127/tools/bin/../lib/gcc/arm-none-eabi/10.3.1/thumb/v7e-m+fp/hard/crtbegin.o
 *(.bss*)
 .bss.__sbrk_heap_end
                0x000000002000018c        0x4 ./Core/Src/sysmem.o
 .bss.uwTick    0x0000000020000190        0x4 ./Drivers/STM32F7xx_HAL_Driver/Src/stm32f7xx_hal.o
                0x0000000020000190                uwTick
 .bss.cfgidx.0  0x0000000020000194        0x1 ./Middlewares/ST/STM32_USB_Device_Library/Core/Src/usbd_ctlreq.o
 *fill*         0x0000000020000195        0x3 
 .bss.hUsbDeviceHS
                0x0000000020000198      0x2dc ./USB_DEVICE/App/usb_device.o
                0x0000000020000198                hUsbDeviceHS
 .bss.UserRxBufferHS
                0x0000000020000474      0x800 ./USB_DEVICE/App/usbd_cdc_if.o
                0x0000000020000474                UserRxBufferHS
 .bss.UserTxBufferHS
                0x0000000020000c74      0x800 ./USB_DEVICE/App/usbd_cdc_if.o
                0x0000000020000c74                UserTxBufferHS
 .bss.USBD_StrDesc
                0x0000000020001474      0x200 ./USB_DEVICE/App/usbd_desc.o
                0x0000000020001474                USBD_StrDesc
 .bss.hpcd_USB_OTG_HS
                0x0000000020001674      0x508 ./USB_DEVICE/Target/usbd_conf.o
                0x0000000020001674                hpcd_USB_OTG_HS
 .bss.__malloc_free_list
                0x0000000020001b7c        0x4 c:/st/stm32cubeide_1.10.1/stm32cubeide/plugins/com.st.stm32cube.ide.mcu.externaltools.gnu-tools-for-stm32.10.3-2021.10.win32_1.0.0.202111181127/tools/bin/../lib/gcc/arm-none-eabi/10.3.1/../../../../arm-none-eabi/lib/thumb/v7e-m+fp/hard\libc_nano.a(lib_a-nano-mallocr.o)
                0x0000000020001b7c                __malloc_free_list
 .bss.__malloc_sbrk_start
                0x0000000020001b80        0x4 c:/st/stm32cubeide_1.10.1/stm32cubeide/plugins/com.st.stm32cube.ide.mcu.externaltools.gnu-tools-for-stm32.10.3-2021.10.win32_1.0.0.202111181127/tools/bin/../lib/gcc/arm-none-eabi/10.3.1/../../../../arm-none-eabi/lib/thumb/v7e-m+fp/hard\libc_nano.a(lib_a-nano-mallocr.o)
                0x0000000020001b80                __malloc_sbrk_start
 .bss.errno     0x0000000020001b84        0x4 c:/st/stm32cubeide_1.10.1/stm32cubeide/plugins/com.st.stm32cube.ide.mcu.externaltools.gnu-tools-for-stm32.10.3-2021.10.win32_1.0.0.202111181127/tools/bin/../lib/gcc/arm-none-eabi/10.3.1/../../../../arm-none-eabi/lib/thumb/v7e-m+fp/hard\libc_nano.a(lib_a-reent.o)
                0x0000000020001b84                errno
 .bss.__lock___malloc_recursive_mutex
                0x0000000020001b88        0x1 c:/st/stm32cubeide_1.10.1/stm32cubeide/plugins/com.st.stm32cube.ide.mcu.externaltools.gnu-tools-for-stm32.10.3-2021.10.win32_1.0.0.202111181127/tools/bin/../lib/gcc/arm-none-eabi/10.3.1/../../../../arm-none-eabi/lib/thumb/v7e-m+fp/hard\libc_nano.a(lib_a-lock.o)
                0x0000000020001b88                __lock___malloc_recursive_mutex
 *(COMMON)
                0x0000000020001b8c                . = ALIGN (0x4)
 *fill*         0x0000000020001b89        0x3 
                0x0000000020001b8c                _ebss = .
                0x0000000020001b8c                __bss_end__ = _ebss

._user_heap_stack
                0x0000000020001b8c      0x604 load address 0x000000000800a620
                0x0000000020001b90                . = ALIGN (0x8)
 *fill*         0x0000000020001b8c        0x4 
                [!provide]                        PROVIDE (end = .)
                0x0000000020001b90                PROVIDE (_end = .)
                0x0000000020001d90                . = (. + _Min_Heap_Size)
 *fill*         0x0000000020001b90      0x200 
                0x0000000020002190                . = (. + _Min_Stack_Size)
 *fill*         0x0000000020001d90      0x400 
                0x0000000020002190                . = ALIGN (0x8)

/DISCARD/
 libc.a(*)
 libm.a(*)
 libgcc.a(*)

.ARM.attributes
                0x0000000000000000       0x30
 *(.ARM.attributes)
 .ARM.attributes
                0x0000000000000000       0x1e c:/st/stm32cubeide_1.10.1/stm32cubeide/plugins/com.st.stm32cube.ide.mcu.externaltools.gnu-tools-for-stm32.10.3-2021.10.win32_1.0.0.202111181127/tools/bin/../lib/gcc/arm-none-eabi/10.3.1/thumb/v7e-m+fp/hard/crti.o
 .ARM.attributes
                0x000000000000001e       0x34 c:/st/stm32cubeide_1.10.1/stm32cubeide/plugins/com.st.stm32cube.ide.mcu.externaltools.gnu-tools-for-stm32.10.3-2021.10.win32_1.0.0.202111181127/tools/bin/../lib/gcc/arm-none-eabi/10.3.1/thumb/v7e-m+fp/hard/crtbegin.o
 .ARM.attributes
                0x0000000000000052       0x34 ./Core/Src/main.o
 .ARM.attributes
                0x0000000000000086       0x34 ./Core/Src/stm32f7xx_hal_msp.o
 .ARM.attributes
                0x00000000000000ba       0x34 ./Core/Src/stm32f7xx_it.o
 .ARM.attributes
                0x00000000000000ee       0x34 ./Core/Src/sysmem.o
 .ARM.attributes
                0x0000000000000122       0x34 ./Core/Src/system_stm32f7xx.o
 .ARM.attributes
                0x0000000000000156       0x21 ./Core/Startup/startup_stm32f750n8hx.o
 .ARM.attributes
                0x0000000000000177       0x34 ./Drivers/STM32F7xx_HAL_Driver/Src/stm32f7xx_hal.o
 .ARM.attributes
                0x00000000000001ab       0x34 ./Drivers/STM32F7xx_HAL_Driver/Src/stm32f7xx_hal_cortex.o
 .ARM.attributes
                0x00000000000001df       0x34 ./Drivers/STM32F7xx_HAL_Driver/Src/stm32f7xx_hal_gpio.o
 .ARM.attributes
                0x0000000000000213       0x34 ./Drivers/STM32F7xx_HAL_Driver/Src/stm32f7xx_hal_pcd.o
 .ARM.attributes
                0x0000000000000247       0x34 ./Drivers/STM32F7xx_HAL_Driver/Src/stm32f7xx_hal_pcd_ex.o
 .ARM.attributes
                0x000000000000027b       0x34 ./Drivers/STM32F7xx_HAL_Driver/Src/stm32f7xx_hal_rcc.o
 .ARM.attributes
                0x00000000000002af       0x34 ./Drivers/STM32F7xx_HAL_Driver/Src/stm32f7xx_ll_usb.o
 .ARM.attributes
                0x00000000000002e3       0x34 ./Middlewares/ST/STM32_USB_Device_Library/Class/CDC/Src/usbd_cdc.o
 .ARM.attributes
                0x0000000000000317       0x34 ./Middlewares/ST/STM32_USB_Device_Library/Core/Src/usbd_core.o
 .ARM.attributes
                0x000000000000034b       0x34 ./Middlewares/ST/STM32_USB_Device_Library/Core/Src/usbd_ctlreq.o
 .ARM.attributes
                0x000000000000037f       0x34 ./Middlewares/ST/STM32_USB_Device_Library/Core/Src/usbd_ioreq.o
 .ARM.attributes
                0x00000000000003b3       0x34 ./USB_DEVICE/App/usb_device.o
 .ARM.attributes
                0x00000000000003e7       0x34 ./USB_DEVICE/App/usbd_cdc_if.o
 .ARM.attributes
                0x000000000000041b       0x34 ./USB_DEVICE/App/usbd_desc.o
 .ARM.attributes
                0x000000000000044f       0x34 ./USB_DEVICE/Target/usbd_conf.o
 .ARM.attributes
                0x0000000000000483       0x34 c:/st/stm32cubeide_1.10.1/stm32cubeide/plugins/com.st.stm32cube.ide.mcu.externaltools.gnu-tools-for-stm32.10.3-2021.10.win32_1.0.0.202111181127/tools/bin/../lib/gcc/arm-none-eabi/10.3.1/../../../../arm-none-eabi/lib/thumb/v7e-m+fp/hard\libc_nano.a(lib_a-errno.o)
 .ARM.attributes
                0x00000000000004b7       0x34 c:/st/stm32cubeide_1.10.1/stm32cubeide/plugins/com.st.stm32cube.ide.mcu.externaltools.gnu-tools-for-stm32.10.3-2021.10.win32_1.0.0.202111181127/tools/bin/../lib/gcc/arm-none-eabi/10.3.1/../../../../arm-none-eabi/lib/thumb/v7e-m+fp/hard\libc_nano.a(lib_a-impure.o)
 .ARM.attributes
                0x00000000000004eb       0x34 c:/st/stm32cubeide_1.10.1/stm32cubeide/plugins/com.st.stm32cube.ide.mcu.externaltools.gnu-tools-for-stm32.10.3-2021.10.win32_1.0.0.202111181127/tools/bin/../lib/gcc/arm-none-eabi/10.3.1/../../../../arm-none-eabi/lib/thumb/v7e-m+fp/hard\libc_nano.a(lib_a-init.o)
 .ARM.attributes
                0x000000000000051f       0x34 c:/st/stm32cubeide_1.10.1/stm32cubeide/plugins/com.st.stm32cube.ide.mcu.externaltools.gnu-tools-for-stm32.10.3-2021.10.win32_1.0.0.202111181127/tools/bin/../lib/gcc/arm-none-eabi/10.3.1/../../../../arm-none-eabi/lib/thumb/v7e-m+fp/hard\libc_nano.a(lib_a-malloc.o)
 .ARM.attributes
                0x0000000000000553       0x34 c:/st/stm32cubeide_1.10.1/stm32cubeide/plugins/com.st.stm32cube.ide.mcu.externaltools.gnu-tools-for-stm32.10.3-2021.10.win32_1.0.0.202111181127/tools/bin/../lib/gcc/arm-none-eabi/10.3.1/../../../../arm-none-eabi/lib/thumb/v7e-m+fp/hard\libc_nano.a(lib_a-memset.o)
 .ARM.attributes
                0x0000000000000587       0x34 c:/st/stm32cubeide_1.10.1/stm32cubeide/plugins/com.st.stm32cube.ide.mcu.externaltools.gnu-tools-for-stm32.10.3-2021.10.win32_1.0.0.202111181127/tools/bin/../lib/gcc/arm-none-eabi/10.3.1/../../../../arm-none-eabi/lib/thumb/v7e-m+fp/hard\libc_nano.a(lib_a-nano-freer.o)
 .ARM.attributes
                0x00000000000005bb       0x34 c:/st/stm32cubeide_1.10.1/stm32cubeide/plugins/com.st.stm32cube.ide.mcu.externaltools.gnu-tools-for-stm32.10.3-2021.10.win32_1.0.0.202111181127/tools/bin/../lib/gcc/arm-none-eabi/10.3.1/../../../../arm-none-eabi/lib/thumb/v7e-m+fp/hard\libc_nano.a(lib_a-nano-mallocr.o)
 .ARM.attributes
                0x00000000000005ef       0x34 c:/st/stm32cubeide_1.10.1/stm32cubeide/plugins/com.st.stm32cube.ide.mcu.externaltools.gnu-tools-for-stm32.10.3-2021.10.win32_1.0.0.202111181127/tools/bin/../lib/gcc/arm-none-eabi/10.3.1/../../../../arm-none-eabi/lib/thumb/v7e-m+fp/hard\libc_nano.a(lib_a-sbrkr.o)
 .ARM.attributes
                0x0000000000000623       0x34 c:/st/stm32cubeide_1.10.1/stm32cubeide/plugins/com.st.stm32cube.ide.mcu.externaltools.gnu-tools-for-stm32.10.3-2021.10.win32_1.0.0.202111181127/tools/bin/../lib/gcc/arm-none-eabi/10.3.1/../../../../arm-none-eabi/lib/thumb/v7e-m+fp/hard\libc_nano.a(lib_a-mlock.o)
 .ARM.attributes
                0x0000000000000657       0x34 c:/st/stm32cubeide_1.10.1/stm32cubeide/plugins/com.st.stm32cube.ide.mcu.externaltools.gnu-tools-for-stm32.10.3-2021.10.win32_1.0.0.202111181127/tools/bin/../lib/gcc/arm-none-eabi/10.3.1/../../../../arm-none-eabi/lib/thumb/v7e-m+fp/hard\libc_nano.a(lib_a-reent.o)
 .ARM.attributes
                0x000000000000068b       0x34 c:/st/stm32cubeide_1.10.1/stm32cubeide/plugins/com.st.stm32cube.ide.mcu.externaltools.gnu-tools-for-stm32.10.3-2021.10.win32_1.0.0.202111181127/tools/bin/../lib/gcc/arm-none-eabi/10.3.1/../../../../arm-none-eabi/lib/thumb/v7e-m+fp/hard\libc_nano.a(lib_a-lock.o)
 .ARM.attributes
                0x00000000000006bf       0x1e c:/st/stm32cubeide_1.10.1/stm32cubeide/plugins/com.st.stm32cube.ide.mcu.externaltools.gnu-tools-for-stm32.10.3-2021.10.win32_1.0.0.202111181127/tools/bin/../lib/gcc/arm-none-eabi/10.3.1/thumb/v7e-m+fp/hard\libgcc.a(_aeabi_uldivmod.o)
 .ARM.attributes
                0x00000000000006dd       0x34 c:/st/stm32cubeide_1.10.1/stm32cubeide/plugins/com.st.stm32cube.ide.mcu.externaltools.gnu-tools-for-stm32.10.3-2021.10.win32_1.0.0.202111181127/tools/bin/../lib/gcc/arm-none-eabi/10.3.1/thumb/v7e-m+fp/hard\libgcc.a(_udivmoddi4.o)
 .ARM.attributes
                0x0000000000000711       0x1e c:/st/stm32cubeide_1.10.1/stm32cubeide/plugins/com.st.stm32cube.ide.mcu.externaltools.gnu-tools-for-stm32.10.3-2021.10.win32_1.0.0.202111181127/tools/bin/../lib/gcc/arm-none-eabi/10.3.1/thumb/v7e-m+fp/hard\libgcc.a(_dvmd_tls.o)
 .ARM.attributes
                0x000000000000072f       0x1e c:/st/stm32cubeide_1.10.1/stm32cubeide/plugins/com.st.stm32cube.ide.mcu.externaltools.gnu-tools-for-stm32.10.3-2021.10.win32_1.0.0.202111181127/tools/bin/../lib/gcc/arm-none-eabi/10.3.1/thumb/v7e-m+fp/hard/crtn.o
OUTPUT(F750-DK_USBHS.elf elf32-littlearm)
LOAD linker stubs
LOAD c:/st/stm32cubeide_1.10.1/stm32cubeide/plugins/com.st.stm32cube.ide.mcu.externaltools.gnu-tools-for-stm32.10.3-2021.10.win32_1.0.0.202111181127/tools/bin/../lib/gcc/arm-none-eabi/10.3.1/../../../../arm-none-eabi/lib/thumb/v7e-m+fp/hard\libc.a
LOAD c:/st/stm32cubeide_1.10.1/stm32cubeide/plugins/com.st.stm32cube.ide.mcu.externaltools.gnu-tools-for-stm32.10.3-2021.10.win32_1.0.0.202111181127/tools/bin/../lib/gcc/arm-none-eabi/10.3.1/../../../../arm-none-eabi/lib/thumb/v7e-m+fp/hard\libm.a
LOAD c:/st/stm32cubeide_1.10.1/stm32cubeide/plugins/com.st.stm32cube.ide.mcu.externaltools.gnu-tools-for-stm32.10.3-2021.10.win32_1.0.0.202111181127/tools/bin/../lib/gcc/arm-none-eabi/10.3.1/thumb/v7e-m+fp/hard\libgcc.a

.debug_info     0x0000000000000000     0xecd5
 .debug_info    0x0000000000000000      0x8b4 ./Core/Src/main.o
 .debug_info    0x00000000000008b4      0x2d2 ./Core/Src/stm32f7xx_hal_msp.o
 .debug_info    0x0000000000000b86      0x6a6 ./Core/Src/stm32f7xx_it.o
 .debug_info    0x000000000000122c      0x171 ./Core/Src/sysmem.o
 .debug_info    0x000000000000139d      0x72c ./Core/Src/system_stm32f7xx.o
 .debug_info    0x0000000000001ac9       0x22 ./Core/Startup/startup_stm32f750n8hx.o
 .debug_info    0x0000000000001aeb      0xa12 ./Drivers/STM32F7xx_HAL_Driver/Src/stm32f7xx_hal.o
 .debug_info    0x00000000000024fd     0x1060 ./Drivers/STM32F7xx_HAL_Driver/Src/stm32f7xx_hal_cortex.o
 .debug_info    0x000000000000355d      0x794 ./Drivers/STM32F7xx_HAL_Driver/Src/stm32f7xx_hal_gpio.o
 .debug_info    0x0000000000003cf1     0x16c1 ./Drivers/STM32F7xx_HAL_Driver/Src/stm32f7xx_hal_pcd.o
 .debug_info    0x00000000000053b2      0x7df ./Drivers/STM32F7xx_HAL_Driver/Src/stm32f7xx_hal_pcd_ex.o
 .debug_info    0x0000000000005b91      0x99c ./Drivers/STM32F7xx_HAL_Driver/Src/stm32f7xx_hal_rcc.o
 .debug_info    0x000000000000652d     0x1b65 ./Drivers/STM32F7xx_HAL_Driver/Src/stm32f7xx_ll_usb.o
 .debug_info    0x0000000000008092     0x1370 ./Middlewares/ST/STM32_USB_Device_Library/Class/CDC/Src/usbd_cdc.o
 .debug_info    0x0000000000009402      0xef5 ./Middlewares/ST/STM32_USB_Device_Library/Core/Src/usbd_core.o
 .debug_info    0x000000000000a2f7      0xb8d ./Middlewares/ST/STM32_USB_Device_Library/Core/Src/usbd_ctlreq.o
 .debug_info    0x000000000000ae84      0x7e8 ./Middlewares/ST/STM32_USB_Device_Library/Core/Src/usbd_ioreq.o
 .debug_info    0x000000000000b66c      0x778 ./USB_DEVICE/App/usb_device.o
 .debug_info    0x000000000000bde4      0x97d ./USB_DEVICE/App/usbd_cdc_if.o
 .debug_info    0x000000000000c761      0x505 ./USB_DEVICE/App/usbd_desc.o
 .debug_info    0x000000000000cc66     0x206f ./USB_DEVICE/Target/usbd_conf.o

.debug_abbrev   0x0000000000000000     0x2918
 .debug_abbrev  0x0000000000000000      0x22e ./Core/Src/main.o
 .debug_abbrev  0x000000000000022e       0xd4 ./Core/Src/stm32f7xx_hal_msp.o
 .debug_abbrev  0x0000000000000302      0x199 ./Core/Src/stm32f7xx_it.o
 .debug_abbrev  0x000000000000049b       0xbb ./Core/Src/sysmem.o
 .debug_abbrev  0x0000000000000556      0x136 ./Core/Src/system_stm32f7xx.o
 .debug_abbrev  0x000000000000068c       0x12 ./Core/Startup/startup_stm32f750n8hx.o
 .debug_abbrev  0x000000000000069e      0x20d ./Drivers/STM32F7xx_HAL_Driver/Src/stm32f7xx_hal.o
 .debug_abbrev  0x00000000000008ab      0x316 ./Drivers/STM32F7xx_HAL_Driver/Src/stm32f7xx_hal_cortex.o
 .debug_abbrev  0x0000000000000bc1      0x1c4 ./Drivers/STM32F7xx_HAL_Driver/Src/stm32f7xx_hal_gpio.o
 .debug_abbrev  0x0000000000000d85      0x2d2 ./Drivers/STM32F7xx_HAL_Driver/Src/stm32f7xx_hal_pcd.o
 .debug_abbrev  0x0000000000001057      0x1bd ./Drivers/STM32F7xx_HAL_Driver/Src/stm32f7xx_hal_pcd_ex.o
 .debug_abbrev  0x0000000000001214      0x27b ./Drivers/STM32F7xx_HAL_Driver/Src/stm32f7xx_hal_rcc.o
 .debug_abbrev  0x000000000000148f      0x278 ./Drivers/STM32F7xx_HAL_Driver/Src/stm32f7xx_ll_usb.o
 .debug_abbrev  0x0000000000001707      0x2be ./Middlewares/ST/STM32_USB_Device_Library/Class/CDC/Src/usbd_cdc.o
 .debug_abbrev  0x00000000000019c5      0x263 ./Middlewares/ST/STM32_USB_Device_Library/Core/Src/usbd_core.o
 .debug_abbrev  0x0000000000001c28      0x25c ./Middlewares/ST/STM32_USB_Device_Library/Core/Src/usbd_ctlreq.o
 .debug_abbrev  0x0000000000001e84      0x18a ./Middlewares/ST/STM32_USB_Device_Library/Core/Src/usbd_ioreq.o
 .debug_abbrev  0x000000000000200e      0x18a ./USB_DEVICE/App/usb_device.o
 .debug_abbrev  0x0000000000002198      0x290 ./USB_DEVICE/App/usbd_cdc_if.o
 .debug_abbrev  0x0000000000002428      0x1da ./USB_DEVICE/App/usbd_desc.o
 .debug_abbrev  0x0000000000002602      0x316 ./USB_DEVICE/Target/usbd_conf.o

.debug_aranges  0x0000000000000000      0xb88
 .debug_aranges
                0x0000000000000000       0x38 ./Core/Src/main.o
 .debug_aranges
                0x0000000000000038       0x20 ./Core/Src/stm32f7xx_hal_msp.o
 .debug_aranges
                0x0000000000000058       0x68 ./Core/Src/stm32f7xx_it.o
 .debug_aranges
                0x00000000000000c0       0x20 ./Core/Src/sysmem.o
 .debug_aranges
                0x00000000000000e0       0x28 ./Core/Src/system_stm32f7xx.o
 .debug_aranges
                0x0000000000000108       0x28 ./Core/Startup/startup_stm32f750n8hx.o
 .debug_aranges
                0x0000000000000130      0x100 ./Drivers/STM32F7xx_HAL_Driver/Src/stm32f7xx_hal.o
 .debug_aranges
                0x0000000000000230      0x118 ./Drivers/STM32F7xx_HAL_Driver/Src/stm32f7xx_hal_cortex.o
 .debug_aranges
                0x0000000000000348       0x58 ./Drivers/STM32F7xx_HAL_Driver/Src/stm32f7xx_hal_gpio.o
 .debug_aranges
                0x00000000000003a0      0x148 ./Drivers/STM32F7xx_HAL_Driver/Src/stm32f7xx_hal_pcd.o
 .debug_aranges
                0x00000000000004e8       0x48 ./Drivers/STM32F7xx_HAL_Driver/Src/stm32f7xx_hal_pcd_ex.o
 .debug_aranges
                0x0000000000000530       0x88 ./Drivers/STM32F7xx_HAL_Driver/Src/stm32f7xx_hal_rcc.o
 .debug_aranges
                0x00000000000005b8      0x1a8 ./Drivers/STM32F7xx_HAL_Driver/Src/stm32f7xx_ll_usb.o
 .debug_aranges
                0x0000000000000760       0x90 ./Middlewares/ST/STM32_USB_Device_Library/Class/CDC/Src/usbd_cdc.o
 .debug_aranges
                0x00000000000007f0       0xd8 ./Middlewares/ST/STM32_USB_Device_Library/Core/Src/usbd_core.o
 .debug_aranges
                0x00000000000008c8       0x90 ./Middlewares/ST/STM32_USB_Device_Library/Core/Src/usbd_ctlreq.o
 .debug_aranges
                0x0000000000000958       0x50 ./Middlewares/ST/STM32_USB_Device_Library/Core/Src/usbd_ioreq.o
 .debug_aranges
                0x00000000000009a8       0x20 ./USB_DEVICE/App/usb_device.o
 .debug_aranges
                0x00000000000009c8       0x48 ./USB_DEVICE/App/usbd_cdc_if.o
 .debug_aranges
                0x0000000000000a10       0x68 ./USB_DEVICE/App/usbd_desc.o
 .debug_aranges
                0x0000000000000a78      0x110 ./USB_DEVICE/Target/usbd_conf.o

.debug_ranges   0x0000000000000000      0xa40
 .debug_ranges  0x0000000000000000       0x28 ./Core/Src/main.o
 .debug_ranges  0x0000000000000028       0x10 ./Core/Src/stm32f7xx_hal_msp.o
 .debug_ranges  0x0000000000000038       0x58 ./Core/Src/stm32f7xx_it.o
 .debug_ranges  0x0000000000000090       0x10 ./Core/Src/sysmem.o
 .debug_ranges  0x00000000000000a0       0x18 ./Core/Src/system_stm32f7xx.o
 .debug_ranges  0x00000000000000b8       0x20 ./Core/Startup/startup_stm32f750n8hx.o
 .debug_ranges  0x00000000000000d8       0xf0 ./Drivers/STM32F7xx_HAL_Driver/Src/stm32f7xx_hal.o
 .debug_ranges  0x00000000000001c8      0x108 ./Drivers/STM32F7xx_HAL_Driver/Src/stm32f7xx_hal_cortex.o
 .debug_ranges  0x00000000000002d0       0x48 ./Drivers/STM32F7xx_HAL_Driver/Src/stm32f7xx_hal_gpio.o
 .debug_ranges  0x0000000000000318      0x138 ./Drivers/STM32F7xx_HAL_Driver/Src/stm32f7xx_hal_pcd.o
 .debug_ranges  0x0000000000000450       0x38 ./Drivers/STM32F7xx_HAL_Driver/Src/stm32f7xx_hal_pcd_ex.o
 .debug_ranges  0x0000000000000488       0x78 ./Drivers/STM32F7xx_HAL_Driver/Src/stm32f7xx_hal_rcc.o
 .debug_ranges  0x0000000000000500      0x198 ./Drivers/STM32F7xx_HAL_Driver/Src/stm32f7xx_ll_usb.o
 .debug_ranges  0x0000000000000698       0x80 ./Middlewares/ST/STM32_USB_Device_Library/Class/CDC/Src/usbd_cdc.o
 .debug_ranges  0x0000000000000718       0xc8 ./Middlewares/ST/STM32_USB_Device_Library/Core/Src/usbd_core.o
 .debug_ranges  0x00000000000007e0       0x80 ./Middlewares/ST/STM32_USB_Device_Library/Core/Src/usbd_ctlreq.o
 .debug_ranges  0x0000000000000860       0x40 ./Middlewares/ST/STM32_USB_Device_Library/Core/Src/usbd_ioreq.o
 .debug_ranges  0x00000000000008a0       0x10 ./USB_DEVICE/App/usb_device.o
 .debug_ranges  0x00000000000008b0       0x38 ./USB_DEVICE/App/usbd_cdc_if.o
 .debug_ranges  0x00000000000008e8       0x58 ./USB_DEVICE/App/usbd_desc.o
 .debug_ranges  0x0000000000000940      0x100 ./USB_DEVICE/Target/usbd_conf.o

.debug_macro    0x0000000000000000    0x28f2e
 .debug_macro   0x0000000000000000      0x423 ./Core/Src/main.o
 .debug_macro   0x0000000000000423      0xa78 ./Core/Src/main.o
 .debug_macro   0x0000000000000e9b      0x28d ./Core/Src/main.o
 .debug_macro   0x0000000000001128       0x2e ./Core/Src/main.o
 .debug_macro   0x0000000000001156       0x3b ./Core/Src/main.o
 .debug_macro   0x0000000000001191       0x22 ./Core/Src/main.o
 .debug_macro   0x00000000000011b3       0x8e ./Core/Src/main.o
 .debug_macro   0x0000000000001241       0x51 ./Core/Src/main.o
 .debug_macro   0x0000000000001292      0x103 ./Core/Src/main.o
 .debug_macro   0x0000000000001395       0x6a ./Core/Src/main.o
 .debug_macro   0x00000000000013ff      0x1df ./Core/Src/main.o
 .debug_macro   0x00000000000015de       0x1c ./Core/Src/main.o
 .debug_macro   0x00000000000015fa       0x22 ./Core/Src/main.o
 .debug_macro   0x000000000000161c       0xd9 ./Core/Src/main.o
 .debug_macro   0x00000000000016f5     0x12cd ./Core/Src/main.o
 .debug_macro   0x00000000000029c2      0x11f ./Core/Src/main.o
 .debug_macro   0x0000000000002ae1       0x19 ./Core/Src/main.o
 .debug_macro   0x0000000000002afa    0x19864 ./Core/Src/main.o
 .debug_macro   0x000000000001c35e       0x6d ./Core/Src/main.o
 .debug_macro   0x000000000001c3cb     0x3749 ./Core/Src/main.o
 .debug_macro   0x000000000001fb14      0x174 ./Core/Src/main.o
 .debug_macro   0x000000000001fc88       0x63 ./Core/Src/main.o
 .debug_macro   0x000000000001fceb     0x1939 ./Core/Src/main.o
 .debug_macro   0x0000000000021624      0x6c4 ./Core/Src/main.o
 .debug_macro   0x0000000000021ce8      0x185 ./Core/Src/main.o
 .debug_macro   0x0000000000021e6d      0x115 ./Core/Src/main.o
 .debug_macro   0x0000000000021f82      0x1fd ./Core/Src/main.o
 .debug_macro   0x000000000002217f       0xa5 ./Core/Src/main.o
 .debug_macro   0x0000000000022224      0x24f ./Core/Src/main.o
 .debug_macro   0x0000000000022473       0x41 ./Core/Src/main.o
 .debug_macro   0x00000000000224b4       0x58 ./Core/Src/main.o
 .debug_macro   0x000000000002250c      0x236 ./Core/Src/main.o
 .debug_macro   0x0000000000022742      0x124 ./Core/Src/main.o
 .debug_macro   0x0000000000022866      0x230 ./Core/Src/main.o
 .debug_macro   0x0000000000022a96       0x12 ./Core/Src/main.o
 .debug_macro   0x0000000000022aa8      0x22c ./Core/Src/main.o
 .debug_macro   0x0000000000022cd4       0x61 ./Core/Src/main.o
 .debug_macro   0x0000000000022d35       0xa5 ./Core/Src/main.o
 .debug_macro   0x0000000000022dda      0x12e ./Core/Src/main.o
 .debug_macro   0x0000000000022f08      0x108 ./Core/Src/main.o
 .debug_macro   0x0000000000023010       0x35 ./Core/Src/main.o
 .debug_macro   0x0000000000023045      0x256 ./Core/Src/main.o
 .debug_macro   0x000000000002329b       0xba ./Core/Src/main.o
 .debug_macro   0x0000000000023355      0x14d ./Core/Src/main.o
 .debug_macro   0x00000000000234a2      0x89c ./Core/Src/main.o
 .debug_macro   0x0000000000023d3e       0x52 ./Core/Src/main.o
 .debug_macro   0x0000000000023d90       0x1e ./Core/Src/main.o
 .debug_macro   0x0000000000023dae       0x3c ./Core/Src/main.o
 .debug_macro   0x0000000000023dea       0x34 ./Core/Src/main.o
 .debug_macro   0x0000000000023e1e       0x16 ./Core/Src/main.o
 .debug_macro   0x0000000000023e34       0x35 ./Core/Src/main.o
 .debug_macro   0x0000000000023e69      0x341 ./Core/Src/main.o
 .debug_macro   0x00000000000241aa       0x10 ./Core/Src/main.o
 .debug_macro   0x00000000000241ba       0x16 ./Core/Src/main.o
 .debug_macro   0x00000000000241d0       0x43 ./Core/Src/main.o
 .debug_macro   0x0000000000024213       0x34 ./Core/Src/main.o
 .debug_macro   0x0000000000024247       0x10 ./Core/Src/main.o
 .debug_macro   0x0000000000024257       0x58 ./Core/Src/main.o
 .debug_macro   0x00000000000242af       0x71 ./Core/Src/main.o
 .debug_macro   0x0000000000024320       0x1c ./Core/Src/main.o
 .debug_macro   0x000000000002433c      0x12a ./Core/Src/main.o
 .debug_macro   0x0000000000024466       0x10 ./Core/Src/main.o
 .debug_macro   0x0000000000024476       0x1c ./Core/Src/main.o
 .debug_macro   0x0000000000024492       0x52 ./Core/Src/main.o
 .debug_macro   0x00000000000244e4       0x22 ./Core/Src/main.o
 .debug_macro   0x0000000000024506       0x10 ./Core/Src/main.o
 .debug_macro   0x0000000000024516       0x52 ./Core/Src/main.o
 .debug_macro   0x0000000000024568       0xd5 ./Core/Src/main.o
 .debug_macro   0x000000000002463d       0x1c ./Core/Src/main.o
 .debug_macro   0x0000000000024659       0x3d ./Core/Src/main.o
 .debug_macro   0x0000000000024696       0x16 ./Core/Src/main.o
 .debug_macro   0x00000000000246ac      0x145 ./Core/Src/main.o
 .debug_macro   0x00000000000247f1       0x16 ./Core/Src/main.o
 .debug_macro   0x0000000000024807       0x16 ./Core/Src/main.o
 .debug_macro   0x000000000002481d       0x29 ./Core/Src/main.o
 .debug_macro   0x0000000000024846       0x16 ./Core/Src/main.o
 .debug_macro   0x000000000002485c       0x20 ./Core/Src/main.o
 .debug_macro   0x000000000002487c       0x65 ./Core/Src/main.o
 .debug_macro   0x00000000000248e1      0x20f ./Core/Src/main.o
 .debug_macro   0x0000000000024af0       0x95 ./Core/Src/main.o
 .debug_macro   0x0000000000024b85       0x10 ./Core/Src/main.o
 .debug_macro   0x0000000000024b95      0x1ee ./Core/Src/stm32f7xx_hal_msp.o
 .debug_macro   0x0000000000024d83      0x1f8 ./Core/Src/stm32f7xx_it.o
 .debug_macro   0x0000000000024f7b       0xff ./Core/Src/sysmem.o
 .debug_macro   0x000000000002507a      0x23b ./Core/Src/sysmem.o
 .debug_macro   0x00000000000252b5      0x1df ./Core/Src/system_stm32f7xx.o
 .debug_macro   0x0000000000025494      0x203 ./Drivers/STM32F7xx_HAL_Driver/Src/stm32f7xx_hal.o
 .debug_macro   0x0000000000025697      0x1df ./Drivers/STM32F7xx_HAL_Driver/Src/stm32f7xx_hal_cortex.o
 .debug_macro   0x0000000000025876      0x1e5 ./Drivers/STM32F7xx_HAL_Driver/Src/stm32f7xx_hal_gpio.o
 .debug_macro   0x0000000000025a5b      0x1eb ./Drivers/STM32F7xx_HAL_Driver/Src/stm32f7xx_hal_pcd.o
 .debug_macro   0x0000000000025c46      0x1df ./Drivers/STM32F7xx_HAL_Driver/Src/stm32f7xx_hal_pcd_ex.o
 .debug_macro   0x0000000000025e25      0x203 ./Drivers/STM32F7xx_HAL_Driver/Src/stm32f7xx_hal_rcc.o
 .debug_macro   0x0000000000026028      0x1df ./Drivers/STM32F7xx_HAL_Driver/Src/stm32f7xx_ll_usb.o
 .debug_macro   0x0000000000026207      0x404 ./Middlewares/ST/STM32_USB_Device_Library/Class/CDC/Src/usbd_cdc.o
 .debug_macro   0x000000000002660b       0x97 ./Middlewares/ST/STM32_USB_Device_Library/Class/CDC/Src/usbd_cdc.o
 .debug_macro   0x00000000000266a2       0xfd ./Middlewares/ST/STM32_USB_Device_Library/Class/CDC/Src/usbd_cdc.o
 .debug_macro   0x000000000002679f       0x5d ./Middlewares/ST/STM32_USB_Device_Library/Class/CDC/Src/usbd_cdc.o
 .debug_macro   0x00000000000267fc      0x3eb ./Middlewares/ST/STM32_USB_Device_Library/Core/Src/usbd_core.o
 .debug_macro   0x0000000000026be7      0x215 ./Middlewares/ST/STM32_USB_Device_Library/Core/Src/usbd_core.o
 .debug_macro   0x0000000000026dfc      0x3f5 ./Middlewares/ST/STM32_USB_Device_Library/Core/Src/usbd_ctlreq.o
 .debug_macro   0x00000000000271f1      0x3f1 ./Middlewares/ST/STM32_USB_Device_Library/Core/Src/usbd_ioreq.o
 .debug_macro   0x00000000000275e2      0x424 ./USB_DEVICE/App/usb_device.o
 .debug_macro   0x0000000000027a06      0x8a2 ./USB_DEVICE/App/usb_device.o
 .debug_macro   0x00000000000282a8       0x22 ./USB_DEVICE/App/usb_device.o
 .debug_macro   0x00000000000282ca       0x16 ./USB_DEVICE/App/usb_device.o
 .debug_macro   0x00000000000282e0      0x40f ./USB_DEVICE/App/usbd_cdc_if.o
 .debug_macro   0x00000000000286ef      0x42e ./USB_DEVICE/App/usbd_desc.o
 .debug_macro   0x0000000000028b1d       0x1c ./USB_DEVICE/App/usbd_desc.o
 .debug_macro   0x0000000000028b39      0x3f5 ./USB_DEVICE/Target/usbd_conf.o

.debug_line     0x0000000000000000     0xf73d
 .debug_line    0x0000000000000000      0xe02 ./Core/Src/main.o
 .debug_line    0x0000000000000e02      0x6c9 ./Core/Src/stm32f7xx_hal_msp.o
 .debug_line    0x00000000000014cb      0x7a4 ./Core/Src/stm32f7xx_it.o
 .debug_line    0x0000000000001c6f      0x4ea ./Core/Src/sysmem.o
 .debug_line    0x0000000000002159      0x749 ./Core/Src/system_stm32f7xx.o
 .debug_line    0x00000000000028a2       0x88 ./Core/Startup/startup_stm32f750n8hx.o
 .debug_line    0x000000000000292a      0x9da ./Drivers/STM32F7xx_HAL_Driver/Src/stm32f7xx_hal.o
 .debug_line    0x0000000000003304      0xc60 ./Drivers/STM32F7xx_HAL_Driver/Src/stm32f7xx_hal_cortex.o
 .debug_line    0x0000000000003f64      0xb4e ./Drivers/STM32F7xx_HAL_Driver/Src/stm32f7xx_hal_gpio.o
 .debug_line    0x0000000000004ab2     0x1425 ./Drivers/STM32F7xx_HAL_Driver/Src/stm32f7xx_hal_pcd.o
 .debug_line    0x0000000000005ed7      0x7db ./Drivers/STM32F7xx_HAL_Driver/Src/stm32f7xx_hal_pcd_ex.o
 .debug_line    0x00000000000066b2      0xe1b ./Drivers/STM32F7xx_HAL_Driver/Src/stm32f7xx_hal_rcc.o
 .debug_line    0x00000000000074cd     0x1a92 ./Drivers/STM32F7xx_HAL_Driver/Src/stm32f7xx_ll_usb.o
 .debug_line    0x0000000000008f5f      0xed6 ./Middlewares/ST/STM32_USB_Device_Library/Class/CDC/Src/usbd_cdc.o
 .debug_line    0x0000000000009e35      0xf56 ./Middlewares/ST/STM32_USB_Device_Library/Core/Src/usbd_core.o
 .debug_line    0x000000000000ad8b     0x1147 ./Middlewares/ST/STM32_USB_Device_Library/Core/Src/usbd_ctlreq.o
 .debug_line    0x000000000000bed2      0xa6e ./Middlewares/ST/STM32_USB_Device_Library/Core/Src/usbd_ioreq.o
 .debug_line    0x000000000000c940      0xa2a ./USB_DEVICE/App/usb_device.o
 .debug_line    0x000000000000d36a      0xa8d ./USB_DEVICE/App/usbd_cdc_if.o
 .debug_line    0x000000000000ddf7      0xb0e ./USB_DEVICE/App/usbd_desc.o
 .debug_line    0x000000000000e905      0xe38 ./USB_DEVICE/Target/usbd_conf.o

.debug_str      0x0000000000000000    0xe8d63
 .debug_str     0x0000000000000000    0xe5322 ./Core/Src/main.o
                                      0xe5a66 (size before relaxing)
 .debug_str     0x00000000000e5322       0x2c ./Core/Src/stm32f7xx_hal_msp.o
                                      0xe0b5e (size before relaxing)
 .debug_str     0x00000000000e534e      0x49e ./Core/Src/stm32f7xx_it.o
                                      0xe0efd (size before relaxing)
 .debug_str     0x00000000000e57ec      0x4da ./Core/Src/sysmem.o
                                       0x5db8 (size before relaxing)
 .debug_str     0x00000000000e5cc6      0x1a4 ./Core/Src/system_stm32f7xx.o
                                      0xded50 (size before relaxing)
 .debug_str     0x00000000000e5e6a       0x36 ./Core/Startup/startup_stm32f750n8hx.o
                                         0x78 (size before relaxing)
 .debug_str     0x00000000000e5ea0      0x9c3 ./Drivers/STM32F7xx_HAL_Driver/Src/stm32f7xx_hal.o